#
# There is insufficient memory for the Java Runtime Environment to continue.
# Native memory allocation (malloc) failed to allocate 12600664 bytes. Error detail: Chunk::new
# Possible reasons:
#   The system is out of physical RAM or swap space
#   This process is running with CompressedOops enabled, and the Java Heap may be blocking the growth of the native heap
# Possible solutions:
#   Reduce memory load on the system
#   Increase physical memory or swap space
#   Check if swap backing store is full
#   Decrease Java heap size (-Xmx/-Xms)
#   Decrease number of Java threads
#   Decrease Java thread stack sizes (-Xss)
#   Set larger code cache with -XX:ReservedCodeCacheSize=
#   JVM is running with Unscaled Compressed Oops mode in which the Java heap is
#     placed in the first 4GB address space. The Java Heap base address is the
#     maximum limit for the native heap growth. Please use -XX:HeapBaseMinAddress
#     to set the Java Heap base and to place the Java Heap above 4GB virtual address.
# This output file may be truncated or incomplete.
#
#  Out of Memory Error (arena.cpp:186), pid=18856, tid=18832
#
# JRE version: OpenJDK Runtime Environment Temurin-25.0.2+10 (25.0.2+10) (build 25.0.2+10-LTS)
# Java VM: OpenJDK 64-Bit Server VM Temurin-25.0.2+10 (25.0.2+10-LTS, mixed mode, sharing, tiered, compressed oops, compressed class ptrs, g1 gc, windows-amd64)
# No core dump will be written. Minidumps are not enabled by default on client versions of Windows
#

---------------  S U M M A R Y ------------

Command Line: -Xms64m -Xmx256m -XX:MaxMetaspaceSize=128m -Dclassworlds.conf=C:\Users\felli\.m2\wrapper\dists\apache-maven-3.9.14\ed7edd442f634ac1c1ef5ba2b61b6d690b5221091f1a8e1123f5fadcc967520d\bin\m2.conf -Dmaven.home=C:\Users\felli\.m2\wrapper\dists\apache-maven-3.9.14\ed7edd442f634ac1c1ef5ba2b61b6d690b5221091f1a8e1123f5fadcc967520d -Dlibrary.jansi.path=C:\Users\felli\.m2\wrapper\dists\apache-maven-3.9.14\ed7edd442f634ac1c1ef5ba2b61b6d690b5221091f1a8e1123f5fadcc967520d\lib\jansi-native -Dmaven.multiModuleProjectDirectory=C:\Users\felli\Desktop\arbor org.codehaus.plexus.classworlds.launcher.Launcher -q -DskipTests=false test

Host: AMD Ryzen 5 5500                               , 12 cores, 15G,  Windows 10 , 64 bit Build 19041 (10.0.19041.5915)
Time: Thu May 14 14:13:27 2026 Hora oficial do Brasil elapsed time: 4.878820 seconds (0d 0h 0m 4s)

---------------  T H R E A D  ---------------

Current thread (0x0000018a0f56f850):  JavaThread "C2 CompilerThread1" daemon [_thread_in_native, id=18832, stack(0x0000008617700000,0x0000008617800000) (1024K)]


Current CompileTask:
C2:4878 6450       4       jdk.internal.classfile.impl.StackMapGenerator::processBlock (2767 bytes)

Stack: [0x0000008617700000,0x0000008617800000]
Native frames: (J=compiled Java code, j=interpreted, Vv=VM code, C=native code)
V  [jvm.dll+0x7a8bc9]  (no source info available)
V  [jvm.dll+0x77310d]  (no source info available)
V  [jvm.dll+0x9f55f3]  (no source info available)
V  [jvm.dll+0x9f7be1]  (no source info available)
V  [jvm.dll+0x9f82f3]  (no source info available)
V  [jvm.dll+0x2fce26]  (no source info available)
V  [jvm.dll+0x111076]  (no source info available)
V  [jvm.dll+0x11139e]  (no source info available)
V  [jvm.dll+0x19fff2]  (no source info available)
V  [jvm.dll+0x3b5f62]  (no source info available)
V  [jvm.dll+0x7ae53c]  (no source info available)
V  [jvm.dll+0x2c0407]  (no source info available)
V  [jvm.dll+0x2bf3cf]  (no source info available)
V  [jvm.dll+0x237140]  (no source info available)
V  [jvm.dll+0x2cf4c6]  (no source info available)
V  [jvm.dll+0x2cd74a]  (no source info available)
V  [jvm.dll+0x48fbee]  (no source info available)
V  [jvm.dll+0x996b0d]  (no source info available)
V  [jvm.dll+0x7a71a5]  (no source info available)
C  [ucrtbase.dll+0x21bb2]  (no source info available)
C  [KERNEL32.DLL+0x17374]  (no source info available)
C  [ntdll.dll+0x4cc91]  (no source info available)

Lock stack of current Java thread (top to bottom):


---------------  P R O C E S S  ---------------

Threads class SMR info:
_java_thread_list=0x0000018a174c4910, length=14, elements={
0x0000018a720804e0, 0x0000018a74554a40, 0x0000018a745554a0, 0x0000018a745579d0,
0x0000018a7455b080, 0x0000018a74563c50, 0x0000018a74564810, 0x0000018a0f5720a0,
0x0000018a0f575100, 0x0000018a0f62e530, 0x0000018a0f6334e0, 0x0000018a0f56f850,
0x0000018a0f570060, 0x0000018a14f23f10
}

Java Threads: ( => current thread )
  0x0000018a720804e0 JavaThread "main"                              [_thread_in_Java, id=17204, stack(0x0000008616500000,0x0000008616600000) (1024K)]
  0x0000018a74554a40 JavaThread "Reference Handler"          daemon [_thread_blocked, id=15200, stack(0x0000008616d00000,0x0000008616e00000) (1024K)]
  0x0000018a745554a0 JavaThread "Finalizer"                  daemon [_thread_blocked, id=7300, stack(0x0000008616e00000,0x0000008616f00000) (1024K)]
  0x0000018a745579d0 JavaThread "Signal Dispatcher"          daemon [_thread_blocked, id=968, stack(0x0000008616f00000,0x0000008617000000) (1024K)]
  0x0000018a7455b080 JavaThread "Attach Listener"            daemon [_thread_blocked, id=19760, stack(0x0000008617000000,0x0000008617100000) (1024K)]
  0x0000018a74563c50 JavaThread "Service Thread"             daemon [_thread_blocked, id=10388, stack(0x0000008617100000,0x0000008617200000) (1024K)]
  0x0000018a74564810 JavaThread "Monitor Deflation Thread"   daemon [_thread_blocked, id=13364, stack(0x0000008617200000,0x0000008617300000) (1024K)]
  0x0000018a0f5720a0 JavaThread "C2 CompilerThread0"         daemon [_thread_blocked, id=16140, stack(0x0000008617300000,0x0000008617400000) (1024K)]
  0x0000018a0f575100 JavaThread "C1 CompilerThread0"         daemon [_thread_blocked, id=3236, stack(0x0000008617400000,0x0000008617500000) (1024K)]
  0x0000018a0f62e530 JavaThread "Notification Thread"        daemon [_thread_blocked, id=18660, stack(0x0000008617500000,0x0000008617600000) (1024K)]
  0x0000018a0f6334e0 JavaThread "Common-Cleaner"             daemon [_thread_blocked, id=5932, stack(0x0000008617600000,0x0000008617700000) (1024K)]
=>0x0000018a0f56f850 JavaThread "C2 CompilerThread1"         daemon [_thread_in_native, id=18832, stack(0x0000008617700000,0x0000008617800000) (1024K)]
  0x0000018a0f570060 JavaThread "C2 CompilerThread2"         daemon [_thread_blocked, id=20784, stack(0x0000008617800000,0x0000008617900000) (1024K)]
  0x0000018a14f23f10 JavaThread "background-preinit"                [_thread_in_vm, id=8468, stack(0x0000008618400000,0x0000008618500000) (1024K)]
Total: 14

Other Threads:
  0x0000018a74543d40 VMThread "VM Thread"                           [id=19804, stack(0x0000008616c00000,0x0000008616d00000) (1024K)]
  0x0000018a745379e0 WatcherThread "VM Periodic Task Thread"        [id=13640, stack(0x0000008616b00000,0x0000008616c00000) (1024K)]
  0x0000018a744c9770 WorkerThread "GC Thread#0"                     [id=7796, stack(0x0000008616600000,0x0000008616700000) (1024K)]
  0x0000018a14b523a0 WorkerThread "GC Thread#1"                     [id=5476, stack(0x0000008617900000,0x0000008617a00000) (1024K)]
  0x0000018a14ccde40 WorkerThread "GC Thread#2"                     [id=2712, stack(0x0000008617a00000,0x0000008617b00000) (1024K)]
  0x0000018a14cce270 WorkerThread "GC Thread#3"                     [id=1672, stack(0x0000008617b00000,0x0000008617c00000) (1024K)]
  0x0000018a142ce020 WorkerThread "GC Thread#4"                     [id=17416, stack(0x0000008617c00000,0x0000008617d00000) (1024K)]
  0x0000018a142ce8c0 WorkerThread "GC Thread#5"                     [id=20528, stack(0x0000008617d00000,0x0000008617e00000) (1024K)]
  0x0000018a14f19770 WorkerThread "GC Thread#6"                     [id=2444, stack(0x0000008617e00000,0x0000008617f00000) (1024K)]
  0x0000018a14f1b5a0 WorkerThread "GC Thread#7"                     [id=14792, stack(0x0000008617f00000,0x0000008618000000) (1024K)]
  0x0000018a14f18ed0 WorkerThread "GC Thread#8"                     [id=18652, stack(0x0000008618000000,0x0000008618100000) (1024K)]
  0x0000018a14f163b0 WorkerThread "GC Thread#9"                     [id=7624, stack(0x0000008618100000,0x0000008618200000) (1024K)]
  0x0000018a744cd9c0 ConcurrentGCThread "G1 Main Marker"            [id=19820, stack(0x0000008616700000,0x0000008616800000) (1024K)]
  0x0000018a744ced70 WorkerThread "G1 Conc#0"                       [id=7552, stack(0x0000008616800000,0x0000008616900000) (1024K)]
  0x0000018a15333e50 WorkerThread "G1 Conc#1"                       [id=6900, stack(0x0000008618200000,0x0000008618300000) (1024K)]
  0x0000018a15334f90 WorkerThread "G1 Conc#2"                       [id=17176, stack(0x0000008618300000,0x0000008618400000) (1024K)]
  0x0000018a74521620 ConcurrentGCThread "G1 Refine#0"               [id=2064, stack(0x0000008616900000,0x0000008616a00000) (1024K)]
  0x0000018a74523240 ConcurrentGCThread "G1 Service"                [id=5260, stack(0x0000008616a00000,0x0000008616b00000) (1024K)]
Total: 18

Threads with active compile tasks:
C2 CompilerThread1  4958 6450       4       jdk.internal.classfile.impl.StackMapGenerator::processBlock (2767 bytes)
Total: 1

VM state: not at safepoint (normal execution)

VM Mutex/Monitor currently owned by a thread: None

Heap address: 0x00000000f0000000, size: 256 MB, Compressed Oops mode: 32-bit

CDS archive(s) mapped at: [0x0000000092000000-0x0000000092dd0000-0x0000000092dd0000), size 14483456, SharedBaseAddress: 0x0000000092000000, ArchiveRelocationMode: 1.
Compressed class space mapped at: 0x0000000093000000-0x000000009a000000, reserved size: 117440512
UseCompressedClassPointers 1, UseCompactObjectHeaders 0
Narrow klass pointer bits 32, Max shift 3
Narrow klass base: 0x0000000092000000, Narrow klass shift: 0
Encoding Range: [0x0000000092000000 - 0x0000000192000000), (4294967296 bytes)
Klass Range:    [0x0000000092010000 - 0x000000009a000000), (134152192 bytes)
Klass ID Range:  [65536 - 134217721) (134152185)
Protection zone: [0x0000000092000000 - 0x0000000092010000), (65536 bytes)

GC Precious Log:
 CardTable entry size: 512
 Card Set container configuration: InlinePtr #cards 5 size 8 Array Of Cards #cards 10 size 36 Howl #buckets 4 coarsen threshold 1843 Howl Bitmap #cards 512 size 80 coarsen threshold 460 Card regions per heap region 1 cards per card region 2048
 CPUs: 12 total, 12 available
 Memory: 16255M
 Large Page Support: Disabled
 NUMA Support: Disabled
 Compressed Oops: Enabled (32-bit)
 Heap Region Size: 1M
 Heap Min Capacity: 64M
 Heap Initial Capacity: 64M
 Heap Max Capacity: 256M
 Pre-touch: Disabled
 Parallel Workers: 10
 Concurrent Workers: 3
 Concurrent Refinement Workers: 10
 Periodic GC: Disabled

Heap:
 garbage-first heap   total reserved 262144K, committed 112640K, used 55522K [0x00000000f0000000, 0x0000000100000000)
  region size 1024K, 25 young (25600K), 2 survivors (2048K)

Heap Regions: E=young(eden), S=young(survivor), O=old, HS=humongous(starts), HC=humongous(continues), CS=collection set, F=free, TAMS=top-at-mark-start, PB=parsable bottom
|   0|0x00000000f0000000, 0x00000000f0100000, 0x00000000f0100000|100%| O|  |TAMS 0x00000000f0000000| PB 0x00000000f0000000| Untracked |  0
|   1|0x00000000f0100000, 0x00000000f0200000, 0x00000000f0200000|100%| O|  |TAMS 0x00000000f0100000| PB 0x00000000f0100000| Untracked |  0
|   2|0x00000000f0200000, 0x00000000f0300000, 0x00000000f0300000|100%| O|  |TAMS 0x00000000f0200000| PB 0x00000000f0200000| Untracked |  0
|   3|0x00000000f0300000, 0x00000000f0400000, 0x00000000f0400000|100%| O|  |TAMS 0x00000000f0300000| PB 0x00000000f0300000| Untracked |  0
|   4|0x00000000f0400000, 0x00000000f0500000, 0x00000000f0500000|100%| O|  |TAMS 0x00000000f0400000| PB 0x00000000f0400000| Untracked |  0
|   5|0x00000000f0500000, 0x00000000f0600000, 0x00000000f0600000|100%| O|  |TAMS 0x00000000f0500000| PB 0x00000000f0500000| Untracked |  0
|   6|0x00000000f0600000, 0x00000000f0700000, 0x00000000f0700000|100%| O|  |TAMS 0x00000000f0600000| PB 0x00000000f0600000| Untracked |  0
|   7|0x00000000f0700000, 0x00000000f0800000, 0x00000000f0800000|100%| O|  |TAMS 0x00000000f0700000| PB 0x00000000f0700000| Untracked |  0
|   8|0x00000000f0800000, 0x00000000f0900000, 0x00000000f0900000|100%| O|  |TAMS 0x00000000f0800000| PB 0x00000000f0800000| Untracked |  0
|   9|0x00000000f0900000, 0x00000000f0a00000, 0x00000000f0a00000|100%| O|  |TAMS 0x00000000f0900000| PB 0x00000000f0900000| Untracked |  0
|  10|0x00000000f0a00000, 0x00000000f0b00000, 0x00000000f0b00000|100%| O|Cm|TAMS 0x00000000f0a00000| PB 0x00000000f0a00000| Complete |  0
|  11|0x00000000f0b00000, 0x00000000f0c00000, 0x00000000f0c00000|100%| O|  |TAMS 0x00000000f0b00000| PB 0x00000000f0b00000| Untracked |  0
|  12|0x00000000f0c00000, 0x00000000f0d00000, 0x00000000f0d00000|100%| O|  |TAMS 0x00000000f0c00000| PB 0x00000000f0c00000| Untracked |  0
|  13|0x00000000f0d00000, 0x00000000f0e00000, 0x00000000f0e00000|100%| O|  |TAMS 0x00000000f0d00000| PB 0x00000000f0d00000| Untracked |  0
|  14|0x00000000f0e00000, 0x00000000f0f00000, 0x00000000f0f00000|100%|HS|  |TAMS 0x00000000f0e00000| PB 0x00000000f0e00000| Complete |  0
|  15|0x00000000f0f00000, 0x00000000f1000000, 0x00000000f1000000|100%|HS|  |TAMS 0x00000000f0f00000| PB 0x00000000f0f00000| Complete |  0
|  16|0x00000000f1000000, 0x00000000f1100000, 0x00000000f1100000|100%| O|  |TAMS 0x00000000f1000000| PB 0x00000000f1000000| Untracked |  0
|  17|0x00000000f1100000, 0x00000000f1200000, 0x00000000f1200000|100%| O|  |TAMS 0x00000000f1100000| PB 0x00000000f1100000| Untracked |  0
|  18|0x00000000f1200000, 0x00000000f1300000, 0x00000000f1300000|100%| O|  |TAMS 0x00000000f1200000| PB 0x00000000f1200000| Untracked |  0
|  19|0x00000000f1300000, 0x00000000f1400000, 0x00000000f1400000|100%| O|  |TAMS 0x00000000f1300000| PB 0x00000000f1300000| Untracked |  0
|  20|0x00000000f1400000, 0x00000000f1500000, 0x00000000f1500000|100%| O|  |TAMS 0x00000000f1400000| PB 0x00000000f1400000| Untracked |  0
|  21|0x00000000f1500000, 0x00000000f1600000, 0x00000000f1600000|100%| O|  |TAMS 0x00000000f1500000| PB 0x00000000f1500000| Untracked |  0
|  22|0x00000000f1600000, 0x00000000f1700000, 0x00000000f1700000|100%| O|  |TAMS 0x00000000f1600000| PB 0x00000000f1600000| Untracked |  0
|  23|0x00000000f1700000, 0x00000000f1800000, 0x00000000f1800000|100%| O|  |TAMS 0x00000000f1700000| PB 0x00000000f1700000| Untracked |  0
|  24|0x00000000f1800000, 0x00000000f1900000, 0x00000000f1900000|100%| O|  |TAMS 0x00000000f1800000| PB 0x00000000f1800000| Untracked |  0
|  25|0x00000000f1900000, 0x00000000f1a00000, 0x00000000f1a00000|100%| O|  |TAMS 0x00000000f1900000| PB 0x00000000f1900000| Untracked |  0
|  26|0x00000000f1a00000, 0x00000000f1b00000, 0x00000000f1b00000|100%| O|  |TAMS 0x00000000f1a00000| PB 0x00000000f1a00000| Untracked |  0
|  27|0x00000000f1b00000, 0x00000000f1c00000, 0x00000000f1c00000|100%| O|  |TAMS 0x00000000f1b00000| PB 0x00000000f1b00000| Untracked |  0
|  28|0x00000000f1c00000, 0x00000000f1cbc500, 0x00000000f1d00000| 73%| O|  |TAMS 0x00000000f1c00000| PB 0x00000000f1c00000| Untracked |  0
|  29|0x00000000f1d00000, 0x00000000f1d00000, 0x00000000f1e00000|  0%| F|  |TAMS 0x00000000f1d00000| PB 0x00000000f1d00000| Untracked |  0
|  30|0x00000000f1e00000, 0x00000000f1e00000, 0x00000000f1f00000|  0%| F|  |TAMS 0x00000000f1e00000| PB 0x00000000f1e00000| Untracked |  0
|  31|0x00000000f1f00000, 0x00000000f1f00000, 0x00000000f2000000|  0%| F|  |TAMS 0x00000000f1f00000| PB 0x00000000f1f00000| Untracked |  0
|  32|0x00000000f2000000, 0x00000000f2000000, 0x00000000f2100000|  0%| F|  |TAMS 0x00000000f2000000| PB 0x00000000f2000000| Untracked |  0
|  33|0x00000000f2100000, 0x00000000f2100000, 0x00000000f2200000|  0%| F|  |TAMS 0x00000000f2100000| PB 0x00000000f2100000| Untracked |  0
|  34|0x00000000f2200000, 0x00000000f2200000, 0x00000000f2300000|  0%| F|  |TAMS 0x00000000f2200000| PB 0x00000000f2200000| Untracked |  0
|  35|0x00000000f2300000, 0x00000000f2300000, 0x00000000f2400000|  0%| F|  |TAMS 0x00000000f2300000| PB 0x00000000f2300000| Untracked |  0
|  36|0x00000000f2400000, 0x00000000f2400000, 0x00000000f2500000|  0%| F|  |TAMS 0x00000000f2400000| PB 0x00000000f2400000| Untracked |  0
|  37|0x00000000f2500000, 0x00000000f2500000, 0x00000000f2600000|  0%| F|  |TAMS 0x00000000f2500000| PB 0x00000000f2500000| Untracked |  0
|  38|0x00000000f2600000, 0x00000000f2600000, 0x00000000f2700000|  0%| F|  |TAMS 0x00000000f2600000| PB 0x00000000f2600000| Untracked |  0
|  39|0x00000000f2700000, 0x00000000f2700000, 0x00000000f2800000|  0%| F|  |TAMS 0x00000000f2700000| PB 0x00000000f2700000| Untracked |  0
|  40|0x00000000f2800000, 0x00000000f2800000, 0x00000000f2900000|  0%| F|  |TAMS 0x00000000f2800000| PB 0x00000000f2800000| Untracked |  0
|  41|0x00000000f2900000, 0x00000000f2900000, 0x00000000f2a00000|  0%| F|  |TAMS 0x00000000f2900000| PB 0x00000000f2900000| Untracked |  0
|  42|0x00000000f2a00000, 0x00000000f2a00000, 0x00000000f2b00000|  0%| F|  |TAMS 0x00000000f2a00000| PB 0x00000000f2a00000| Untracked |  0
|  43|0x00000000f2b00000, 0x00000000f2b00000, 0x00000000f2c00000|  0%| F|  |TAMS 0x00000000f2b00000| PB 0x00000000f2b00000| Untracked |  0
|  44|0x00000000f2c00000, 0x00000000f2c00000, 0x00000000f2d00000|  0%| F|  |TAMS 0x00000000f2c00000| PB 0x00000000f2c00000| Untracked |  0
|  45|0x00000000f2d00000, 0x00000000f2d00000, 0x00000000f2e00000|  0%| F|  |TAMS 0x00000000f2d00000| PB 0x00000000f2d00000| Untracked |  0
|  46|0x00000000f2e00000, 0x00000000f2e00000, 0x00000000f2f00000|  0%| F|  |TAMS 0x00000000f2e00000| PB 0x00000000f2e00000| Untracked |  0
|  47|0x00000000f2f00000, 0x00000000f2f00000, 0x00000000f3000000|  0%| F|  |TAMS 0x00000000f2f00000| PB 0x00000000f2f00000| Untracked |  0
|  48|0x00000000f3000000, 0x00000000f3000000, 0x00000000f3100000|  0%| F|  |TAMS 0x00000000f3000000| PB 0x00000000f3000000| Untracked |  0
|  49|0x00000000f3100000, 0x00000000f3100000, 0x00000000f3200000|  0%| F|  |TAMS 0x00000000f3100000| PB 0x00000000f3100000| Untracked |  0
|  50|0x00000000f3200000, 0x00000000f3200000, 0x00000000f3300000|  0%| F|  |TAMS 0x00000000f3200000| PB 0x00000000f3200000| Untracked |  0
|  51|0x00000000f3300000, 0x00000000f3300000, 0x00000000f3400000|  0%| F|  |TAMS 0x00000000f3300000| PB 0x00000000f3300000| Untracked |  0
|  52|0x00000000f3400000, 0x00000000f3400000, 0x00000000f3500000|  0%| F|  |TAMS 0x00000000f3400000| PB 0x00000000f3400000| Untracked |  0
|  53|0x00000000f3500000, 0x00000000f3500000, 0x00000000f3600000|  0%| F|  |TAMS 0x00000000f3500000| PB 0x00000000f3500000| Untracked |  0
|  54|0x00000000f3600000, 0x00000000f3600000, 0x00000000f3700000|  0%| F|  |TAMS 0x00000000f3600000| PB 0x00000000f3600000| Untracked |  0
|  55|0x00000000f3700000, 0x00000000f3700000, 0x00000000f3800000|  0%| F|  |TAMS 0x00000000f3700000| PB 0x00000000f3700000| Untracked |  0
|  56|0x00000000f3800000, 0x00000000f3900000, 0x00000000f3900000|100%| O|  |TAMS 0x00000000f3800000| PB 0x00000000f3800000| Untracked |  0
|  57|0x00000000f3900000, 0x00000000f3900000, 0x00000000f3a00000|  0%| F|  |TAMS 0x00000000f3900000| PB 0x00000000f3900000| Untracked |  0
|  58|0x00000000f3a00000, 0x00000000f3a00000, 0x00000000f3b00000|  0%| F|  |TAMS 0x00000000f3a00000| PB 0x00000000f3a00000| Untracked |  0
|  59|0x00000000f3b00000, 0x00000000f3b00000, 0x00000000f3c00000|  0%| F|  |TAMS 0x00000000f3b00000| PB 0x00000000f3b00000| Untracked |  0
|  60|0x00000000f3c00000, 0x00000000f3c00000, 0x00000000f3d00000|  0%| F|  |TAMS 0x00000000f3c00000| PB 0x00000000f3c00000| Untracked |  0
|  61|0x00000000f3d00000, 0x00000000f3d00000, 0x00000000f3e00000|  0%| F|  |TAMS 0x00000000f3d00000| PB 0x00000000f3d00000| Untracked |  0
|  62|0x00000000f3e00000, 0x00000000f3e00000, 0x00000000f3f00000|  0%| F|  |TAMS 0x00000000f3e00000| PB 0x00000000f3e00000| Untracked |  0
|  63|0x00000000f3f00000, 0x00000000f3f00000, 0x00000000f4000000|  0%| F|  |TAMS 0x00000000f3f00000| PB 0x00000000f3f00000| Untracked |  0
|  64|0x00000000f4000000, 0x00000000f4000000, 0x00000000f4100000|  0%| F|  |TAMS 0x00000000f4000000| PB 0x00000000f4000000| Untracked |  0
|  65|0x00000000f4100000, 0x00000000f4100000, 0x00000000f4200000|  0%| F|  |TAMS 0x00000000f4100000| PB 0x00000000f4100000| Untracked |  0
|  66|0x00000000f4200000, 0x00000000f4200000, 0x00000000f4300000|  0%| F|  |TAMS 0x00000000f4200000| PB 0x00000000f4200000| Untracked |  0
|  67|0x00000000f4300000, 0x00000000f4300000, 0x00000000f4400000|  0%| F|  |TAMS 0x00000000f4300000| PB 0x00000000f4300000| Untracked |  0
|  68|0x00000000f4400000, 0x00000000f4400000, 0x00000000f4500000|  0%| F|  |TAMS 0x00000000f4400000| PB 0x00000000f4400000| Untracked |  0
|  69|0x00000000f4500000, 0x00000000f4500000, 0x00000000f4600000|  0%| F|  |TAMS 0x00000000f4500000| PB 0x00000000f4500000| Untracked |  0
|  70|0x00000000f4600000, 0x00000000f4600000, 0x00000000f4700000|  0%| F|  |TAMS 0x00000000f4600000| PB 0x00000000f4600000| Untracked |  0
|  71|0x00000000f4700000, 0x00000000f4700000, 0x00000000f4800000|  0%| F|  |TAMS 0x00000000f4700000| PB 0x00000000f4700000| Untracked |  0
|  72|0x00000000f4800000, 0x00000000f4800000, 0x00000000f4900000|  0%| F|  |TAMS 0x00000000f4800000| PB 0x00000000f4800000| Untracked |  0
|  73|0x00000000f4900000, 0x00000000f4900000, 0x00000000f4a00000|  0%| F|  |TAMS 0x00000000f4900000| PB 0x00000000f4900000| Untracked |  0
|  74|0x00000000f4a00000, 0x00000000f4a00000, 0x00000000f4b00000|  0%| F|  |TAMS 0x00000000f4a00000| PB 0x00000000f4a00000| Untracked |  0
|  75|0x00000000f4b00000, 0x00000000f4b00000, 0x00000000f4c00000|  0%| F|  |TAMS 0x00000000f4b00000| PB 0x00000000f4b00000| Untracked |  0
|  76|0x00000000f4c00000, 0x00000000f4c00000, 0x00000000f4d00000|  0%| F|  |TAMS 0x00000000f4c00000| PB 0x00000000f4c00000| Untracked |  0
|  77|0x00000000f4d00000, 0x00000000f4d00000, 0x00000000f4e00000|  0%| F|  |TAMS 0x00000000f4d00000| PB 0x00000000f4d00000| Untracked |  0
|  78|0x00000000f4e00000, 0x00000000f4e00000, 0x00000000f4f00000|  0%| F|  |TAMS 0x00000000f4e00000| PB 0x00000000f4e00000| Untracked |  0
|  79|0x00000000f4f00000, 0x00000000f4f00000, 0x00000000f5000000|  0%| F|  |TAMS 0x00000000f4f00000| PB 0x00000000f4f00000| Untracked |  0
|  80|0x00000000f5000000, 0x00000000f5000000, 0x00000000f5100000|  0%| F|  |TAMS 0x00000000f5000000| PB 0x00000000f5000000| Untracked |  0
|  81|0x00000000f5100000, 0x00000000f5100000, 0x00000000f5200000|  0%| F|  |TAMS 0x00000000f5100000| PB 0x00000000f5100000| Untracked |  0
|  82|0x00000000f5200000, 0x00000000f5200000, 0x00000000f5300000|  0%| F|  |TAMS 0x00000000f5200000| PB 0x00000000f5200000| Untracked |  0
|  83|0x00000000f5300000, 0x00000000f5300000, 0x00000000f5400000|  0%| F|  |TAMS 0x00000000f5300000| PB 0x00000000f5300000| Untracked |  0
|  84|0x00000000f5400000, 0x00000000f5500000, 0x00000000f5500000|100%| E|  |TAMS 0x00000000f5400000| PB 0x00000000f5400000| Complete |  0
|  85|0x00000000f5500000, 0x00000000f5600000, 0x00000000f5600000|100%| E|CS|TAMS 0x00000000f5500000| PB 0x00000000f5500000| Complete |  0
|  86|0x00000000f5600000, 0x00000000f5700000, 0x00000000f5700000|100%| E|CS|TAMS 0x00000000f5600000| PB 0x00000000f5600000| Complete |  0
|  87|0x00000000f5700000, 0x00000000f5800000, 0x00000000f5800000|100%| E|CS|TAMS 0x00000000f5700000| PB 0x00000000f5700000| Complete |  0
|  88|0x00000000f5800000, 0x00000000f5900000, 0x00000000f5900000|100%| E|CS|TAMS 0x00000000f5800000| PB 0x00000000f5800000| Complete |  0
|  89|0x00000000f5900000, 0x00000000f5a00000, 0x00000000f5a00000|100%| E|CS|TAMS 0x00000000f5900000| PB 0x00000000f5900000| Complete |  0
|  90|0x00000000f5a00000, 0x00000000f5b00000, 0x00000000f5b00000|100%| E|CS|TAMS 0x00000000f5a00000| PB 0x00000000f5a00000| Complete |  0
|  91|0x00000000f5b00000, 0x00000000f5c00000, 0x00000000f5c00000|100%| E|CS|TAMS 0x00000000f5b00000| PB 0x00000000f5b00000| Complete |  0
|  92|0x00000000f5c00000, 0x00000000f5d00000, 0x00000000f5d00000|100%| E|CS|TAMS 0x00000000f5c00000| PB 0x00000000f5c00000| Complete |  0
|  93|0x00000000f5d00000, 0x00000000f5e00000, 0x00000000f5e00000|100%| E|CS|TAMS 0x00000000f5d00000| PB 0x00000000f5d00000| Complete |  0
|  94|0x00000000f5e00000, 0x00000000f5f00000, 0x00000000f5f00000|100%| E|CS|TAMS 0x00000000f5e00000| PB 0x00000000f5e00000| Complete |  0
|  95|0x00000000f5f00000, 0x00000000f6000000, 0x00000000f6000000|100%| E|CS|TAMS 0x00000000f5f00000| PB 0x00000000f5f00000| Complete |  0
|  96|0x00000000f6000000, 0x00000000f6100000, 0x00000000f6100000|100%| E|CS|TAMS 0x00000000f6000000| PB 0x00000000f6000000| Complete |  0
|  97|0x00000000f6100000, 0x00000000f6200000, 0x00000000f6200000|100%| E|CS|TAMS 0x00000000f6100000| PB 0x00000000f6100000| Complete |  0
|  98|0x00000000f6200000, 0x00000000f6300000, 0x00000000f6300000|100%| E|CS|TAMS 0x00000000f6200000| PB 0x00000000f6200000| Complete |  0
|  99|0x00000000f6300000, 0x00000000f6400000, 0x00000000f6400000|100%| E|CS|TAMS 0x00000000f6300000| PB 0x00000000f6300000| Complete |  0
| 100|0x00000000f6400000, 0x00000000f6500000, 0x00000000f6500000|100%| E|CS|TAMS 0x00000000f6400000| PB 0x00000000f6400000| Complete |  0
| 101|0x00000000f6500000, 0x00000000f6600000, 0x00000000f6600000|100%| E|CS|TAMS 0x00000000f6500000| PB 0x00000000f6500000| Complete |  0
| 102|0x00000000f6600000, 0x00000000f6700000, 0x00000000f6700000|100%| E|CS|TAMS 0x00000000f6600000| PB 0x00000000f6600000| Complete |  0
| 103|0x00000000f6700000, 0x00000000f6800000, 0x00000000f6800000|100%| E|CS|TAMS 0x00000000f6700000| PB 0x00000000f6700000| Complete |  0
| 104|0x00000000f6800000, 0x00000000f6900000, 0x00000000f6900000|100%| E|CS|TAMS 0x00000000f6800000| PB 0x00000000f6800000| Complete |  0
| 105|0x00000000f6900000, 0x00000000f6a00000, 0x00000000f6a00000|100%| E|CS|TAMS 0x00000000f6900000| PB 0x00000000f6900000| Complete |  0
| 135|0x00000000f8700000, 0x00000000f877c578, 0x00000000f8800000| 48%| S|CS|TAMS 0x00000000f8700000| PB 0x00000000f8700000| Complete |  0
| 136|0x00000000f8800000, 0x00000000f8900000, 0x00000000f8900000|100%| S|CS|TAMS 0x00000000f8800000| PB 0x00000000f8800000| Complete |  0
| 254|0x00000000ffe00000, 0x00000000fff00000, 0x00000000fff00000|100%| O|  |TAMS 0x00000000ffe00000| PB 0x00000000ffe00000| Untracked |  0
| 255|0x00000000fff00000, 0x0000000100000000, 0x0000000100000000|100%| E|CS|TAMS 0x00000000fff00000| PB 0x00000000fff00000| Complete |  0

Card table byte_map: [0x0000018a7d500000,0x0000018a7d580000] _byte_map_base: 0x0000018a7cd80000

Marking Bits: (CMBitMap*) 0x0000018a744c9f00
 Bits: [0x0000018a7d580000, 0x0000018a7d980000)

Polling page: 0x0000018a72340000

Metaspace:
Metaspace        used 32722K, committed 33280K, reserved 180224K
 class space     used 4309K, committed 4544K, reserved 114688K

Usage:
  Non-class:     27.75 MB used.
      Class:      4.21 MB used.
       Both:     31.96 MB used.

Virtual space:
  Non-class space:       64.00 MB reserved,      28.06 MB ( 44%) committed,  1 nodes.
      Class space:      112.00 MB reserved,       4.44 MB (  4%) committed,  1 nodes.
             Both:      176.00 MB reserved,      32.50 MB ( 18%) committed. 

Chunk freelists:
   Non-Class:  3.61 MB
       Class:  11.47 MB
        Both:  15.08 MB

MaxMetaspaceSize: 128.00 MB
CompressedClassSpaceSize: 112.00 MB
Initial GC threshold: 21.00 MB
Current GC threshold: 47.75 MB
CDS: on
 - commit_granule_bytes: 65536.
 - commit_granule_words: 8192.
 - virtual_space_node_default_size: 8388608.
 - enlarge_chunks_in_place: 1.
UseCompressedClassPointers 1, UseCompactObjectHeaders 0
Narrow klass pointer bits 32, Max shift 3
Narrow klass base: 0x0000000092000000, Narrow klass shift: 0
Encoding Range: [0x0000000092000000 - 0x0000000192000000), (4294967296 bytes)
Klass Range:    [0x0000000092010000 - 0x000000009a000000), (134152192 bytes)
Klass ID Range:  [65536 - 134217721) (134152185)
Protection zone: [0x0000000092000000 - 0x0000000092010000), (65536 bytes)


Internal statistics:

num_allocs_failed_limit: 6.
num_arena_births: 426.
num_arena_deaths: 0.
num_vsnodes_births: 2.
num_vsnodes_deaths: 0.
num_space_committed: 520.
num_space_uncommitted: 0.
num_chunks_returned_to_freelist: 6.
num_chunks_taken_from_freelist: 1663.
num_chunk_merges: 3.
num_chunk_splits: 1114.
num_chunks_enlarged: 871.
num_inconsistent_stats: 0.

CodeHeap 'non-profiled nmethods': size=120064Kb used=2611Kb max_used=2676Kb free=117452Kb
 bounds [0x0000018a07ac0000, 0x0000018a07d70000, 0x0000018a0f000000]
CodeHeap 'profiled nmethods': size=120000Kb used=9637Kb max_used=10705Kb free=110362Kb
 bounds [0x0000018a00000000, 0x0000018a00a90000, 0x0000018a07530000]
CodeHeap 'non-nmethods': size=5696Kb used=1477Kb max_used=1596Kb free=4218Kb
 bounds [0x0000018a07530000, 0x0000018a077a0000, 0x0000018a07ac0000]
CodeCache: size=245760Kb, used=13725Kb, max_used=14977Kb, free=232032Kb
 total_blobs=6501, nmethods=5899, adapters=504, full_count=0
Compilation: enabled, stopped_count=0, restarted_count=0

Compilation events (20 events):
Event: 4.868 Thread 0x0000018a0f575100 nmethod 6565 0x0000018a0049cc08 code [0x0000018a0049cd00, 0x0000018a0049cfa8]
Event: 4.868 Thread 0x0000018a0f575100 6566       3       org.springframework.boot.context.properties.source.ConfigurationPropertySourcesCaching$CacheOverrides$$Lambda/0x00000000933b30a0::accept (10 bytes)
Event: 4.868 Thread 0x0000018a0f575100 nmethod 6566 0x0000018a004b3b88 code [0x0000018a004b3c80, 0x0000018a004b3f30]
Event: 4.869 Thread 0x0000018a0f5720a0 6567       4       java.util.stream.SpinedBuffer::accept (94 bytes)
Event: 4.869 Thread 0x0000018a0f575100 6568       3       org.springframework.boot.context.properties.source.SoftReferenceConfigurationPropertyCache::getValue (8 bytes)
Event: 4.869 Thread 0x0000018a0f575100 nmethod 6568 0x0000018a003b6188 code [0x0000018a003b6280, 0x0000018a003b6440]
Event: 4.870 Thread 0x0000018a0f575100 6569       3       org.springframework.core.env.PropertySource::hashCode (8 bytes)
Event: 4.870 Thread 0x0000018a0f575100 nmethod 6569 0x0000018a005b6408 code [0x0000018a005b6500, 0x0000018a005b6798]
Event: 4.870 Thread 0x0000018a0f575100 6572       3       org.springframework.boot.context.properties.source.SoftReferenceConfigurationPropertyCache::get (67 bytes)
Event: 4.871 Thread 0x0000018a0f575100 nmethod 6572 0x0000018a0009eb08 code [0x0000018a0009ec00, 0x0000018a0009f7d0]
Event: 4.871 Thread 0x0000018a0f575100 6570       3       org.springframework.boot.context.properties.source.SpringConfigurationPropertySources$$Lambda/0x0000000093431aa8::apply (12 bytes)
Event: 4.871 Thread 0x0000018a0f575100 nmethod 6570 0x0000018a00477288 code [0x0000018a00477380, 0x0000018a00477590]
Event: 4.871 Thread 0x0000018a0f575100 6571       3       org.springframework.boot.context.properties.source.SpringConfigurationPropertySources::adapt (74 bytes)
Event: 4.871 Thread 0x0000018a0f575100 nmethod 6571 0x0000018a00203f08 code [0x0000018a00204000, 0x0000018a002048c8]
Event: 4.872 Thread 0x0000018a0f5720a0 nmethod 6567 0x0000018a07b25908 code [0x0000018a07b25a00, 0x0000018a07b262d8]
Event: 4.872 Thread 0x0000018a0f5720a0 6573   !   4       java.util.zip.ZipFile$Source::readFullyAt (74 bytes)
Event: 4.875 Thread 0x0000018a0f5720a0 nmethod 6573 0x0000018a07b5c988 code [0x0000018a07b5ca80, 0x0000018a07b5cfa0]
Event: 4.876 Thread 0x0000018a0f575100 6574       3       java.util.concurrent.CopyOnWriteArraySet::iterator (8 bytes)
Event: 4.876 Thread 0x0000018a0f575100 nmethod 6574 0x0000018a004f0108 code [0x0000018a004f0200, 0x0000018a004f05f0]
Event: 4.876 Thread 0x0000018a0f575100 6576       3       org.springframework.boot.context.properties.source.SpringIterableConfigurationPropertySource::getConfigurationProperty (91 bytes)

GC Heap Usage History (20 events):
Event: 1.395 {heap Before GC invocations=1 (full 0):
 garbage-first heap   total reserved 262144K, committed 67584K, used 32531K [0x00000000f0000000, 0x0000000100000000)
  region size 1024K, 31 young (31744K), 4 survivors (4096K)
}
Event: 1.404 {heap After GC invocations=2 (full 0):
 garbage-first heap   total reserved 262144K, committed 67584K, used 7076K [0x00000000f0000000, 0x0000000100000000)
  region size 1024K, 3 young (3072K), 3 survivors (3072K)
}
Event: 1.962 {heap Before GC invocations=2 (full 0):
 garbage-first heap   total reserved 262144K, committed 67584K, used 37796K [0x00000000f0000000, 0x0000000100000000)
  region size 1024K, 34 young (34816K), 3 survivors (3072K)
}
Event: 1.972 {heap After GC invocations=3 (full 0):
 garbage-first heap   total reserved 262144K, committed 67584K, used 11171K [0x00000000f0000000, 0x0000000100000000)
  region size 1024K, 5 young (5120K), 5 survivors (5120K)
}
Event: 2.457 {heap Before GC invocations=3 (full 0):
 garbage-first heap   total reserved 262144K, committed 67584K, used 44963K [0x00000000f0000000, 0x0000000100000000)
  region size 1024K, 38 young (38912K), 5 survivors (5120K)
}
Event: 2.466 {heap After GC invocations=4 (full 0):
 garbage-first heap   total reserved 262144K, committed 67584K, used 15244K [0x00000000f0000000, 0x0000000100000000)
  region size 1024K, 4 young (4096K), 4 survivors (4096K)
}
Event: 2.776 {heap Before GC invocations=4 (full 0):
 garbage-first heap   total reserved 262144K, committed 67584K, used 46988K [0x00000000f0000000, 0x0000000100000000)
  region size 1024K, 35 young (35840K), 4 survivors (4096K)
}
Event: 2.781 {heap After GC invocations=5 (full 0):
 garbage-first heap   total reserved 262144K, committed 67584K, used 17715K [0x00000000f0000000, 0x0000000100000000)
  region size 1024K, 3 young (3072K), 3 survivors (3072K)
}
Event: 3.201 {heap Before GC invocations=5 (full 0):
 garbage-first heap   total reserved 262144K, committed 67584K, used 50483K [0x00000000f0000000, 0x0000000100000000)
  region size 1024K, 35 young (35840K), 3 survivors (3072K)
}
Event: 3.205 {heap After GC invocations=6 (full 0):
 garbage-first heap   total reserved 262144K, committed 67584K, used 18296K [0x00000000f0000000, 0x0000000100000000)
  region size 1024K, 3 young (3072K), 3 survivors (3072K)
}
Event: 3.263 {heap Before GC invocations=6 (full 0):
 garbage-first heap   total reserved 262144K, committed 67584K, used 30584K [0x00000000f0000000, 0x0000000100000000)
  region size 1024K, 8 young (8192K), 3 survivors (3072K)
}
Event: 3.267 {heap After GC invocations=7 (full 0):
 garbage-first heap   total reserved 262144K, committed 67584K, used 27365K [0x00000000f0000000, 0x0000000100000000)
  region size 1024K, 3 young (3072K), 3 survivors (3072K)
}
Event: 3.267 {heap Before GC invocations=7 (full 0):
 garbage-first heap   total reserved 262144K, committed 67584K, used 39653K [0x00000000f0000000, 0x0000000100000000)
  region size 1024K, 4 young (4096K), 3 survivors (3072K)
}
Event: 3.270 {heap After GC invocations=8 (full 0):
 garbage-first heap   total reserved 262144K, committed 67584K, used 39388K [0x00000000f0000000, 0x0000000100000000)
  region size 1024K, 2 young (2048K), 2 survivors (2048K)
}
Event: 3.540 {heap Before GC invocations=9 (full 0):
 garbage-first heap   total reserved 262144K, committed 143360K, used 104924K [0x00000000f0000000, 0x0000000100000000)
  region size 1024K, 22 young (22528K), 2 survivors (2048K)
}
Event: 3.542 {heap After GC invocations=10 (full 0):
 garbage-first heap   total reserved 262144K, committed 143360K, used 20038K [0x00000000f0000000, 0x0000000100000000)
  region size 1024K, 2 young (2048K), 2 survivors (2048K)
}
Event: 4.517 {heap Before GC invocations=10 (full 0):
 garbage-first heap   total reserved 262144K, committed 143360K, used 98886K [0x00000000f0000000, 0x0000000100000000)
  region size 1024K, 79 young (80896K), 2 survivors (2048K)
}
Event: 4.523 {heap After GC invocations=11 (full 0):
 garbage-first heap   total reserved 262144K, committed 143360K, used 31523K [0x00000000f0000000, 0x0000000100000000)
  region size 1024K, 11 young (11264K), 11 survivors (11264K)
}
Event: 4.554 {heap Before GC invocations=11 (full 0):
 garbage-first heap   total reserved 262144K, committed 143360K, used 32547K [0x00000000f0000000, 0x0000000100000000)
  region size 1024K, 13 young (13312K), 11 survivors (11264K)
}
Event: 4.558 {heap After GC invocations=12 (full 0):
 garbage-first heap   total reserved 262144K, committed 143360K, used 32994K [0x00000000f0000000, 0x0000000100000000)
  region size 1024K, 2 young (2048K), 2 survivors (2048K)
}

Metaspace Usage History (20 events):
Event: 1.395 {metaspace Before GC invocations=1 (full 0):
 Metaspace       used 11738K, committed 11968K, reserved 180224K
  class space    used 1505K, committed 1600K, reserved 114688K
}
Event: 1.404 {metaspace After GC invocations=2 (full 0):
 Metaspace       used 11738K, committed 11968K, reserved 180224K
  class space    used 1505K, committed 1600K, reserved 114688K
}
Event: 1.962 {metaspace Before GC invocations=2 (full 0):
 Metaspace       used 14894K, committed 15168K, reserved 180224K
  class space    used 1847K, committed 1984K, reserved 114688K
}
Event: 1.972 {metaspace After GC invocations=3 (full 0):
 Metaspace       used 14894K, committed 15168K, reserved 180224K
  class space    used 1847K, committed 1984K, reserved 114688K
}
Event: 2.457 {metaspace Before GC invocations=3 (full 0):
 Metaspace       used 15403K, committed 15616K, reserved 180224K
  class space    used 1886K, committed 1984K, reserved 114688K
}
Event: 2.466 {metaspace After GC invocations=4 (full 0):
 Metaspace       used 15403K, committed 15616K, reserved 180224K
  class space    used 1886K, committed 1984K, reserved 114688K
}
Event: 2.776 {metaspace Before GC invocations=4 (full 0):
 Metaspace       used 15763K, committed 16000K, reserved 180224K
  class space    used 1890K, committed 1984K, reserved 114688K
}
Event: 2.781 {metaspace After GC invocations=5 (full 0):
 Metaspace       used 15763K, committed 16000K, reserved 180224K
  class space    used 1890K, committed 1984K, reserved 114688K
}
Event: 3.201 {metaspace Before GC invocations=5 (full 0):
 Metaspace       used 16180K, committed 16448K, reserved 180224K
  class space    used 1924K, committed 2048K, reserved 114688K
}
Event: 3.205 {metaspace After GC invocations=6 (full 0):
 Metaspace       used 16180K, committed 16448K, reserved 180224K
  class space    used 1924K, committed 2048K, reserved 114688K
}
Event: 3.263 {metaspace Before GC invocations=6 (full 0):
 Metaspace       used 17013K, committed 17280K, reserved 180224K
  class space    used 2027K, committed 2112K, reserved 114688K
}
Event: 3.267 {metaspace After GC invocations=7 (full 0):
 Metaspace       used 17013K, committed 17280K, reserved 180224K
  class space    used 2027K, committed 2112K, reserved 114688K
}
Event: 3.267 {metaspace Before GC invocations=7 (full 0):
 Metaspace       used 17013K, committed 17280K, reserved 180224K
  class space    used 2027K, committed 2112K, reserved 114688K
}
Event: 3.270 {metaspace After GC invocations=8 (full 0):
 Metaspace       used 17013K, committed 17280K, reserved 180224K
  class space    used 2027K, committed 2112K, reserved 114688K
}
Event: 3.540 {metaspace Before GC invocations=9 (full 0):
 Metaspace       used 17954K, committed 18304K, reserved 180224K
  class space    used 2120K, committed 2304K, reserved 114688K
}
Event: 3.543 {metaspace After GC invocations=10 (full 0):
 Metaspace       used 17954K, committed 18304K, reserved 180224K
  class space    used 2120K, committed 2304K, reserved 114688K
}
Event: 4.517 {metaspace Before GC invocations=10 (full 0):
 Metaspace       used 28344K, committed 28800K, reserved 180224K
  class space    used 3579K, committed 3776K, reserved 114688K
}
Event: 4.523 {metaspace After GC invocations=11 (full 0):
 Metaspace       used 28344K, committed 28800K, reserved 180224K
  class space    used 3579K, committed 3776K, reserved 114688K
}
Event: 4.554 {metaspace Before GC invocations=11 (full 0):
 Metaspace       used 28712K, committed 29120K, reserved 180224K
  class space    used 3638K, committed 3840K, reserved 114688K
}
Event: 4.558 {metaspace After GC invocations=12 (full 0):
 Metaspace       used 28712K, committed 29120K, reserved 180224K
  class space    used 3638K, committed 3840K, reserved 114688K
}

Dll operation events (7 events):
Event: 0.008 Loaded shared library C:\Program Files\Eclipse Adoptium\jdk-25.0.2.10-hotspot\bin\java.dll
Event: 0.038 Loaded shared library C:\Program Files\Eclipse Adoptium\jdk-25.0.2.10-hotspot\bin\net.dll
Event: 0.040 Loaded shared library C:\Program Files\Eclipse Adoptium\jdk-25.0.2.10-hotspot\bin\nio.dll
Event: 0.044 Loaded shared library C:\Program Files\Eclipse Adoptium\jdk-25.0.2.10-hotspot\bin\zip.dll
Event: 0.177 Loaded shared library C:\Program Files\Eclipse Adoptium\jdk-25.0.2.10-hotspot\bin\jimage.dll
Event: 0.178 Loaded shared library C:\Users\felli\.m2\wrapper\dists\apache-maven-3.9.14\ed7edd442f634ac1c1ef5ba2b61b6d690b5221091f1a8e1123f5fadcc967520d\lib\jansi-native\Windows\x86_64\jansi.dll
Event: 0.194 Loaded shared library C:\Program Files\Eclipse Adoptium\jdk-25.0.2.10-hotspot\bin\verify.dll

Deoptimization events (20 events):
Event: 4.745 Thread 0x0000018a720804e0 Uncommon trap: trap_request=0xffffff45 fr.pc=0x0000018a07c702a0 relative=0x00000000000004a0
Event: 4.745 Thread 0x0000018a720804e0 Uncommon trap: reason=unstable_if action=reinterpret pc=0x0000018a07c702a0 method=java.util.Properties.loadConvert([CIILjava/lang/StringBuilder;)Ljava/lang/String; @ 26 c2
Event: 4.745 Thread 0x0000018a720804e0 DEOPT PACKING pc=0x0000018a07c702a0 sp=0x00000086165f94e0
Event: 4.745 Thread 0x0000018a720804e0 DEOPT UNPACKING pc=0x0000018a0764f902 sp=0x00000086165f9498 mode 2
Event: 4.745 Thread 0x0000018a720804e0 Uncommon trap: trap_request=0xffffff45 fr.pc=0x0000018a07cdfcf0 relative=0x0000000000001370
Event: 4.745 Thread 0x0000018a720804e0 Uncommon trap: reason=unstable_if action=reinterpret pc=0x0000018a07cdfcf0 method=java.util.regex.Pattern$BnM.optimize(Ljava/util/regex/Pattern$Node;)Ljava/util/regex/Pattern$Node; @ 22 c2
Event: 4.745 Thread 0x0000018a720804e0 DEOPT PACKING pc=0x0000018a07cdfcf0 sp=0x00000086165f9320
Event: 4.745 Thread 0x0000018a720804e0 DEOPT UNPACKING pc=0x0000018a0764f902 sp=0x00000086165f9248 mode 2
Event: 4.793 Thread 0x0000018a720804e0 Uncommon trap: trap_request=0xffffff45 fr.pc=0x0000018a07c85cc8 relative=0x00000000000036c8
Event: 4.793 Thread 0x0000018a720804e0 Uncommon trap: reason=unstable_if action=reinterpret pc=0x0000018a07c85cc8 method=java.net.URLStreamHandler.parseURL(Ljava/net/URL;Ljava/lang/String;II)V @ 720 c2
Event: 4.793 Thread 0x0000018a720804e0 DEOPT PACKING pc=0x0000018a07c85cc8 sp=0x00000086165f98b0
Event: 4.793 Thread 0x0000018a720804e0 DEOPT UNPACKING pc=0x0000018a0764f902 sp=0x00000086165f9868 mode 2
Event: 4.795 Thread 0x0000018a720804e0 Uncommon trap: trap_request=0xffffff45 fr.pc=0x0000018a07ce80ec relative=0x000000000000026c
Event: 4.795 Thread 0x0000018a720804e0 Uncommon trap: reason=unstable_if action=reinterpret pc=0x0000018a07ce80ec method=java.io.WinNTFileSystem.prefixLength(Ljava/lang/String;)I @ 48 c2
Event: 4.795 Thread 0x0000018a720804e0 DEOPT PACKING pc=0x0000018a07ce80ec sp=0x00000086165f9910
Event: 4.795 Thread 0x0000018a720804e0 DEOPT UNPACKING pc=0x0000018a0764f902 sp=0x00000086165f9898 mode 2
Event: 4.803 Thread 0x0000018a720804e0 Uncommon trap: trap_request=0xffffff6e fr.pc=0x0000018a07b28a50 relative=0x0000000000001850
Event: 4.803 Thread 0x0000018a720804e0 Uncommon trap: reason=predicate action=maybe_recompile pc=0x0000018a07b28a50 method=java.nio.charset.CharsetDecoder.decode(Ljava/nio/ByteBuffer;Ljava/nio/CharBuffer;Z)Ljava/nio/charset/CoderResult; @ 54 c2
Event: 4.803 Thread 0x0000018a720804e0 DEOPT PACKING pc=0x0000018a07b28a50 sp=0x00000086165f9b00
Event: 4.803 Thread 0x0000018a720804e0 DEOPT UNPACKING pc=0x0000018a0764f902 sp=0x00000086165f9988 mode 2

Classes loaded (20 events):
Event: 4.739 Loading class java/nio/file/attribute/PosixFilePermission
Event: 4.739 Loading class java/nio/file/attribute/PosixFilePermission done
Event: 4.758 Loading class java/lang/StringLatin1$CharsSpliterator
Event: 4.758 Loading class java/lang/StringLatin1$CharsSpliterator done
Event: 4.759 Loading class java/util/stream/MatchOps$2MatchSink
Event: 4.759 Loading class java/util/stream/Sink$OfInt
Event: 4.759 Loading class java/util/stream/Sink$OfInt done
Event: 4.759 Loading class java/util/stream/MatchOps$2MatchSink done
Event: 4.802 Loading class java/io/LineNumberReader
Event: 4.802 Loading class java/io/LineNumberReader done
Event: 4.844 Loading class java/util/concurrent/ConcurrentLinkedDeque$Itr
Event: 4.844 Loading class java/util/concurrent/ConcurrentLinkedDeque$AbstractItr
Event: 4.844 Loading class java/util/concurrent/ConcurrentLinkedDeque$AbstractItr done
Event: 4.844 Loading class java/util/concurrent/ConcurrentLinkedDeque$Itr done
Event: 4.847 Loading class org/xml/sax/InputSource
Event: 4.847 Loading class org/xml/sax/InputSource done
Event: 4.855 Loading class java/nio/charset/CharacterCodingException
Event: 4.855 Loading class java/nio/charset/CharacterCodingException done
Event: 4.877 Loading class java/io/Console
Event: 4.877 Loading class java/io/Console done

Classes unloaded (0 events):
No events

Classes redefined (0 events):
No events

Internal exceptions (20 events):
Event: 4.252 Thread 0x0000018a720804e0 Exception <a 'java/lang/NoSuchMethodError'{0x00000000f496d288}: 'java.lang.Object java.lang.invoke.Invokers$Holder.linkToTargetMethod(java.lang.Object, long, java.lang.Object, java.lang.Object)'> (0x00000000f496d288) 
thrown [s\src\hotspot\share\interpreter\linkResolver.cpp, line 804]
Event: 4.289 Thread 0x0000018a720804e0 Exception <a 'java/lang/NoSuchMethodError'{0x00000000f47421d0}: 'java.lang.Object java.lang.invoke.DirectMethodHandle$Holder.newInvokeSpecial(java.lang.Object, java.lang.Object, java.lang.Object, int, java.lang.Object, int)'> (0x00000000f47421d0) 
thrown [s\src\hotspot\share\interpreter\linkResolver.cpp, line 804]
Event: 4.306 Thread 0x0000018a720804e0 Exception <a 'java/lang/IncompatibleClassChangeError'{0x00000000f4653a58}: Found class java.lang.Object, but interface was expected> (0x00000000f4653a58) 
thrown [s\src\hotspot\share\interpreter\linkResolver.cpp, line 871]
Event: 4.371 Thread 0x0000018a720804e0 Exception <a 'java/lang/NoSuchMethodError'{0x00000000f43d3ea8}: 'int java.lang.invoke.DirectMethodHandle$Holder.invokeVirtual(java.lang.Object, java.lang.Object, java.lang.Object)'> (0x00000000f43d3ea8) 
thrown [s\src\hotspot\share\interpreter\linkResolver.cpp, line 804]
Event: 4.426 Thread 0x0000018a720804e0 Exception <a 'java/lang/NoSuchMethodError'{0x00000000f3f1b5c0}: 'int java.lang.invoke.DirectMethodHandle$Holder.invokeSpecial(java.lang.Object, java.lang.Object, java.lang.Object, java.lang.Object, java.lang.Object)'> (0x00000000f3f1b5c0) 
thrown [s\src\hotspot\share\interpreter\linkResolver.cpp, line 804]
Event: 4.495 Thread 0x0000018a720804e0 Exception <a 'java/lang/NoSuchMethodError'{0x00000000f3de46f8}: 'void java.lang.invoke.DirectMethodHandle$Holder.invokeVirtual(java.lang.Object, java.lang.Object, java.lang.Object, java.lang.Object)'> (0x00000000f3de46f8) 
thrown [s\src\hotspot\share\interpreter\linkResolver.cpp, line 804]
Event: 4.626 Thread 0x0000018a720804e0 Exception <a 'java/lang/NoSuchMethodError'{0x00000000f673e750}: 'java.lang.Object java.lang.invoke.DirectMethodHandle$Holder.invokeInterface(java.lang.Object, java.lang.Object, java.lang.Object, java.lang.Object)'> (0x00000000f673e750) 
thrown [s\src\hotspot\share\interpreter\linkResolver.cpp, line 804]
Event: 4.629 Thread 0x0000018a720804e0 Exception <a 'java/lang/NoSuchMethodError'{0x00000000f6769828}: 'java.lang.Object java.lang.invoke.Invokers$Holder.linkToTargetMethod(java.lang.Object, java.lang.Object, java.lang.Object, int, java.lang.Object)'> (0x00000000f6769828) 
thrown [s\src\hotspot\share\interpreter\linkResolver.cpp, line 804]
Event: 4.633 Thread 0x0000018a720804e0 Exception <a 'java/lang/NoSuchMethodError'{0x00000000f67c6c20}: 'java.lang.Object java.lang.invoke.DirectMethodHandle$Holder.invokeInterface(java.lang.Object, java.lang.Object, java.lang.Object, java.lang.Object, java.lang.Object)'> (0x00000000f67c6c20) 
thrown [s\src\hotspot\share\interpreter\linkResolver.cpp, line 804]
Event: 4.634 Thread 0x0000018a720804e0 Exception <a 'java/lang/IncompatibleClassChangeError'{0x00000000f67cf348}: Found class java.lang.Object, but interface was expected> (0x00000000f67cf348) 
thrown [s\src\hotspot\share\interpreter\linkResolver.cpp, line 871]
Event: 4.693 Thread 0x0000018a720804e0 Exception <a 'java/lang/NoSuchMethodError'{0x00000000f64d24c8}: 'java.lang.Object java.lang.invoke.DirectMethodHandle$Holder.invokeInterface(java.lang.Object, java.lang.Object, java.lang.Object)'> (0x00000000f64d24c8) 
thrown [s\src\hotspot\share\interpreter\linkResolver.cpp, line 804]
Event: 4.728 Thread 0x0000018a720804e0 Exception <a 'java/lang/IncompatibleClassChangeError'{0x00000000f62b1da0}: Found class java.lang.Object, but interface was expected> (0x00000000f62b1da0) 
thrown [s\src\hotspot\share\interpreter\linkResolver.cpp, line 871]
Event: 4.735 Thread 0x0000018a720804e0 Exception <a 'sun/nio/fs/WindowsException'{0x00000000f62f3710}> (0x00000000f62f3710) 
thrown [s\src\hotspot\share\prims\jni.cpp, line 516]
Event: 4.774 Thread 0x0000018a720804e0 Exception <a 'java/lang/NoSuchMethodError'{0x00000000f5f823d0}: 'java.lang.Object java.lang.invoke.DirectMethodHandle$Holder.invokeSpecial(java.lang.Object, java.lang.Object, java.lang.Object, java.lang.Object, java.lang.Object, java.lang.Object, int)'> (0x00000000f5f823d0) 
thrown [s\src\hotspot\share\interpreter\linkResolver.cpp, line 804]
Event: 4.775 Thread 0x0000018a720804e0 Exception <a 'java/lang/NoSuchMethodError'{0x00000000f5f94bd8}: 'java.lang.Object java.lang.invoke.DirectMethodHandle$Holder.newInvokeSpecial(java.lang.Object, java.lang.Object, java.lang.Object, java.lang.Object, java.lang.Object, java.lang.Object, int)'> (0x00000000f5f94bd8) 
thrown [s\src\hotspot\share\interpreter\linkResolver.cpp, line 804]
Event: 4.775 Thread 0x0000018a720804e0 Exception <a 'java/lang/NoSuchMethodError'{0x00000000f5f9e400}: 'java.lang.Object java.lang.invoke.DirectMethodHandle$Holder.invokeSpecial(java.lang.Object, java.lang.Object, java.lang.Object, java.lang.Object, java.lang.Object, java.lang.Object, java.lang.Object, int)'> (0x00000000f5f9e400) 
thrown [s\src\hotspot\share\interpreter\linkResolver.cpp, line 804]
Event: 4.793 Thread 0x0000018a720804e0 Implicit null exception at 0x0000018a07c82bce to 0x0000018a07c85c78
Event: 4.822 Thread 0x0000018a720804e0 Exception <a 'java/lang/NoSuchMethodError'{0x00000000f5c45d98}: 'java.lang.Object java.lang.invoke.DirectMethodHandle$Holder.newInvokeSpecial(java.lang.Object, java.lang.Object, java.lang.Object, int, java.lang.Object)'> (0x00000000f5c45d98) 
thrown [s\src\hotspot\share\interpreter\linkResolver.cpp, line 804]
Event: 4.822 Thread 0x0000018a720804e0 Exception <a 'java/lang/NoSuchMethodError'{0x00000000f5c4eb98}: 'java.lang.Object java.lang.invoke.Invokers$Holder.linkToTargetMethod(java.lang.Object, java.lang.Object, int, java.lang.Object, java.lang.Object)'> (0x00000000f5c4eb98) 
thrown [s\src\hotspot\share\interpreter\linkResolver.cpp, line 804]
Event: 4.824 Thread 0x0000018a720804e0 Exception <a 'java/lang/NoSuchMethodError'{0x00000000f5c6b908}: 'java.lang.Object java.lang.invoke.DirectMethodHandle$Holder.newInvokeSpecial(java.lang.Object, int, java.lang.Object)'> (0x00000000f5c6b908) 
thrown [s\src\hotspot\share\interpreter\linkResolver.cpp, line 804]

VM Operations (20 events):
Event: 4.517 Executing safepoint VM operation: CollectForMetadataAllocation (Metadata GC Threshold)
Event: 4.523 Executing safepoint VM operation: CollectForMetadataAllocation (Metadata GC Threshold) done
Event: 4.554 Executing safepoint VM operation: CollectForMetadataAllocation (Metadata GC Threshold)
Event: 4.558 Executing safepoint VM operation: CollectForMetadataAllocation (Metadata GC Threshold) done
Event: 4.567 Executing safepoint VM operation: G1PauseRemark
Event: 4.572 Executing safepoint VM operation: G1PauseRemark done
Event: 4.576 Executing safepoint VM operation: G1PauseCleanup
Event: 4.576 Executing safepoint VM operation: G1PauseCleanup done
Event: 4.644 Executing non-safepoint VM operation: HandshakeAllThreads (Deoptimize)
Event: 4.644 Executing non-safepoint VM operation: HandshakeAllThreads (Deoptimize) done
Event: 4.676 Executing non-safepoint VM operation: HandshakeAllThreads (Deoptimize)
Event: 4.676 Executing non-safepoint VM operation: HandshakeAllThreads (Deoptimize) done
Event: 4.676 Executing non-safepoint VM operation: HandshakeAllThreads (Deoptimize)
Event: 4.676 Executing non-safepoint VM operation: HandshakeAllThreads (Deoptimize) done
Event: 4.736 Executing non-safepoint VM operation: HandshakeAllThreads (Deoptimize)
Event: 4.736 Executing non-safepoint VM operation: HandshakeAllThreads (Deoptimize) done
Event: 4.737 Executing non-safepoint VM operation: HandshakeAllThreads (Deoptimize)
Event: 4.737 Executing non-safepoint VM operation: HandshakeAllThreads (Deoptimize) done
Event: 4.803 Executing non-safepoint VM operation: HandshakeAllThreads (Deoptimize)
Event: 4.803 Executing non-safepoint VM operation: HandshakeAllThreads (Deoptimize) done

Memory protections (0 events):
No events

Nmethod flushes (20 events):
Event: 4.571 Thread 0x0000018a74543d40 flushing  nmethod 0x0000018a0051cb88
Event: 4.571 Thread 0x0000018a74543d40 flushing  nmethod 0x0000018a0051ed88
Event: 4.571 Thread 0x0000018a74543d40 flushing  nmethod 0x0000018a00520088
Event: 4.571 Thread 0x0000018a74543d40 flushing  nmethod 0x0000018a00520708
Event: 4.571 Thread 0x0000018a74543d40 flushing  nmethod 0x0000018a00523188
Event: 4.571 Thread 0x0000018a74543d40 flushing  nmethod 0x0000018a00524688
Event: 4.571 Thread 0x0000018a74543d40 flushing  nmethod 0x0000018a0052fb88
Event: 4.571 Thread 0x0000018a74543d40 flushing  nmethod 0x0000018a00533308
Event: 4.571 Thread 0x0000018a74543d40 flushing  nmethod 0x0000018a00553608
Event: 4.571 Thread 0x0000018a74543d40 flushing  nmethod 0x0000018a00553e08
Event: 4.571 Thread 0x0000018a74543d40 flushing  nmethod 0x0000018a00554108
Event: 4.571 Thread 0x0000018a74543d40 flushing  nmethod 0x0000018a00554408
Event: 4.571 Thread 0x0000018a74543d40 flushing  nmethod 0x0000018a0056b588
Event: 4.571 Thread 0x0000018a74543d40 flushing  nmethod 0x0000018a00571f88
Event: 4.571 Thread 0x0000018a74543d40 flushing  nmethod 0x0000018a00581988
Event: 4.571 Thread 0x0000018a74543d40 flushing  nmethod 0x0000018a005a8f88
Event: 4.571 Thread 0x0000018a74543d40 flushing  nmethod 0x0000018a005c4988
Event: 4.571 Thread 0x0000018a74543d40 flushing  nmethod 0x0000018a005c4d88
Event: 4.571 Thread 0x0000018a74543d40 flushing  nmethod 0x0000018a005e2488
Event: 4.571 Thread 0x0000018a74543d40 flushing  nmethod 0x0000018a00736308

Events (17 events):
Event: 0.020 Thread 0x0000018a720804e0 Thread added: 0x0000018a720804e0
Event: 0.030 Thread 0x0000018a720804e0 Thread added: 0x0000018a74554a40
Event: 0.030 Thread 0x0000018a720804e0 Thread added: 0x0000018a745554a0
Event: 0.030 Thread 0x0000018a720804e0 Thread added: 0x0000018a745579d0
Event: 0.030 Thread 0x0000018a720804e0 Thread added: 0x0000018a7455b080
Event: 0.030 Thread 0x0000018a720804e0 Thread added: 0x0000018a74563c50
Event: 0.030 Thread 0x0000018a720804e0 Thread added: 0x0000018a74564810
Event: 0.030 Thread 0x0000018a720804e0 Thread added: 0x0000018a0f5720a0
Event: 0.031 Thread 0x0000018a720804e0 Thread added: 0x0000018a0f575100
Event: 0.034 Thread 0x0000018a720804e0 Thread added: 0x0000018a0f62e530
Event: 0.035 Thread 0x0000018a720804e0 Thread added: 0x0000018a0f6334e0
Event: 0.092 Thread 0x0000018a0f5720a0 Thread added: 0x0000018a0f56f850
Event: 0.174 Thread 0x0000018a720804e0 Thread added: 0x0000018a14051a10
Event: 0.183 Thread 0x0000018a14051a10 Thread exited: 0x0000018a14051a10
Event: 0.566 Thread 0x0000018a0f575100 Thread added: 0x0000018a0f570060
Event: 3.640 Thread 0x0000018a720804e0 Thread added: 0x0000018a14f21030
Event: 3.673 Thread 0x0000018a14f21030 Thread exited: 0x0000018a14f21030


Dynamic libraries:
0x00007ff757440000 - 0x00007ff75744e000 	C:\Program Files\Eclipse Adoptium\jdk-25.0.2.10-hotspot\bin\java.exe
0x00007ff93aa10000 - 0x00007ff93ac08000 	C:\WINDOWS\SYSTEM32\ntdll.dll
0x00007ff939f10000 - 0x00007ff939fd2000 	C:\WINDOWS\System32\KERNEL32.DLL
0x00007ff938490000 - 0x00007ff938786000 	C:\WINDOWS\System32\KERNELBASE.dll
0x00007ff938390000 - 0x00007ff938490000 	C:\WINDOWS\System32\ucrtbase.dll
0x00007ff8ffc60000 - 0x00007ff8ffc76000 	C:\Program Files\Eclipse Adoptium\jdk-25.0.2.10-hotspot\bin\jli.dll
0x00007ff8fddd0000 - 0x00007ff8fddee000 	C:\Program Files\Eclipse Adoptium\jdk-25.0.2.10-hotspot\bin\VCRUNTIME140.dll
0x00007ff93a240000 - 0x00007ff93a3e1000 	C:\WINDOWS\System32\USER32.dll
0x00007ff938230000 - 0x00007ff938252000 	C:\WINDOWS\System32\win32u.dll
0x00007ff922390000 - 0x00007ff92262b000 	C:\WINDOWS\WinSxS\amd64_microsoft.windows.common-controls_6595b64144ccf1df_6.0.19041.6456_none_60b8a6cb71f64256\COMCTL32.dll
0x00007ff93a9a0000 - 0x00007ff93a9cb000 	C:\WINDOWS\System32\GDI32.dll
0x00007ff93a0e0000 - 0x00007ff93a17e000 	C:\WINDOWS\System32\msvcrt.dll
0x00007ff9388c0000 - 0x00007ff9389d9000 	C:\WINDOWS\System32\gdi32full.dll
0x00007ff938820000 - 0x00007ff9388bd000 	C:\WINDOWS\System32\msvcp_win.dll
0x00007ff938f10000 - 0x00007ff938f3f000 	C:\WINDOWS\System32\IMM32.DLL
0x00007ff8fddc0000 - 0x00007ff8fddcc000 	C:\Program Files\Eclipse Adoptium\jdk-25.0.2.10-hotspot\bin\vcruntime140_1.dll
0x00007ff8d3b40000 - 0x00007ff8d3bcd000 	C:\Program Files\Eclipse Adoptium\jdk-25.0.2.10-hotspot\bin\msvcp140.dll
0x00007ff83a000000 - 0x00007ff83af26000 	C:\Program Files\Eclipse Adoptium\jdk-25.0.2.10-hotspot\bin\server\jvm.dll
0x00007ff938ff0000 - 0x00007ff9390a1000 	C:\WINDOWS\System32\ADVAPI32.dll
0x00007ff93a900000 - 0x00007ff93a99f000 	C:\WINDOWS\System32\sechost.dll
0x00007ff938b00000 - 0x00007ff938c20000 	C:\WINDOWS\System32\RPCRT4.dll
0x00007ff9380a0000 - 0x00007ff9380c7000 	C:\WINDOWS\System32\bcrypt.dll
0x00007ff939fe0000 - 0x00007ff93a04b000 	C:\WINDOWS\System32\WS2_32.dll
0x00007ff937950000 - 0x00007ff93799b000 	C:\WINDOWS\SYSTEM32\POWRPROF.dll
0x00007ff92d5d0000 - 0x00007ff92d5f7000 	C:\WINDOWS\SYSTEM32\WINMM.dll
0x00007ff929de0000 - 0x00007ff929dea000 	C:\WINDOWS\SYSTEM32\VERSION.dll
0x00007ff937930000 - 0x00007ff937942000 	C:\WINDOWS\SYSTEM32\UMPDC.dll
0x00007ff935ef0000 - 0x00007ff935f02000 	C:\WINDOWS\SYSTEM32\kernel.appcore.dll
0x00007ff8fa340000 - 0x00007ff8fa34a000 	C:\Program Files\Eclipse Adoptium\jdk-25.0.2.10-hotspot\bin\jimage.dll
0x00007ff9296f0000 - 0x00007ff9298f1000 	C:\WINDOWS\SYSTEM32\DBGHELP.DLL
0x00007ff926930000 - 0x00007ff926964000 	C:\WINDOWS\SYSTEM32\dbgcore.DLL
0x00007ff938790000 - 0x00007ff938812000 	C:\WINDOWS\System32\bcryptPrimitives.dll
0x00007ff8fa320000 - 0x00007ff8fa33e000 	C:\Program Files\Eclipse Adoptium\jdk-25.0.2.10-hotspot\bin\java.dll
0x00007ff939150000 - 0x00007ff93927b000 	C:\WINDOWS\System32\ole32.dll
0x00007ff93a5a0000 - 0x00007ff93a8f4000 	C:\WINDOWS\System32\combase.dll
0x00007ff9396f0000 - 0x00007ff939e60000 	C:\WINDOWS\System32\SHELL32.dll
0x00007ff9360f0000 - 0x00007ff936895000 	C:\WINDOWS\SYSTEM32\windows.storage.dll
0x00007ff9379f0000 - 0x00007ff937a1b000 	C:\WINDOWS\SYSTEM32\Wldp.dll
0x00007ff938a30000 - 0x00007ff938afd000 	C:\WINDOWS\System32\OLEAUT32.dll
0x00007ff938f40000 - 0x00007ff938fed000 	C:\WINDOWS\System32\SHCORE.dll
0x00007ff93a1e0000 - 0x00007ff93a23b000 	C:\WINDOWS\System32\shlwapi.dll
0x00007ff937fd0000 - 0x00007ff937ff4000 	C:\WINDOWS\SYSTEM32\profapi.dll
0x00007ff8f8720000 - 0x00007ff8f8731000 	C:\Program Files\Eclipse Adoptium\jdk-25.0.2.10-hotspot\bin\net.dll
0x00007ff937760000 - 0x00007ff9377ca000 	C:\WINDOWS\system32\mswsock.dll
0x00007ff8f7eb0000 - 0x00007ff8f7ec6000 	C:\Program Files\Eclipse Adoptium\jdk-25.0.2.10-hotspot\bin\nio.dll
0x00007ff8f6780000 - 0x00007ff8f6797000 	C:\Program Files\Eclipse Adoptium\jdk-25.0.2.10-hotspot\bin\zip.dll
0x00007ff8e59c0000 - 0x00007ff8e59e4000 	C:\Users\felli\.m2\wrapper\dists\apache-maven-3.9.14\ed7edd442f634ac1c1ef5ba2b61b6d690b5221091f1a8e1123f5fadcc967520d\lib\jansi-native\Windows\x86_64\jansi.dll
0x00007ff8fa5e0000 - 0x00007ff8fa5f0000 	C:\Program Files\Eclipse Adoptium\jdk-25.0.2.10-hotspot\bin\verify.dll

JVMTI agents: none

dbghelp: loaded successfully - version: 4.0.5 - missing functions: none
symbol engine: initialized successfully - sym options: 0x614 - pdb path: .;C:\Program Files\Eclipse Adoptium\jdk-25.0.2.10-hotspot\bin;C:\WINDOWS\SYSTEM32;C:\WINDOWS\WinSxS\amd64_microsoft.windows.common-controls_6595b64144ccf1df_6.0.19041.6456_none_60b8a6cb71f64256;C:\Program Files\Eclipse Adoptium\jdk-25.0.2.10-hotspot\bin\server;C:\Users\felli\.m2\wrapper\dists\apache-maven-3.9.14\ed7edd442f634ac1c1ef5ba2b61b6d690b5221091f1a8e1123f5fadcc967520d\lib\jansi-native\Windows\x86_64

VM Arguments:
jvm_args: -Xms64m -Xmx256m -XX:MaxMetaspaceSize=128m -Dclassworlds.conf=C:\Users\felli\.m2\wrapper\dists\apache-maven-3.9.14\ed7edd442f634ac1c1ef5ba2b61b6d690b5221091f1a8e1123f5fadcc967520d\bin\m2.conf -Dmaven.home=C:\Users\felli\.m2\wrapper\dists\apache-maven-3.9.14\ed7edd442f634ac1c1ef5ba2b61b6d690b5221091f1a8e1123f5fadcc967520d -Dlibrary.jansi.path=C:\Users\felli\.m2\wrapper\dists\apache-maven-3.9.14\ed7edd442f634ac1c1ef5ba2b61b6d690b5221091f1a8e1123f5fadcc967520d\lib\jansi-native -Dmaven.multiModuleProjectDirectory=C:\Users\felli\Desktop\arbor 
java_command: org.codehaus.plexus.classworlds.launcher.Launcher -q -DskipTests=false test
java_class_path (initial): C:\Users\felli\.m2\wrapper\dists\apache-maven-3.9.14\ed7edd442f634ac1c1ef5ba2b61b6d690b5221091f1a8e1123f5fadcc967520d\boot\plexus-classworlds-2.9.0.jar
Launcher Type: SUN_STANDARD

[Global flags]
     intx CICompilerCount                          = 4                                         {product} {ergonomic}
   size_t CompressedClassSpaceSize                 = 117440512                                 {product} {ergonomic}
     uint ConcGCThreads                            = 3                                         {product} {ergonomic}
     uint G1ConcRefinementThreads                  = 10                                        {product} {ergonomic}
   size_t G1HeapRegionSize                         = 1048576                                   {product} {ergonomic}
   size_t InitialHeapSize                          = 67108864                                  {product} {command line}
   size_t MarkStackSize                            = 4194304                                   {product} {ergonomic}
   size_t MarkStackSizeMax                         = 536870912                                 {product} {ergonomic}
   size_t MaxHeapSize                              = 268435456                                 {product} {command line}
   size_t MaxMetaspaceSize                         = 134217728                                 {product} {command line}
   size_t MaxNewSize                               = 160432128                                 {product} {ergonomic}
   size_t MinHeapDeltaBytes                        = 1048576                                   {product} {ergonomic}
   size_t MinHeapSize                              = 67108864                                  {product} {command line}
    uintx NonNMethodCodeHeapSize                   = 5832704                                {pd product} {ergonomic}
    uintx NonProfiledCodeHeapSize                  = 122945536                              {pd product} {ergonomic}
    uintx ProfiledCodeHeapSize                     = 122880000                              {pd product} {ergonomic}
    uintx ReservedCodeCacheSize                    = 251658240                              {pd product} {ergonomic}
     bool SegmentedCodeCache                       = true                                      {product} {ergonomic}
   size_t SoftMaxHeapSize                          = 268435456                              {manageable} {ergonomic}
     bool UseCompressedOops                        = true                           {product lp64_product} {ergonomic}
     bool UseG1GC                                  = true                                      {product} {ergonomic}
     bool UseLargePagesIndividualAllocation        = false                                  {pd product} {ergonomic}

Logging:
Log output configuration:
 #0: stdout all=warning uptime,level,tags foldmultilines=false
 #1: stderr all=off uptime,level,tags foldmultilines=false

Release file:
IMPLEMENTOR="Eclipse Adoptium" 
IMPLEMENTOR_VERSION="Temurin-25.0.2+10" 
JAVA_RUNTIME_VERSION="25.0.2+10-LTS" 
JAVA_VERSION="25.0.2" 
JAVA_VERSION_DATE="2026-01-20" 
LIBC="default" 
MODULES="java.base java.compiler java.datatransfer java.xml java.prefs java.desktop java.instrument java.logging java.management java.security.sasl java.naming java.rmi java.management.rmi java.net.http java.scripting java.security.jgss java.transaction.xa java.sql java.sql.rowset java.xml.crypto java.se java.smartcardio jdk.accessibility jdk.internal.jvmstat jdk.attach jdk.charsets jdk.internal.opt jdk.zipfs jdk.compiler jdk.crypto.cryptoki jdk.crypto.ec jdk.crypto.mscapi jdk.dynalink jdk.internal.ed jdk.editpad jdk.internal.vm.ci jdk.graal.compiler jdk.graal.compiler.management jdk.hotspot.agent jdk.httpserver jdk.incubator.vector jdk.internal.le jdk.internal.md jdk.jartool jdk.javadoc jdk.jcmd jdk.management jdk.management.agent jdk.jconsole jdk.jdeps jdk.jdwp.agent jdk.jdi jdk.jfr jdk.jlink jdk.jpackage jdk.jshell jdk.jsobject jdk.jstatd jdk.localedata jdk.management.jfr jdk.naming.dns jdk.naming.rmi jdk.net jdk.nio.mapmode jdk.sctp jdk.security.auth jdk.security.jgss jdk.unsupported jdk.unsupported.desktop jdk.xml.dom" 
OS_ARCH="x86_64" 
OS_NAME="Windows" 
SOURCE=".:git:9e3c947043a4" 
BUILD_SOURCE="git:458965074606f027bd5afce2cfd5c1055dea0438"
BUILD_SOURCE_REPO="https://github.com/adoptium/temurin-build.git"
SOURCE_REPO="https://github.com/adoptium/jdk25u.git"
FULL_VERSION="25.0.2+10-LTS"
SEMANTIC_VERSION="25.0.2+10"
BUILD_INFO="OS: Windows Server 2022 Version: 10.0"
JVM_VARIANT="Hotspot"
JVM_VERSION="25.0.2+10-LTS"
IMAGE_TYPE="JDK"

Environment Variables:
PATH=C:\Program Files\Eclipse Adoptium\jdk-25.0.2.10-hotspot\bin;C:\Python313\Scripts\;C:\Python313\;C:\Program Files\Eclipse Adoptium\jdk-17.0.15.6-hotspot\bin;C:\Program Files\Common Files\Oracle\Java\javapath;C:\Program Files (x86)\Common Files\Oracle\Java\java8path;C:\Program Files (x86)\Common Files\Oracle\Java\javapath;C:\WINDOWS\system32;C:\WINDOWS;C:\WINDOWS\System32\Wbem;C:\WINDOWS\System32\WindowsPowerShell\v1.0\;C:\WINDOWS\System32\OpenSSH\;C:\Program Files\Git\cmd;C:\Program Files\dotnet\;C:\ProgramData\chocolatey\bin;C:\Program Files\nodejs\;C:\Program Files (x86)\ZeroTier\One\;C:\Program Files\Docker\Docker\resources\bin;C:\Users\felli\AppData\Local\Programs\Eclipse Adoptium\jdk-21.0.7.6-hotspot\bin;C:\Users\felli\AppData\Local\Microsoft\WindowsApps;C:\Users\felli\AppData\Local\Programs\Microsoft VS Code\bin;C:\Users\felli\AppData\Roaming\npm;C:\Users\felli\AppData\Local\Programs\Antigravity\bin;C:\ghcup\bin
USERNAME=felli
OS=Windows_NT
PROCESSOR_IDENTIFIER=AMD64 Family 25 Model 80 Stepping 0, AuthenticAMD
TMP=C:\Users\felli\AppData\Local\Temp
TEMP=C:\Users\felli\AppData\Local\Temp




Compilation memory statistics disabled.

Periodic native trim disabled

---------------  S Y S T E M  ---------------

OS:
 Windows 10 , 64 bit Build 19041 (10.0.19041.5915)
OS uptime: 0 days 1:52 hours
Hyper-V role detected

CPU: total 12 (initial active 12) (12 cores per cpu, 2 threads per core) family 25 model 80 stepping 0 microcode 0x0, cx8, cmov, fxsr, ht, mmx, 3dnowpref, sse, sse2, sse3, ssse3, sse4a, sse4.1, sse4.2, popcnt, lzcnt, tsc, tscinvbit, avx, avx2, aes, erms, clmul, bmi1, bmi2, adx, sha, fma, vzeroupper, clflush, clflushopt, clwb, hv, rdtscp, rdpid, fsrm, f16c, cet_ss
Processor Information for the first 12 processors :
  Max Mhz: 3600, Current Mhz: 3600, Mhz Limit: 3600

Memory: 4k page, system-wide physical 16255M (1262M free)
TotalPageFile size 24447M (AvailPageFile size 9M)
current process WorkingSet (physical memory assigned to process): 250M, peak: 274M
current process commit charge ("private bytes"): 293M, peak: 326M

vm_info: OpenJDK 64-Bit Server VM (25.0.2+10-LTS) for windows-amd64 JRE (25.0.2+10-LTS), built on 2026-01-20T00:00:00Z with MS VC++ 17.12 (VS2022)

END.
