#
# There is insufficient memory for the Java Runtime Environment to continue.
# Native memory allocation (malloc) failed to allocate 1698136 bytes. Error detail: Chunk::new
# Possible reasons:
#   The system is out of physical RAM or swap space
#   This process is running with CompressedOops enabled, and the Java Heap may be blocking the growth of the native heap
# Possible solutions:
#   Reduce memory load on the system
#   Increase physical memory or swap space
#   Check if swap backing store is full
#   Decrease Java heap size (-Xmx/-Xms)
#   Decrease number of Java threads
#   Decrease Java thread stack sizes (-Xss)
#   Set larger code cache with -XX:ReservedCodeCacheSize=
#   JVM is running with Unscaled Compressed Oops mode in which the Java heap is
#     placed in the first 4GB address space. The Java Heap base address is the
#     maximum limit for the native heap growth. Please use -XX:HeapBaseMinAddress
#     to set the Java Heap base and to place the Java Heap above 4GB virtual address.
# This output file may be truncated or incomplete.
#
#  Out of Memory Error (arena.cpp:186), pid=1084, tid=19800
#
# JRE version: OpenJDK Runtime Environment Temurin-25.0.2+10 (25.0.2+10) (build 25.0.2+10-LTS)
# Java VM: OpenJDK 64-Bit Server VM Temurin-25.0.2+10 (25.0.2+10-LTS, mixed mode, sharing, tiered, compressed oops, compressed class ptrs, g1 gc, windows-amd64)
# No core dump will be written. Minidumps are not enabled by default on client versions of Windows
#

---------------  S U M M A R Y ------------

Command Line: -Xms64m -Xmx256m -XX:MaxMetaspaceSize=128m -Dclassworlds.conf=C:\Users\felli\.m2\wrapper\dists\apache-maven-3.9.14\ed7edd442f634ac1c1ef5ba2b61b6d690b5221091f1a8e1123f5fadcc967520d\bin\m2.conf -Dmaven.home=C:\Users\felli\.m2\wrapper\dists\apache-maven-3.9.14\ed7edd442f634ac1c1ef5ba2b61b6d690b5221091f1a8e1123f5fadcc967520d -Dlibrary.jansi.path=C:\Users\felli\.m2\wrapper\dists\apache-maven-3.9.14\ed7edd442f634ac1c1ef5ba2b61b6d690b5221091f1a8e1123f5fadcc967520d\lib\jansi-native -Dmaven.multiModuleProjectDirectory=C:\Users\felli\Desktop\arbor org.codehaus.plexus.classworlds.launcher.Launcher -q -DskipTests=false test

Host: AMD Ryzen 5 5500                               , 12 cores, 15G,  Windows 10 , 64 bit Build 19041 (10.0.19041.5915)
Time: Thu May 14 14:14:06 2026 Hora oficial do Brasil elapsed time: 1.137269 seconds (0d 0h 0m 1s)

---------------  T H R E A D  ---------------

Current thread (0x00000137b8bc6130):  JavaThread "C2 CompilerThread0" daemon [_thread_in_native, id=19800, stack(0x00000011e7200000,0x00000011e7300000) (1024K)]


Current CompileTask:
C2:1137 2475       4       java.util.TimSort::binarySort (223 bytes)

Stack: [0x00000011e7200000,0x00000011e7300000]
Native frames: (J=compiled Java code, j=interpreted, Vv=VM code, C=native code)
V  [jvm.dll+0x7a8bc9]  (no source info available)
V  [jvm.dll+0x77310d]  (no source info available)
V  [jvm.dll+0x9f55f3]  (no source info available)
V  [jvm.dll+0x9f7be1]  (no source info available)
V  [jvm.dll+0x9f82f3]  (no source info available)
V  [jvm.dll+0x2fce26]  (no source info available)
V  [jvm.dll+0x111076]  (no source info available)
V  [jvm.dll+0x11139e]  (no source info available)
V  [jvm.dll+0x19fff2]  (no source info available)
V  [jvm.dll+0x3b5f62]  (no source info available)
V  [jvm.dll+0x7ae53c]  (no source info available)
V  [jvm.dll+0x2c0407]  (no source info available)
V  [jvm.dll+0x2bf3cf]  (no source info available)
V  [jvm.dll+0x237140]  (no source info available)
V  [jvm.dll+0x2cf4c6]  (no source info available)
V  [jvm.dll+0x2cd74a]  (no source info available)
V  [jvm.dll+0x48fbee]  (no source info available)
V  [jvm.dll+0x996b0d]  (no source info available)
V  [jvm.dll+0x7a71a5]  (no source info available)
C  [ucrtbase.dll+0x21bb2]  (no source info available)
C  [KERNEL32.DLL+0x17374]  (no source info available)
C  [ntdll.dll+0x4cc91]  (no source info available)

Lock stack of current Java thread (top to bottom):


---------------  P R O C E S S  ---------------

Threads class SMR info:
_java_thread_list=0x00000137d8bd3f70, length=13, elements={
0x00000137b6770310, 0x00000137b8bb7800, 0x00000137b8bb8260, 0x00000137b8bbaba0,
0x00000137b8bbbab0, 0x00000137b8bbc670, 0x00000137b8bc5240, 0x00000137b8bc6130,
0x00000137b8bcc210, 0x00000137d3baf810, 0x00000137d3baffd0, 0x00000137d8100270,
0x00000137d8b80150
}

Java Threads: ( => current thread )
  0x00000137b6770310 JavaThread "main"                              [_thread_in_vm, id=4396, stack(0x00000011e6400000,0x00000011e6500000) (1024K)]
  0x00000137b8bb7800 JavaThread "Reference Handler"          daemon [_thread_blocked, id=20440, stack(0x00000011e6c00000,0x00000011e6d00000) (1024K)]
  0x00000137b8bb8260 JavaThread "Finalizer"                  daemon [_thread_blocked, id=16288, stack(0x00000011e6d00000,0x00000011e6e00000) (1024K)]
  0x00000137b8bbaba0 JavaThread "Signal Dispatcher"          daemon [_thread_blocked, id=8576, stack(0x00000011e6e00000,0x00000011e6f00000) (1024K)]
  0x00000137b8bbbab0 JavaThread "Attach Listener"            daemon [_thread_blocked, id=7728, stack(0x00000011e6f00000,0x00000011e7000000) (1024K)]
  0x00000137b8bbc670 JavaThread "Service Thread"             daemon [_thread_blocked, id=17040, stack(0x00000011e7000000,0x00000011e7100000) (1024K)]
  0x00000137b8bc5240 JavaThread "Monitor Deflation Thread"   daemon [_thread_blocked, id=21160, stack(0x00000011e7100000,0x00000011e7200000) (1024K)]
=>0x00000137b8bc6130 JavaThread "C2 CompilerThread0"         daemon [_thread_in_native, id=19800, stack(0x00000011e7200000,0x00000011e7300000) (1024K)]
  0x00000137b8bcc210 JavaThread "C1 CompilerThread0"         daemon [_thread_in_native, id=16280, stack(0x00000011e7300000,0x00000011e7400000) (1024K)]
  0x00000137d3baf810 JavaThread "Notification Thread"        daemon [_thread_blocked, id=18900, stack(0x00000011e7400000,0x00000011e7500000) (1024K)]
  0x00000137d3baffd0 JavaThread "Common-Cleaner"             daemon [_thread_blocked, id=10688, stack(0x00000011e7500000,0x00000011e7600000) (1024K)]
  0x00000137d8100270 JavaThread "C2 CompilerThread1"         daemon [_thread_in_native, id=276, stack(0x00000011e7600000,0x00000011e7700000) (1024K)]
  0x00000137d8b80150 JavaThread "C2 CompilerThread2"         daemon [_thread_in_native, id=21064, stack(0x00000011e7700000,0x00000011e7800000) (1024K)]
Total: 13

Other Threads:
  0x00000137b8ba5f60 VMThread "VM Thread"                           [id=18456, stack(0x00000011e6b00000,0x00000011e6c00000) (1024K)]
  0x00000137b8b9a0e0 WatcherThread "VM Periodic Task Thread"        [id=8588, stack(0x00000011e6a00000,0x00000011e6b00000) (1024K)]
  0x00000137b8b2aad0 WorkerThread "GC Thread#0"                     [id=12712, stack(0x00000011e6500000,0x00000011e6600000) (1024K)]
  0x00000137d8f284d0 WorkerThread "GC Thread#1"                     [id=16200, stack(0x00000011e7800000,0x00000011e7900000) (1024K)]
  0x00000137d8eab940 WorkerThread "GC Thread#2"                     [id=16332, stack(0x00000011e7900000,0x00000011e7a00000) (1024K)]
  0x00000137d8eabd70 WorkerThread "GC Thread#3"                     [id=16952, stack(0x00000011e7a00000,0x00000011e7b00000) (1024K)]
  0x00000137d8ff3a50 WorkerThread "GC Thread#4"                     [id=17204, stack(0x00000011e7b00000,0x00000011e7c00000) (1024K)]
  0x00000137d8ff2910 WorkerThread "GC Thread#5"                     [id=7796, stack(0x00000011e7c00000,0x00000011e7d00000) (1024K)]
  0x00000137d8ff7b00 WorkerThread "GC Thread#6"                     [id=19820, stack(0x00000011e7d00000,0x00000011e7e00000) (1024K)]
  0x00000137b8b2ed20 ConcurrentGCThread "G1 Main Marker"            [id=8452, stack(0x00000011e6600000,0x00000011e6700000) (1024K)]
  0x00000137b8b300d0 WorkerThread "G1 Conc#0"                       [id=17700, stack(0x00000011e6700000,0x00000011e6800000) (1024K)]
  0x00000137b8b81a70 ConcurrentGCThread "G1 Refine#0"               [id=15564, stack(0x00000011e6800000,0x00000011e6900000) (1024K)]
  0x00000137b8b83a90 ConcurrentGCThread "G1 Service"                [id=19056, stack(0x00000011e6900000,0x00000011e6a00000) (1024K)]
Total: 13

Threads with active compile tasks:
C2 CompilerThread0  1196 2475       4       java.util.TimSort::binarySort (223 bytes)
C2 CompilerThread1  1197 2577       4       com.google.inject.TypeLiteral::<init> (43 bytes)
C2 CompilerThread2  1197 2623       4       com.google.inject.internal.MoreTypes::canonicalize (143 bytes)
Total: 3

VM state: not at safepoint (normal execution)

VM Mutex/Monitor currently owned by a thread: None

Heap address: 0x00000000f0000000, size: 256 MB, Compressed Oops mode: 32-bit

CDS archive(s) mapped at: [0x00000000ae000000-0x00000000aedd0000-0x00000000aedd0000), size 14483456, SharedBaseAddress: 0x00000000ae000000, ArchiveRelocationMode: 1.
Compressed class space mapped at: 0x00000000af000000-0x00000000b6000000, reserved size: 117440512
UseCompressedClassPointers 1, UseCompactObjectHeaders 0
Narrow klass pointer bits 32, Max shift 3
Narrow klass base: 0x00000000ae000000, Narrow klass shift: 0
Encoding Range: [0x00000000ae000000 - 0x00000001ae000000), (4294967296 bytes)
Klass Range:    [0x00000000ae010000 - 0x00000000b6000000), (134152192 bytes)
Klass ID Range:  [65536 - 134217721) (134152185)
Protection zone: [0x00000000ae000000 - 0x00000000ae010000), (65536 bytes)

GC Precious Log:
 CardTable entry size: 512
 Card Set container configuration: InlinePtr #cards 5 size 8 Array Of Cards #cards 10 size 36 Howl #buckets 4 coarsen threshold 1843 Howl Bitmap #cards 512 size 80 coarsen threshold 460 Card regions per heap region 1 cards per card region 2048
 CPUs: 12 total, 12 available
 Memory: 16255M
 Large Page Support: Disabled
 NUMA Support: Disabled
 Compressed Oops: Enabled (32-bit)
 Heap Region Size: 1M
 Heap Min Capacity: 64M
 Heap Initial Capacity: 64M
 Heap Max Capacity: 256M
 Pre-touch: Disabled
 Parallel Workers: 10
 Concurrent Workers: 3
 Concurrent Refinement Workers: 10
 Periodic GC: Disabled

Heap:
 garbage-first heap   total reserved 262144K, committed 67584K, used 9255K [0x00000000f0000000, 0x0000000100000000)
  region size 1024K, 6 young (6144K), 3 survivors (3072K)

Heap Regions: E=young(eden), S=young(survivor), O=old, HS=humongous(starts), HC=humongous(continues), CS=collection set, F=free, TAMS=top-at-mark-start, PB=parsable bottom
|   0|0x00000000f0000000, 0x00000000f0100000, 0x00000000f0100000|100%| O|  |TAMS 0x00000000f0000000| PB 0x00000000f0000000| Untracked |  0
|   1|0x00000000f0100000, 0x00000000f0200000, 0x00000000f0200000|100%| O|  |TAMS 0x00000000f0100000| PB 0x00000000f0100000| Untracked |  0
|   2|0x00000000f0200000, 0x00000000f0300000, 0x00000000f0300000|100%| O|  |TAMS 0x00000000f0200000| PB 0x00000000f0200000| Untracked |  0
|   3|0x00000000f0300000, 0x00000000f0350a00, 0x00000000f0400000| 31%| O|  |TAMS 0x00000000f0300000| PB 0x00000000f0300000| Untracked |  0
|   4|0x00000000f0400000, 0x00000000f0400000, 0x00000000f0500000|  0%| F|  |TAMS 0x00000000f0400000| PB 0x00000000f0400000| Untracked |  0
|   5|0x00000000f0500000, 0x00000000f0500000, 0x00000000f0600000|  0%| F|  |TAMS 0x00000000f0500000| PB 0x00000000f0500000| Untracked |  0
|   6|0x00000000f0600000, 0x00000000f0600000, 0x00000000f0700000|  0%| F|  |TAMS 0x00000000f0600000| PB 0x00000000f0600000| Untracked |  0
|   7|0x00000000f0700000, 0x00000000f0700000, 0x00000000f0800000|  0%| F|  |TAMS 0x00000000f0700000| PB 0x00000000f0700000| Untracked |  0
|   8|0x00000000f0800000, 0x00000000f0800000, 0x00000000f0900000|  0%| F|  |TAMS 0x00000000f0800000| PB 0x00000000f0800000| Untracked |  0
|   9|0x00000000f0900000, 0x00000000f0900000, 0x00000000f0a00000|  0%| F|  |TAMS 0x00000000f0900000| PB 0x00000000f0900000| Untracked |  0
|  10|0x00000000f0a00000, 0x00000000f0a00000, 0x00000000f0b00000|  0%| F|  |TAMS 0x00000000f0a00000| PB 0x00000000f0a00000| Untracked |  0
|  11|0x00000000f0b00000, 0x00000000f0b00000, 0x00000000f0c00000|  0%| F|  |TAMS 0x00000000f0b00000| PB 0x00000000f0b00000| Untracked |  0
|  12|0x00000000f0c00000, 0x00000000f0c00000, 0x00000000f0d00000|  0%| F|  |TAMS 0x00000000f0c00000| PB 0x00000000f0c00000| Untracked |  0
|  13|0x00000000f0d00000, 0x00000000f0d00000, 0x00000000f0e00000|  0%| F|  |TAMS 0x00000000f0d00000| PB 0x00000000f0d00000| Untracked |  0
|  14|0x00000000f0e00000, 0x00000000f0e00000, 0x00000000f0f00000|  0%| F|  |TAMS 0x00000000f0e00000| PB 0x00000000f0e00000| Untracked |  0
|  15|0x00000000f0f00000, 0x00000000f0f00000, 0x00000000f1000000|  0%| F|  |TAMS 0x00000000f0f00000| PB 0x00000000f0f00000| Untracked |  0
|  16|0x00000000f1000000, 0x00000000f1000000, 0x00000000f1100000|  0%| F|  |TAMS 0x00000000f1000000| PB 0x00000000f1000000| Untracked |  0
|  17|0x00000000f1100000, 0x00000000f1100000, 0x00000000f1200000|  0%| F|  |TAMS 0x00000000f1100000| PB 0x00000000f1100000| Untracked |  0
|  18|0x00000000f1200000, 0x00000000f1200000, 0x00000000f1300000|  0%| F|  |TAMS 0x00000000f1200000| PB 0x00000000f1200000| Untracked |  0
|  19|0x00000000f1300000, 0x00000000f1300000, 0x00000000f1400000|  0%| F|  |TAMS 0x00000000f1300000| PB 0x00000000f1300000| Untracked |  0
|  20|0x00000000f1400000, 0x00000000f1400000, 0x00000000f1500000|  0%| F|  |TAMS 0x00000000f1400000| PB 0x00000000f1400000| Untracked |  0
|  21|0x00000000f1500000, 0x00000000f1500000, 0x00000000f1600000|  0%| F|  |TAMS 0x00000000f1500000| PB 0x00000000f1500000| Untracked |  0
|  22|0x00000000f1600000, 0x00000000f1600000, 0x00000000f1700000|  0%| F|  |TAMS 0x00000000f1600000| PB 0x00000000f1600000| Untracked |  0
|  23|0x00000000f1700000, 0x00000000f1700000, 0x00000000f1800000|  0%| F|  |TAMS 0x00000000f1700000| PB 0x00000000f1700000| Untracked |  0
|  24|0x00000000f1800000, 0x00000000f1800000, 0x00000000f1900000|  0%| F|  |TAMS 0x00000000f1800000| PB 0x00000000f1800000| Untracked |  0
|  25|0x00000000f1900000, 0x00000000f1900000, 0x00000000f1a00000|  0%| F|  |TAMS 0x00000000f1900000| PB 0x00000000f1900000| Untracked |  0
|  26|0x00000000f1a00000, 0x00000000f1a00000, 0x00000000f1b00000|  0%| F|  |TAMS 0x00000000f1a00000| PB 0x00000000f1a00000| Untracked |  0
|  27|0x00000000f1b00000, 0x00000000f1b00000, 0x00000000f1c00000|  0%| F|  |TAMS 0x00000000f1b00000| PB 0x00000000f1b00000| Untracked |  0
|  28|0x00000000f1c00000, 0x00000000f1c00000, 0x00000000f1d00000|  0%| F|  |TAMS 0x00000000f1c00000| PB 0x00000000f1c00000| Untracked |  0
|  29|0x00000000f1d00000, 0x00000000f1d00000, 0x00000000f1e00000|  0%| F|  |TAMS 0x00000000f1d00000| PB 0x00000000f1d00000| Untracked |  0
|  30|0x00000000f1e00000, 0x00000000f1e00000, 0x00000000f1f00000|  0%| F|  |TAMS 0x00000000f1e00000| PB 0x00000000f1e00000| Untracked |  0
|  31|0x00000000f1f00000, 0x00000000f1f00000, 0x00000000f2000000|  0%| F|  |TAMS 0x00000000f1f00000| PB 0x00000000f1f00000| Untracked |  0
|  32|0x00000000f2000000, 0x00000000f2000000, 0x00000000f2100000|  0%| F|  |TAMS 0x00000000f2000000| PB 0x00000000f2000000| Untracked |  0
|  33|0x00000000f2100000, 0x00000000f2100000, 0x00000000f2200000|  0%| F|  |TAMS 0x00000000f2100000| PB 0x00000000f2100000| Untracked |  0
|  34|0x00000000f2200000, 0x00000000f2294530, 0x00000000f2300000| 57%| S|CS|TAMS 0x00000000f2200000| PB 0x00000000f2200000| Complete |  0
|  35|0x00000000f2300000, 0x00000000f2400000, 0x00000000f2400000|100%| S|CS|TAMS 0x00000000f2300000| PB 0x00000000f2300000| Complete |  0
|  36|0x00000000f2400000, 0x00000000f2500000, 0x00000000f2500000|100%| S|CS|TAMS 0x00000000f2400000| PB 0x00000000f2400000| Complete |  0
|  37|0x00000000f2500000, 0x00000000f2500000, 0x00000000f2600000|  0%| F|  |TAMS 0x00000000f2500000| PB 0x00000000f2500000| Untracked |  0
|  38|0x00000000f2600000, 0x00000000f2600000, 0x00000000f2700000|  0%| F|  |TAMS 0x00000000f2600000| PB 0x00000000f2600000| Untracked |  0
|  39|0x00000000f2700000, 0x00000000f2700000, 0x00000000f2800000|  0%| F|  |TAMS 0x00000000f2700000| PB 0x00000000f2700000| Untracked |  0
|  40|0x00000000f2800000, 0x00000000f2800000, 0x00000000f2900000|  0%| F|  |TAMS 0x00000000f2800000| PB 0x00000000f2800000| Untracked |  0
|  41|0x00000000f2900000, 0x00000000f2900000, 0x00000000f2a00000|  0%| F|  |TAMS 0x00000000f2900000| PB 0x00000000f2900000| Untracked |  0
|  42|0x00000000f2a00000, 0x00000000f2a00000, 0x00000000f2b00000|  0%| F|  |TAMS 0x00000000f2a00000| PB 0x00000000f2a00000| Untracked |  0
|  43|0x00000000f2b00000, 0x00000000f2b00000, 0x00000000f2c00000|  0%| F|  |TAMS 0x00000000f2b00000| PB 0x00000000f2b00000| Untracked |  0
|  44|0x00000000f2c00000, 0x00000000f2c00000, 0x00000000f2d00000|  0%| F|  |TAMS 0x00000000f2c00000| PB 0x00000000f2c00000| Untracked |  0
|  45|0x00000000f2d00000, 0x00000000f2d00000, 0x00000000f2e00000|  0%| F|  |TAMS 0x00000000f2d00000| PB 0x00000000f2d00000| Untracked |  0
|  46|0x00000000f2e00000, 0x00000000f2e00000, 0x00000000f2f00000|  0%| F|  |TAMS 0x00000000f2e00000| PB 0x00000000f2e00000| Untracked |  0
|  47|0x00000000f2f00000, 0x00000000f2f00000, 0x00000000f3000000|  0%| F|  |TAMS 0x00000000f2f00000| PB 0x00000000f2f00000| Untracked |  0
|  48|0x00000000f3000000, 0x00000000f3000000, 0x00000000f3100000|  0%| F|  |TAMS 0x00000000f3000000| PB 0x00000000f3000000| Untracked |  0
|  49|0x00000000f3100000, 0x00000000f3100000, 0x00000000f3200000|  0%| F|  |TAMS 0x00000000f3100000| PB 0x00000000f3100000| Untracked |  0
|  50|0x00000000f3200000, 0x00000000f3200000, 0x00000000f3300000|  0%| F|  |TAMS 0x00000000f3200000| PB 0x00000000f3200000| Untracked |  0
|  51|0x00000000f3300000, 0x00000000f3300000, 0x00000000f3400000|  0%| F|  |TAMS 0x00000000f3300000| PB 0x00000000f3300000| Untracked |  0
|  52|0x00000000f3400000, 0x00000000f3400000, 0x00000000f3500000|  0%| F|  |TAMS 0x00000000f3400000| PB 0x00000000f3400000| Untracked |  0
|  53|0x00000000f3500000, 0x00000000f3500000, 0x00000000f3600000|  0%| F|  |TAMS 0x00000000f3500000| PB 0x00000000f3500000| Untracked |  0
|  54|0x00000000f3600000, 0x00000000f3600000, 0x00000000f3700000|  0%| F|  |TAMS 0x00000000f3600000| PB 0x00000000f3600000| Untracked |  0
|  55|0x00000000f3700000, 0x00000000f3700000, 0x00000000f3800000|  0%| F|  |TAMS 0x00000000f3700000| PB 0x00000000f3700000| Untracked |  0
|  56|0x00000000f3800000, 0x00000000f3800000, 0x00000000f3900000|  0%| F|  |TAMS 0x00000000f3800000| PB 0x00000000f3800000| Untracked |  0
|  57|0x00000000f3900000, 0x00000000f3900000, 0x00000000f3a00000|  0%| F|  |TAMS 0x00000000f3900000| PB 0x00000000f3900000| Untracked |  0
|  58|0x00000000f3a00000, 0x00000000f3a00000, 0x00000000f3b00000|  0%| F|  |TAMS 0x00000000f3a00000| PB 0x00000000f3a00000| Untracked |  0
|  59|0x00000000f3b00000, 0x00000000f3b00000, 0x00000000f3c00000|  0%| F|  |TAMS 0x00000000f3b00000| PB 0x00000000f3b00000| Untracked |  0
|  60|0x00000000f3c00000, 0x00000000f3c00000, 0x00000000f3d00000|  0%| F|  |TAMS 0x00000000f3c00000| PB 0x00000000f3c00000| Untracked |  0
|  61|0x00000000f3d00000, 0x00000000f3d7f9e0, 0x00000000f3e00000| 49%| E|  |TAMS 0x00000000f3d00000| PB 0x00000000f3d00000| Complete |  0
|  62|0x00000000f3e00000, 0x00000000f3f00000, 0x00000000f3f00000|100%| E|CS|TAMS 0x00000000f3e00000| PB 0x00000000f3e00000| Complete |  0
|  63|0x00000000f3f00000, 0x00000000f4000000, 0x00000000f4000000|100%| E|CS|TAMS 0x00000000f3f00000| PB 0x00000000f3f00000| Complete |  0
| 254|0x00000000ffe00000, 0x00000000fff00000, 0x00000000fff00000|100%| O|  |TAMS 0x00000000ffe00000| PB 0x00000000ffe00000| Untracked |  0
| 255|0x00000000fff00000, 0x00000000fff24ea8, 0x0000000100000000| 14%| O|  |TAMS 0x00000000fff00000| PB 0x00000000fff00000| Untracked |  0

Card table byte_map: [0x00000137b8a00000,0x00000137b8a80000] _byte_map_base: 0x00000137b8280000

Marking Bits: (CMBitMap*) 0x00000137b8b2b260
 Bits: [0x00000137d0b50000, 0x00000137d0f50000)

Polling page: 0x00000137b6950000

Metaspace:
Metaspace        used 12228K, committed 12416K, reserved 180224K
 class space     used 1575K, committed 1664K, reserved 114688K

Usage:
  Non-class:     10.40 MB used.
      Class:      1.54 MB used.
       Both:     11.94 MB used.

Virtual space:
  Non-class space:       64.00 MB reserved,      10.50 MB ( 16%) committed,  1 nodes.
      Class space:      112.00 MB reserved,       1.62 MB (  1%) committed,  1 nodes.
             Both:      176.00 MB reserved,      12.12 MB (  7%) committed. 

Chunk freelists:
   Non-Class:  4.12 MB
       Class:  14.38 MB
        Both:  18.50 MB

MaxMetaspaceSize: 128.00 MB
CompressedClassSpaceSize: 112.00 MB
Initial GC threshold: 21.00 MB
Current GC threshold: 21.00 MB
CDS: on
 - commit_granule_bytes: 65536.
 - commit_granule_words: 8192.
 - virtual_space_node_default_size: 8388608.
 - enlarge_chunks_in_place: 1.
UseCompressedClassPointers 1, UseCompactObjectHeaders 0
Narrow klass pointer bits 32, Max shift 3
Narrow klass base: 0x00000000ae000000, Narrow klass shift: 0
Encoding Range: [0x00000000ae000000 - 0x00000001ae000000), (4294967296 bytes)
Klass Range:    [0x00000000ae010000 - 0x00000000b6000000), (134152192 bytes)
Klass ID Range:  [65536 - 134217721) (134152185)
Protection zone: [0x00000000ae000000 - 0x00000000ae010000), (65536 bytes)


Internal statistics:

num_allocs_failed_limit: 0.
num_arena_births: 88.
num_arena_deaths: 0.
num_vsnodes_births: 2.
num_vsnodes_deaths: 0.
num_space_committed: 194.
num_space_uncommitted: 0.
num_chunks_returned_to_freelist: 0.
num_chunks_taken_from_freelist: 512.
num_chunk_merges: 0.
num_chunk_splits: 354.
num_chunks_enlarged: 295.
num_inconsistent_stats: 0.

CodeHeap 'non-profiled nmethods': size=120064Kb used=822Kb max_used=822Kb free=119241Kb
 bounds [0x00000137c90c0000, 0x00000137c9330000, 0x00000137d0600000]
CodeHeap 'profiled nmethods': size=120000Kb used=4011Kb max_used=4011Kb free=115989Kb
 bounds [0x00000137c1600000, 0x00000137c19f0000, 0x00000137c8b30000]
CodeHeap 'non-nmethods': size=5696Kb used=1384Kb max_used=1409Kb free=4311Kb
 bounds [0x00000137c8b30000, 0x00000137c8da0000, 0x00000137c90c0000]
CodeCache: size=245760Kb, used=6217Kb, max_used=6242Kb, free=239541Kb
 total_blobs=3151, nmethods=2646, adapters=406, full_count=0
Compilation: enabled, stopped_count=0, restarted_count=0

Compilation events (20 events):
Event: 1.126 Thread 0x00000137b8bcc210 nmethod 2479 0x00000137c19ab408 code [0x00000137c19ab500, 0x00000137c19ab780]
Event: 1.127 Thread 0x00000137d8b80150 nmethod 2482 0x00000137c9184e08 code [0x00000137c9184f00, 0x00000137c9185150]
Event: 1.128 Thread 0x00000137b8bcc210 2483       3       com.google.inject.internal.MembersInjectorStore::get (13 bytes)
Event: 1.128 Thread 0x00000137b8bcc210 nmethod 2483 0x00000137c19ab788 code [0x00000137c19ab880, 0x00000137c19abb10]
Event: 1.128 Thread 0x00000137b8bcc210 2484       3       com.google.common.util.concurrent.AbstractFuture::set (30 bytes)
Event: 1.128 Thread 0x00000137b8bcc210 nmethod 2484 0x00000137c19abb88 code [0x00000137c19abc80, 0x00000137c19aca68]
Event: 1.128 Thread 0x00000137b8bcc210 2486       3       com.google.common.util.concurrent.AbstractFutureState$VarHandleAtomicHelper::casValue (10 bytes)
Event: 1.129 Thread 0x00000137d8b80150 2491       4       java.util.LinkedHashMap::afterNodeInsertion (40 bytes)
Event: 1.129 Thread 0x00000137b8bcc210 nmethod 2486 0x00000137c19acb08 code [0x00000137c19acc00, 0x00000137c19adbc0]
Event: 1.129 Thread 0x00000137b8bcc210 2487       3       java.lang.invoke.VarHandleGuards::guard_LLL_Z (86 bytes)
Event: 1.129 Thread 0x00000137d8b80150 nmethod 2491 0x00000137c9185488 code [0x00000137c9185580, 0x00000137c9185610]
Event: 1.130 Thread 0x00000137b8bcc210 nmethod 2487 0x00000137c19adc08 code [0x00000137c19add00, 0x00000137c19af8b8]
Event: 1.130 Thread 0x00000137b8bcc210 2485       3       com.google.common.util.concurrent.AbstractFutureState::casValue (10 bytes)
Event: 1.130 Thread 0x00000137b8bcc210 nmethod 2485 0x00000137c19af908 code [0x00000137c19afa00, 0x00000137c19b0a00]
Event: 1.130 Thread 0x00000137b8bcc210 2488       3       java.lang.invoke.VarHandleReferences$FieldInstanceReadWrite::compareAndSet (48 bytes)
Event: 1.130 Thread 0x00000137b8bcc210 nmethod 2488 0x00000137c19b0a88 code [0x00000137c19b0b80, 0x00000137c19b1830]
Event: 1.130 Thread 0x00000137b8bcc210 2490       3       java.lang.Class$AnnotationData::<init> (20 bytes)
Event: 1.131 Thread 0x00000137b8bcc210 nmethod 2490 0x00000137c19b1888 code [0x00000137c19b1980, 0x00000137c19b1ba0]
Event: 1.131 Thread 0x00000137b8bcc210 2489       1       com.google.common.cache.LocalCache$WeakEntry::getNext (5 bytes)
Event: 1.131 Thread 0x00000137b8bcc210 nmethod 2489 0x00000137c9185788 code [0x00000137c9185880, 0x00000137c9185948]

GC Heap Usage History (2 events):
Event: 0.658 {heap Before GC invocations=0 (full 0):
 garbage-first heap   total reserved 262144K, committed 67584K, used 35987K [0x00000000f0000000, 0x0000000100000000)
  region size 1024K, 34 young (34816K), 0 survivors (0K)
}
Event: 0.664 {heap After GC invocations=1 (full 0):
 garbage-first heap   total reserved 262144K, committed 67584K, used 4883K [0x00000000f0000000, 0x0000000100000000)
  region size 1024K, 4 young (4096K), 4 survivors (4096K)
}

Metaspace Usage History (2 events):
Event: 0.658 {metaspace Before GC invocations=0 (full 0):
 Metaspace       used 6729K, committed 6912K, reserved 180224K
  class space    used 814K, committed 896K, reserved 114688K
}
Event: 0.664 {metaspace After GC invocations=1 (full 0):
 Metaspace       used 6729K, committed 6912K, reserved 180224K
  class space    used 814K, committed 896K, reserved 114688K
}

Dll operation events (7 events):
Event: 0.009 Loaded shared library C:\Program Files\Eclipse Adoptium\jdk-25.0.2.10-hotspot\bin\java.dll
Event: 0.040 Loaded shared library C:\Program Files\Eclipse Adoptium\jdk-25.0.2.10-hotspot\bin\net.dll
Event: 0.041 Loaded shared library C:\Program Files\Eclipse Adoptium\jdk-25.0.2.10-hotspot\bin\nio.dll
Event: 0.044 Loaded shared library C:\Program Files\Eclipse Adoptium\jdk-25.0.2.10-hotspot\bin\zip.dll
Event: 0.153 Loaded shared library C:\Program Files\Eclipse Adoptium\jdk-25.0.2.10-hotspot\bin\jimage.dll
Event: 0.155 Loaded shared library C:\Users\felli\.m2\wrapper\dists\apache-maven-3.9.14\ed7edd442f634ac1c1ef5ba2b61b6d690b5221091f1a8e1123f5fadcc967520d\lib\jansi-native\Windows\x86_64\jansi.dll
Event: 0.167 Loaded shared library C:\Program Files\Eclipse Adoptium\jdk-25.0.2.10-hotspot\bin\verify.dll

Deoptimization events (20 events):
Event: 0.985 Thread 0x00000137b6770310 Uncommon trap: trap_request=0xffffffd6 fr.pc=0x00000137c916a334 relative=0x0000000000000614
Event: 0.985 Thread 0x00000137b6770310 Uncommon trap: reason=array_check action=maybe_recompile pc=0x00000137c916a334 method=jdk.internal.classfile.impl.SplitConstantPool.internalAdd(Ljava/lang/classfile/constantpool/PoolEntry;I)Ljava/lang/classfile/constantpool/PoolEntry; @ 46 c2
Event: 0.985 Thread 0x00000137b6770310 DEOPT PACKING pc=0x00000137c916a334 sp=0x00000011e64fca30
Event: 0.985 Thread 0x00000137b6770310 DEOPT UNPACKING pc=0x00000137c8c4f902 sp=0x00000011e64fc9c0 mode 2
Event: 0.985 Thread 0x00000137b6770310 Uncommon trap: trap_request=0xffffffd6 fr.pc=0x00000137c916a334 relative=0x0000000000000614
Event: 0.985 Thread 0x00000137b6770310 Uncommon trap: reason=array_check action=maybe_recompile pc=0x00000137c916a334 method=jdk.internal.classfile.impl.SplitConstantPool.internalAdd(Ljava/lang/classfile/constantpool/PoolEntry;I)Ljava/lang/classfile/constantpool/PoolEntry; @ 46 c2
Event: 0.985 Thread 0x00000137b6770310 DEOPT PACKING pc=0x00000137c916a334 sp=0x00000011e64fc790
Event: 0.985 Thread 0x00000137b6770310 DEOPT UNPACKING pc=0x00000137c8c4f902 sp=0x00000011e64fc720 mode 2
Event: 0.985 Thread 0x00000137b6770310 Uncommon trap: trap_request=0xffffffd6 fr.pc=0x00000137c916a334 relative=0x0000000000000614
Event: 0.985 Thread 0x00000137b6770310 Uncommon trap: reason=array_check action=maybe_recompile pc=0x00000137c916a334 method=jdk.internal.classfile.impl.SplitConstantPool.internalAdd(Ljava/lang/classfile/constantpool/PoolEntry;I)Ljava/lang/classfile/constantpool/PoolEntry; @ 46 c2
Event: 0.985 Thread 0x00000137b6770310 DEOPT PACKING pc=0x00000137c916a334 sp=0x00000011e64fc790
Event: 0.985 Thread 0x00000137b6770310 DEOPT UNPACKING pc=0x00000137c8c4f902 sp=0x00000011e64fc720 mode 2
Event: 0.995 Thread 0x00000137b6770310 Uncommon trap: trap_request=0xffffff45 fr.pc=0x00000137c9135c40 relative=0x00000000000001c0
Event: 0.995 Thread 0x00000137b6770310 Uncommon trap: reason=unstable_if action=reinterpret pc=0x00000137c9135c40 method=java.lang.ClassLoader.checkName(Ljava/lang/String;)Z @ 1 c2
Event: 0.995 Thread 0x00000137b6770310 DEOPT PACKING pc=0x00000137c9135c40 sp=0x00000011e64fdba0
Event: 0.995 Thread 0x00000137b6770310 DEOPT UNPACKING pc=0x00000137c8c4f902 sp=0x00000011e64fdb38 mode 2
Event: 1.023 Thread 0x00000137b6770310 DEOPT PACKING pc=0x00000137c18fb2b4 sp=0x00000011e64fe080
Event: 1.023 Thread 0x00000137b6770310 DEOPT UNPACKING pc=0x00000137c8b81702 sp=0x00000011e64fd5e0 mode 0
Event: 1.057 Thread 0x00000137b6770310 DEOPT PACKING pc=0x00000137c18f4864 sp=0x00000011e64fd410
Event: 1.057 Thread 0x00000137b6770310 DEOPT UNPACKING pc=0x00000137c8b81702 sp=0x00000011e64fc8c8 mode 0

Classes loaded (20 events):
Event: 0.943 Loading class java/nio/channels/OverlappingFileLockException
Event: 0.943 Loading class java/nio/channels/OverlappingFileLockException done
Event: 0.943 Loading class java/nio/channels/FileLock
Event: 0.943 Loading class java/nio/channels/FileLock done
Event: 0.959 Loading class java/nio/file/AccessDeniedException
Event: 0.959 Loading class java/nio/file/AccessDeniedException done
Event: 0.988 Loading class java/lang/ClassValue$ClassValueMap
Event: 0.988 Loading class java/lang/ClassValue$ClassValueMap done
Event: 0.991 Loading class java/util/TreeMap$Values
Event: 0.991 Loading class java/util/TreeMap$Values done
Event: 0.993 Loading class java/util/TreeMap$ValueIterator
Event: 0.993 Loading class java/util/TreeMap$ValueIterator done
Event: 0.995 Loading class java/lang/invoke/DirectMethodHandle$StaticAccessor
Event: 0.995 Loading class java/lang/invoke/DirectMethodHandle$StaticAccessor done
Event: 0.996 Loading class java/lang/ClassValue$RemovalToken
Event: 0.996 Loading class java/lang/ClassValue$RemovalToken done
Event: 1.057 Loading class sun/reflect/generics/scope/MethodScope
Event: 1.057 Loading class sun/reflect/generics/scope/MethodScope done
Event: 1.057 Loading class sun/reflect/generics/repository/MethodRepository
Event: 1.057 Loading class sun/reflect/generics/repository/MethodRepository done

Classes unloaded (0 events):
No events

Classes redefined (0 events):
No events

Internal exceptions (20 events):
Event: 0.162 Thread 0x00000137b6770310 Exception <a 'java/lang/NullPointerException'{0x00000000f3ad2f98}> (0x00000000f3ad2f98) 
thrown [s\src\hotspot\share\interpreter\linkResolver.cpp, line 1416]
Event: 0.162 Thread 0x00000137b6770310 Exception <a 'java/lang/NullPointerException'{0x00000000f3ad3278}> (0x00000000f3ad3278) 
thrown [s\src\hotspot\share\interpreter\linkResolver.cpp, line 1416]
Event: 0.162 Thread 0x00000137b6770310 Exception <a 'java/lang/NullPointerException'{0x00000000f3ad3558}> (0x00000000f3ad3558) 
thrown [s\src\hotspot\share\interpreter\linkResolver.cpp, line 1416]
Event: 0.162 Thread 0x00000137b6770310 Exception <a 'java/lang/NullPointerException'{0x00000000f3ad3838}> (0x00000000f3ad3838) 
thrown [s\src\hotspot\share\interpreter\linkResolver.cpp, line 1416]
Event: 0.173 Thread 0x00000137b6770310 Exception <a 'java/lang/NoSuchMethodError'{0x00000000f3930de8}: 'void java.lang.invoke.DirectMethodHandle$Holder.invokeVirtual(java.lang.Object, java.lang.Object)'> (0x00000000f3930de8) 
thrown [s\src\hotspot\share\interpreter\linkResolver.cpp, line 804]
Event: 0.176 Thread 0x00000137b6770310 Exception <a 'java/lang/NoSuchMethodError'{0x00000000f3952770}: 'void java.lang.invoke.DirectMethodHandle$Holder.invokeStatic(java.lang.Object, java.lang.Object)'> (0x00000000f3952770) 
thrown [s\src\hotspot\share\interpreter\linkResolver.cpp, line 804]
Event: 0.177 Thread 0x00000137b6770310 Exception <a 'java/lang/NoSuchMethodError'{0x00000000f395a518}: 'void java.lang.invoke.DirectMethodHandle$Holder.invokeStaticInit(java.lang.Object, java.lang.Object)'> (0x00000000f395a518) 
thrown [s\src\hotspot\share\interpreter\linkResolver.cpp, line 804]
Event: 0.182 Thread 0x00000137b6770310 Exception <a 'java/lang/NoSuchMethodError'{0x00000000f398dac0}: 'void java.lang.invoke.DirectMethodHandle$Holder.invokeSpecial(java.lang.Object, java.lang.Object, java.lang.Object, java.lang.Object, java.lang.Object)'> (0x00000000f398dac0) 
thrown [s\src\hotspot\share\interpreter\linkResolver.cpp, line 804]
Event: 0.190 Thread 0x00000137b6770310 Exception <a 'java/lang/NoSuchMethodError'{0x00000000f39ccdc8}: 'void java.lang.invoke.DirectMethodHandle$Holder.invokeStatic(java.lang.Object, java.lang.Object, java.lang.Object)'> (0x00000000f39ccdc8) 
thrown [s\src\hotspot\share\interpreter\linkResolver.cpp, line 804]
Event: 0.237 Thread 0x00000137b6770310 Exception <a 'java/lang/NoSuchMethodError'{0x00000000f3751b08}: 'java.lang.Object java.lang.invoke.DirectMethodHandle$Holder.invokeSpecialIFC(java.lang.Object, java.lang.Object, java.lang.Object, java.lang.Object)'> (0x00000000f3751b08) 
thrown [s\src\hotspot\share\interpreter\linkResolver.cpp, line 804]
Event: 0.345 Thread 0x00000137b6770310 Exception <a 'java/lang/NoSuchMethodError'{0x00000000f3275cb0}: 'void java.lang.invoke.DirectMethodHandle$Holder.invokeSpecial(java.lang.Object, java.lang.Object, java.lang.Object)'> (0x00000000f3275cb0) 
thrown [s\src\hotspot\share\interpreter\linkResolver.cpp, line 804]
Event: 0.368 Thread 0x00000137b6770310 Exception <a 'java/lang/NoSuchMethodError'{0x00000000f319d698}: 'java.lang.Object java.lang.invoke.DirectMethodHandle$Holder.invokeInterface(java.lang.Object, java.lang.Object)'> (0x00000000f319d698) 
thrown [s\src\hotspot\share\interpreter\linkResolver.cpp, line 804]
Event: 0.381 Thread 0x00000137b6770310 Exception <a 'java/lang/NoSuchMethodError'{0x00000000f304f078}: 'int java.lang.invoke.DirectMethodHandle$Holder.invokeStatic(java.lang.Object, java.lang.Object, java.lang.Object, java.lang.Object)'> (0x00000000f304f078) 
thrown [s\src\hotspot\share\interpreter\linkResolver.cpp, line 804]
Event: 0.384 Thread 0x00000137b6770310 Exception <a 'java/lang/NoSuchMethodError'{0x00000000f3078c50}: 'int java.lang.invoke.DirectMethodHandle$Holder.invokeSpecialIFC(java.lang.Object, java.lang.Object, java.lang.Object, java.lang.Object, java.lang.Object)'> (0x00000000f3078c50) 
thrown [s\src\hotspot\share\interpreter\linkResolver.cpp, line 804]
Event: 0.424 Thread 0x00000137b6770310 Exception <a 'java/lang/NoSuchMethodError'{0x00000000f2e57138}: 'java.lang.Object java.lang.invoke.DirectMethodHandle$Holder.newInvokeSpecial(java.lang.Object, java.lang.Object, java.lang.Object, java.lang.Object, java.lang.Object)'> (0x00000000f2e57138) 
thrown [s\src\hotspot\share\interpreter\linkResolver.cpp, line 804]
Event: 0.447 Thread 0x00000137b6770310 Exception <a 'java/lang/NoSuchMethodError'{0x00000000f2d79470}: 'int java.lang.invoke.DirectMethodHandle$Holder.invokeStaticInit(java.lang.Object, java.lang.Object)'> (0x00000000f2d79470) 
thrown [s\src\hotspot\share\interpreter\linkResolver.cpp, line 804]
Event: 0.452 Thread 0x00000137b6770310 Exception <a 'java/lang/NoClassDefFoundError'{0x00000000f2db4d20}: javax/enterprise/inject/Typed> (0x00000000f2db4d20) 
thrown [s\src\hotspot\share\classfile\systemDictionary.cpp, line 316]
Event: 0.986 Thread 0x00000137b6770310 Exception <a 'java/lang/NoSuchMethodError'{0x00000000f2d9f8c0}: 'void java.lang.invoke.DirectMethodHandle$Holder.invokeStaticInit(java.lang.Object, java.lang.Object, java.lang.Object)'> (0x00000000f2d9f8c0) 
thrown [s\src\hotspot\share\interpreter\linkResolver.cpp, line 804]
Event: 0.995 Thread 0x00000137b6770310 Implicit null exception at 0x00000137c9135a9d to 0x00000137c9135c2c
Event: 0.996 Thread 0x00000137b6770310 Exception <a 'java/lang/NoSuchMethodError'{0x00000000f2c2d170}: 'java.lang.Object java.lang.invoke.Invokers$Holder.invokeExact_MT(java.lang.Object, int, java.lang.Object)'> (0x00000000f2c2d170) 
thrown [s\src\hotspot\share\interpreter\linkResolver.cpp, line 804]

VM Operations (20 events):
Event: 0.148 Executing non-safepoint VM operation: HandshakeAllThreads (Deoptimize)
Event: 0.148 Executing non-safepoint VM operation: HandshakeAllThreads (Deoptimize) done
Event: 0.156 Executing non-safepoint VM operation: HandshakeAllThreads (Deoptimize)
Event: 0.156 Executing non-safepoint VM operation: HandshakeAllThreads (Deoptimize) done
Event: 0.382 Executing non-safepoint VM operation: HandshakeAllThreads (Deoptimize)
Event: 0.382 Executing non-safepoint VM operation: HandshakeAllThreads (Deoptimize) done
Event: 0.658 Executing safepoint VM operation: G1CollectForAllocation (G1 Evacuation Pause)
Event: 0.664 Executing safepoint VM operation: G1CollectForAllocation (G1 Evacuation Pause) done
Event: 0.767 Executing non-safepoint VM operation: HandshakeAllThreads (Deoptimize)
Event: 0.767 Executing non-safepoint VM operation: HandshakeAllThreads (Deoptimize) done
Event: 0.847 Executing non-safepoint VM operation: HandshakeAllThreads (Deoptimize)
Event: 0.847 Executing non-safepoint VM operation: HandshakeAllThreads (Deoptimize) done
Event: 0.988 Executing non-safepoint VM operation: HandshakeAllThreads (Deoptimize)
Event: 0.988 Executing non-safepoint VM operation: HandshakeAllThreads (Deoptimize) done
Event: 1.022 Executing non-safepoint VM operation: HandshakeAllThreads (Deoptimize)
Event: 1.022 Executing non-safepoint VM operation: HandshakeAllThreads (Deoptimize) done
Event: 1.023 Executing non-safepoint VM operation: HandshakeAllThreads (Deoptimize)
Event: 1.023 Executing non-safepoint VM operation: HandshakeAllThreads (Deoptimize) done
Event: 1.057 Executing non-safepoint VM operation: HandshakeAllThreads (Deoptimize)
Event: 1.057 Executing non-safepoint VM operation: HandshakeAllThreads (Deoptimize) done

Memory protections (0 events):
No events

Nmethod flushes (0 events):
No events

Events (15 events):
Event: 0.024 Thread 0x00000137b6770310 Thread added: 0x00000137b6770310
Event: 0.033 Thread 0x00000137b6770310 Thread added: 0x00000137b8bb7800
Event: 0.033 Thread 0x00000137b6770310 Thread added: 0x00000137b8bb8260
Event: 0.033 Thread 0x00000137b6770310 Thread added: 0x00000137b8bbaba0
Event: 0.033 Thread 0x00000137b6770310 Thread added: 0x00000137b8bbbab0
Event: 0.033 Thread 0x00000137b6770310 Thread added: 0x00000137b8bbc670
Event: 0.033 Thread 0x00000137b6770310 Thread added: 0x00000137b8bc5240
Event: 0.033 Thread 0x00000137b6770310 Thread added: 0x00000137b8bc6130
Event: 0.033 Thread 0x00000137b6770310 Thread added: 0x00000137b8bcc210
Event: 0.036 Thread 0x00000137b6770310 Thread added: 0x00000137d3baf810
Event: 0.038 Thread 0x00000137b6770310 Thread added: 0x00000137d3baffd0
Event: 0.090 Thread 0x00000137b8bc6130 Thread added: 0x00000137d8100270
Event: 0.151 Thread 0x00000137b6770310 Thread added: 0x00000137d82f7660
Event: 0.157 Thread 0x00000137d82f7660 Thread exited: 0x00000137d82f7660
Event: 0.476 Thread 0x00000137b8bcc210 Thread added: 0x00000137d8b80150


Dynamic libraries:
0x00007ff757440000 - 0x00007ff75744e000 	C:\Program Files\Eclipse Adoptium\jdk-25.0.2.10-hotspot\bin\java.exe
0x00007ff93aa10000 - 0x00007ff93ac08000 	C:\WINDOWS\SYSTEM32\ntdll.dll
0x00007ff939f10000 - 0x00007ff939fd2000 	C:\WINDOWS\System32\KERNEL32.DLL
0x00007ff938490000 - 0x00007ff938786000 	C:\WINDOWS\System32\KERNELBASE.dll
0x00007ff938390000 - 0x00007ff938490000 	C:\WINDOWS\System32\ucrtbase.dll
0x00007ff8ffc60000 - 0x00007ff8ffc7e000 	C:\Program Files\Eclipse Adoptium\jdk-25.0.2.10-hotspot\bin\VCRUNTIME140.dll
0x00007ff8fddd0000 - 0x00007ff8fdde6000 	C:\Program Files\Eclipse Adoptium\jdk-25.0.2.10-hotspot\bin\jli.dll
0x00007ff93a240000 - 0x00007ff93a3e1000 	C:\WINDOWS\System32\USER32.dll
0x00007ff938230000 - 0x00007ff938252000 	C:\WINDOWS\System32\win32u.dll
0x00007ff922390000 - 0x00007ff92262b000 	C:\WINDOWS\WinSxS\amd64_microsoft.windows.common-controls_6595b64144ccf1df_6.0.19041.6456_none_60b8a6cb71f64256\COMCTL32.dll
0x00007ff93a9a0000 - 0x00007ff93a9cb000 	C:\WINDOWS\System32\GDI32.dll
0x00007ff93a0e0000 - 0x00007ff93a17e000 	C:\WINDOWS\System32\msvcrt.dll
0x00007ff9388c0000 - 0x00007ff9389d9000 	C:\WINDOWS\System32\gdi32full.dll
0x00007ff938820000 - 0x00007ff9388bd000 	C:\WINDOWS\System32\msvcp_win.dll
0x00007ff938f10000 - 0x00007ff938f3f000 	C:\WINDOWS\System32\IMM32.DLL
0x00007ff8fddc0000 - 0x00007ff8fddcc000 	C:\Program Files\Eclipse Adoptium\jdk-25.0.2.10-hotspot\bin\vcruntime140_1.dll
0x00007ff8d3b40000 - 0x00007ff8d3bcd000 	C:\Program Files\Eclipse Adoptium\jdk-25.0.2.10-hotspot\bin\msvcp140.dll
0x00007ff83a000000 - 0x00007ff83af26000 	C:\Program Files\Eclipse Adoptium\jdk-25.0.2.10-hotspot\bin\server\jvm.dll
0x00007ff938ff0000 - 0x00007ff9390a1000 	C:\WINDOWS\System32\ADVAPI32.dll
0x00007ff93a900000 - 0x00007ff93a99f000 	C:\WINDOWS\System32\sechost.dll
0x00007ff938b00000 - 0x00007ff938c20000 	C:\WINDOWS\System32\RPCRT4.dll
0x00007ff9380a0000 - 0x00007ff9380c7000 	C:\WINDOWS\System32\bcrypt.dll
0x00007ff939fe0000 - 0x00007ff93a04b000 	C:\WINDOWS\System32\WS2_32.dll
0x00007ff937950000 - 0x00007ff93799b000 	C:\WINDOWS\SYSTEM32\POWRPROF.dll
0x00007ff92d5d0000 - 0x00007ff92d5f7000 	C:\WINDOWS\SYSTEM32\WINMM.dll
0x00007ff929de0000 - 0x00007ff929dea000 	C:\WINDOWS\SYSTEM32\VERSION.dll
0x00007ff937930000 - 0x00007ff937942000 	C:\WINDOWS\SYSTEM32\UMPDC.dll
0x00007ff935ef0000 - 0x00007ff935f02000 	C:\WINDOWS\SYSTEM32\kernel.appcore.dll
0x00007ff8fa340000 - 0x00007ff8fa34a000 	C:\Program Files\Eclipse Adoptium\jdk-25.0.2.10-hotspot\bin\jimage.dll
0x00007ff9296f0000 - 0x00007ff9298f1000 	C:\WINDOWS\SYSTEM32\DBGHELP.DLL
0x00007ff926930000 - 0x00007ff926964000 	C:\WINDOWS\SYSTEM32\dbgcore.DLL
0x00007ff938790000 - 0x00007ff938812000 	C:\WINDOWS\System32\bcryptPrimitives.dll
0x00007ff8fa320000 - 0x00007ff8fa33e000 	C:\Program Files\Eclipse Adoptium\jdk-25.0.2.10-hotspot\bin\java.dll
0x00007ff939150000 - 0x00007ff93927b000 	C:\WINDOWS\System32\ole32.dll
0x00007ff93a5a0000 - 0x00007ff93a8f4000 	C:\WINDOWS\System32\combase.dll
0x00007ff9396f0000 - 0x00007ff939e60000 	C:\WINDOWS\System32\SHELL32.dll
0x00007ff9360f0000 - 0x00007ff936895000 	C:\WINDOWS\SYSTEM32\windows.storage.dll
0x00007ff9379f0000 - 0x00007ff937a1b000 	C:\WINDOWS\SYSTEM32\Wldp.dll
0x00007ff938a30000 - 0x00007ff938afd000 	C:\WINDOWS\System32\OLEAUT32.dll
0x00007ff938f40000 - 0x00007ff938fed000 	C:\WINDOWS\System32\SHCORE.dll
0x00007ff93a1e0000 - 0x00007ff93a23b000 	C:\WINDOWS\System32\shlwapi.dll
0x00007ff937fd0000 - 0x00007ff937ff4000 	C:\WINDOWS\SYSTEM32\profapi.dll
0x00007ff8f8720000 - 0x00007ff8f8731000 	C:\Program Files\Eclipse Adoptium\jdk-25.0.2.10-hotspot\bin\net.dll
0x00007ff937760000 - 0x00007ff9377ca000 	C:\WINDOWS\system32\mswsock.dll
0x00007ff8f7eb0000 - 0x00007ff8f7ec6000 	C:\Program Files\Eclipse Adoptium\jdk-25.0.2.10-hotspot\bin\nio.dll
0x00007ff8f6780000 - 0x00007ff8f6797000 	C:\Program Files\Eclipse Adoptium\jdk-25.0.2.10-hotspot\bin\zip.dll
0x00007ff8e59c0000 - 0x00007ff8e59e4000 	C:\Users\felli\.m2\wrapper\dists\apache-maven-3.9.14\ed7edd442f634ac1c1ef5ba2b61b6d690b5221091f1a8e1123f5fadcc967520d\lib\jansi-native\Windows\x86_64\jansi.dll
0x00007ff8fa5e0000 - 0x00007ff8fa5f0000 	C:\Program Files\Eclipse Adoptium\jdk-25.0.2.10-hotspot\bin\verify.dll

JVMTI agents: none

dbghelp: loaded successfully - version: 4.0.5 - missing functions: none
symbol engine: initialized successfully - sym options: 0x614 - pdb path: .;C:\Program Files\Eclipse Adoptium\jdk-25.0.2.10-hotspot\bin;C:\WINDOWS\SYSTEM32;C:\WINDOWS\WinSxS\amd64_microsoft.windows.common-controls_6595b64144ccf1df_6.0.19041.6456_none_60b8a6cb71f64256;C:\Program Files\Eclipse Adoptium\jdk-25.0.2.10-hotspot\bin\server;C:\Users\felli\.m2\wrapper\dists\apache-maven-3.9.14\ed7edd442f634ac1c1ef5ba2b61b6d690b5221091f1a8e1123f5fadcc967520d\lib\jansi-native\Windows\x86_64

VM Arguments:
jvm_args: -Xms64m -Xmx256m -XX:MaxMetaspaceSize=128m -Dclassworlds.conf=C:\Users\felli\.m2\wrapper\dists\apache-maven-3.9.14\ed7edd442f634ac1c1ef5ba2b61b6d690b5221091f1a8e1123f5fadcc967520d\bin\m2.conf -Dmaven.home=C:\Users\felli\.m2\wrapper\dists\apache-maven-3.9.14\ed7edd442f634ac1c1ef5ba2b61b6d690b5221091f1a8e1123f5fadcc967520d -Dlibrary.jansi.path=C:\Users\felli\.m2\wrapper\dists\apache-maven-3.9.14\ed7edd442f634ac1c1ef5ba2b61b6d690b5221091f1a8e1123f5fadcc967520d\lib\jansi-native -Dmaven.multiModuleProjectDirectory=C:\Users\felli\Desktop\arbor 
java_command: org.codehaus.plexus.classworlds.launcher.Launcher -q -DskipTests=false test
java_class_path (initial): C:\Users\felli\.m2\wrapper\dists\apache-maven-3.9.14\ed7edd442f634ac1c1ef5ba2b61b6d690b5221091f1a8e1123f5fadcc967520d\boot\plexus-classworlds-2.9.0.jar
Launcher Type: SUN_STANDARD

[Global flags]
     intx CICompilerCount                          = 4                                         {product} {ergonomic}
   size_t CompressedClassSpaceSize                 = 117440512                                 {product} {ergonomic}
     uint ConcGCThreads                            = 3                                         {product} {ergonomic}
     uint G1ConcRefinementThreads                  = 10                                        {product} {ergonomic}
   size_t G1HeapRegionSize                         = 1048576                                   {product} {ergonomic}
   size_t InitialHeapSize                          = 67108864                                  {product} {command line}
   size_t MarkStackSize                            = 4194304                                   {product} {ergonomic}
   size_t MarkStackSizeMax                         = 536870912                                 {product} {ergonomic}
   size_t MaxHeapSize                              = 268435456                                 {product} {command line}
   size_t MaxMetaspaceSize                         = 134217728                                 {product} {command line}
   size_t MaxNewSize                               = 160432128                                 {product} {ergonomic}
   size_t MinHeapDeltaBytes                        = 1048576                                   {product} {ergonomic}
   size_t MinHeapSize                              = 67108864                                  {product} {command line}
    uintx NonNMethodCodeHeapSize                   = 5832704                                {pd product} {ergonomic}
    uintx NonProfiledCodeHeapSize                  = 122945536                              {pd product} {ergonomic}
    uintx ProfiledCodeHeapSize                     = 122880000                              {pd product} {ergonomic}
    uintx ReservedCodeCacheSize                    = 251658240                              {pd product} {ergonomic}
     bool SegmentedCodeCache                       = true                                      {product} {ergonomic}
   size_t SoftMaxHeapSize                          = 268435456                              {manageable} {ergonomic}
     bool UseCompressedOops                        = true                           {product lp64_product} {ergonomic}
     bool UseG1GC                                  = true                                      {product} {ergonomic}
     bool UseLargePagesIndividualAllocation        = false                                  {pd product} {ergonomic}

Logging:
Log output configuration:
 #0: stdout all=warning uptime,level,tags foldmultilines=false
 #1: stderr all=off uptime,level,tags foldmultilines=false

Release file:
IMPLEMENTOR="Eclipse Adoptium" 
IMPLEMENTOR_VERSION="Temurin-25.0.2+10" 
JAVA_RUNTIME_VERSION="25.0.2+10-LTS" 
JAVA_VERSION="25.0.2" 
JAVA_VERSION_DATE="2026-01-20" 
LIBC="default" 
MODULES="java.base java.compiler java.datatransfer java.xml java.prefs java.desktop java.instrument java.logging java.management java.security.sasl java.naming java.rmi java.management.rmi java.net.http java.scripting java.security.jgss java.transaction.xa java.sql java.sql.rowset java.xml.crypto java.se java.smartcardio jdk.accessibility jdk.internal.jvmstat jdk.attach jdk.charsets jdk.internal.opt jdk.zipfs jdk.compiler jdk.crypto.cryptoki jdk.crypto.ec jdk.crypto.mscapi jdk.dynalink jdk.internal.ed jdk.editpad jdk.internal.vm.ci jdk.graal.compiler jdk.graal.compiler.management jdk.hotspot.agent jdk.httpserver jdk.incubator.vector jdk.internal.le jdk.internal.md jdk.jartool jdk.javadoc jdk.jcmd jdk.management jdk.management.agent jdk.jconsole jdk.jdeps jdk.jdwp.agent jdk.jdi jdk.jfr jdk.jlink jdk.jpackage jdk.jshell jdk.jsobject jdk.jstatd jdk.localedata jdk.management.jfr jdk.naming.dns jdk.naming.rmi jdk.net jdk.nio.mapmode jdk.sctp jdk.security.auth jdk.security.jgss jdk.unsupported jdk.unsupported.desktop jdk.xml.dom" 
OS_ARCH="x86_64" 
OS_NAME="Windows" 
SOURCE=".:git:9e3c947043a4" 
BUILD_SOURCE="git:458965074606f027bd5afce2cfd5c1055dea0438"
BUILD_SOURCE_REPO="https://github.com/adoptium/temurin-build.git"
SOURCE_REPO="https://github.com/adoptium/jdk25u.git"
FULL_VERSION="25.0.2+10-LTS"
SEMANTIC_VERSION="25.0.2+10"
BUILD_INFO="OS: Windows Server 2022 Version: 10.0"
JVM_VARIANT="Hotspot"
JVM_VERSION="25.0.2+10-LTS"
IMAGE_TYPE="JDK"

Environment Variables:
PATH=C:\Program Files\Eclipse Adoptium\jdk-25.0.2.10-hotspot\bin;C:\Python313\Scripts\;C:\Python313\;C:\Program Files\Eclipse Adoptium\jdk-17.0.15.6-hotspot\bin;C:\Program Files\Common Files\Oracle\Java\javapath;C:\Program Files (x86)\Common Files\Oracle\Java\java8path;C:\Program Files (x86)\Common Files\Oracle\Java\javapath;C:\WINDOWS\system32;C:\WINDOWS;C:\WINDOWS\System32\Wbem;C:\WINDOWS\System32\WindowsPowerShell\v1.0\;C:\WINDOWS\System32\OpenSSH\;C:\Program Files\Git\cmd;C:\Program Files\dotnet\;C:\ProgramData\chocolatey\bin;C:\Program Files\nodejs\;C:\Program Files (x86)\ZeroTier\One\;C:\Program Files\Docker\Docker\resources\bin;C:\Users\felli\AppData\Local\Programs\Eclipse Adoptium\jdk-21.0.7.6-hotspot\bin;C:\Users\felli\AppData\Local\Microsoft\WindowsApps;C:\Users\felli\AppData\Local\Programs\Microsoft VS Code\bin;C:\Users\felli\AppData\Roaming\npm;C:\Users\felli\AppData\Local\Programs\Antigravity\bin;C:\ghcup\bin
USERNAME=felli
OS=Windows_NT
PROCESSOR_IDENTIFIER=AMD64 Family 25 Model 80 Stepping 0, AuthenticAMD
TMP=C:\Users\felli\AppData\Local\Temp
TEMP=C:\Users\felli\AppData\Local\Temp




Compilation memory statistics disabled.

Periodic native trim disabled

---------------  S Y S T E M  ---------------

OS:
 Windows 10 , 64 bit Build 19041 (10.0.19041.5915)
OS uptime: 0 days 1:52 hours
Hyper-V role detected

CPU: total 12 (initial active 12) (12 cores per cpu, 2 threads per core) family 25 model 80 stepping 0 microcode 0x0, cx8, cmov, fxsr, ht, mmx, 3dnowpref, sse, sse2, sse3, ssse3, sse4a, sse4.1, sse4.2, popcnt, lzcnt, tsc, tscinvbit, avx, avx2, aes, erms, clmul, bmi1, bmi2, adx, sha, fma, vzeroupper, clflush, clflushopt, clwb, hv, rdtscp, rdpid, fsrm, f16c, cet_ss
Processor Information for the first 12 processors :
  Max Mhz: 3600, Current Mhz: 3600, Mhz Limit: 3600

Memory: 4k page, system-wide physical 16255M (1276M free)
TotalPageFile size 24447M (AvailPageFile size 6M)
current process WorkingSet (physical memory assigned to process): 115M, peak: 115M
current process commit charge ("private bytes"): 184M, peak: 186M

vm_info: OpenJDK 64-Bit Server VM (25.0.2+10-LTS) for windows-amd64 JRE (25.0.2+10-LTS), built on 2026-01-20T00:00:00Z with MS VC++ 17.12 (VS2022)

END.
