#
# There is insufficient memory for the Java Runtime Environment to continue.
# Native memory allocation (malloc) failed to allocate 7993048 bytes. Error detail: Chunk::new
# Possible reasons:
#   The system is out of physical RAM or swap space
#   This process is running with CompressedOops enabled, and the Java Heap may be blocking the growth of the native heap
# Possible solutions:
#   Reduce memory load on the system
#   Increase physical memory or swap space
#   Check if swap backing store is full
#   Decrease Java heap size (-Xmx/-Xms)
#   Decrease number of Java threads
#   Decrease Java thread stack sizes (-Xss)
#   Set larger code cache with -XX:ReservedCodeCacheSize=
#   JVM is running with Zero Based Compressed Oops mode in which the Java heap is
#     placed in the first 32GB address space. The Java Heap base address is the
#     maximum limit for the native heap growth. Please use -XX:HeapBaseMinAddress
#     to set the Java Heap base and to place the Java Heap above 32GB virtual address.
# This output file may be truncated or incomplete.
#
#  Out of Memory Error (arena.cpp:186), pid=20520, tid=14792
#
# JRE version: OpenJDK Runtime Environment Temurin-25.0.2+10 (25.0.2+10) (build 25.0.2+10-LTS)
# Java VM: OpenJDK 64-Bit Server VM Temurin-25.0.2+10 (25.0.2+10-LTS, mixed mode, sharing, tiered, compressed oops, compressed class ptrs, g1 gc, windows-amd64)
# No core dump will be written. Minidumps are not enabled by default on client versions of Windows
#

---------------  S U M M A R Y ------------

Command Line: --enable-native-access=ALL-UNNAMED -Dclassworlds.conf=C:\Users\felli\.m2\wrapper\dists\apache-maven-3.9.14\ed7edd442f634ac1c1ef5ba2b61b6d690b5221091f1a8e1123f5fadcc967520d\bin\m2.conf -Dmaven.home=C:\Users\felli\.m2\wrapper\dists\apache-maven-3.9.14\ed7edd442f634ac1c1ef5ba2b61b6d690b5221091f1a8e1123f5fadcc967520d -Dlibrary.jansi.path=C:\Users\felli\.m2\wrapper\dists\apache-maven-3.9.14\ed7edd442f634ac1c1ef5ba2b61b6d690b5221091f1a8e1123f5fadcc967520d\lib\jansi-native -Dmaven.multiModuleProjectDirectory=C:\Users\felli\Desktop\arbor org.codehaus.plexus.classworlds.launcher.Launcher -q -DskipTests=true -DincludeScope=runtime -Dmdep .outputFile=cp.txt dependency:build-classpath

Host: AMD Ryzen 5 5500                               , 12 cores, 15G,  Windows 10 , 64 bit Build 19041 (10.0.19041.5915)
Time: Thu May 14 14:07:13 2026 Hora oficial do Brasil elapsed time: 1.281626 seconds (0d 0h 0m 1s)

---------------  T H R E A D  ---------------

Current thread (0x0000028b782a5d00):  JavaThread "C2 CompilerThread2" daemon [_thread_in_native, id=14792, stack(0x000000afa9200000,0x000000afa9300000) (1024K)]


Current CompileTask:
C2:1281 2768   !   4       java.net.URL::<init> (523 bytes)

Stack: [0x000000afa9200000,0x000000afa9300000]
Native frames: (J=compiled Java code, j=interpreted, Vv=VM code, C=native code)
V  [jvm.dll+0x7a8bc9]  (no source info available)
V  [jvm.dll+0x77310d]  (no source info available)
V  [jvm.dll+0x9f55f3]  (no source info available)
V  [jvm.dll+0x9f7be1]  (no source info available)
V  [jvm.dll+0x9f82f3]  (no source info available)
V  [jvm.dll+0x2fce26]  (no source info available)
V  [jvm.dll+0x111076]  (no source info available)
V  [jvm.dll+0x11139e]  (no source info available)
V  [jvm.dll+0x19fff2]  (no source info available)
V  [jvm.dll+0x3b5f62]  (no source info available)
V  [jvm.dll+0x7ae53c]  (no source info available)
V  [jvm.dll+0x2c0407]  (no source info available)
V  [jvm.dll+0x2bf3cf]  (no source info available)
V  [jvm.dll+0x237140]  (no source info available)
V  [jvm.dll+0x2cf4c6]  (no source info available)
V  [jvm.dll+0x2cd74a]  (no source info available)
V  [jvm.dll+0x48fbee]  (no source info available)
V  [jvm.dll+0x996b0d]  (no source info available)
V  [jvm.dll+0x7a71a5]  (no source info available)
C  [ucrtbase.dll+0x21bb2]  (no source info available)
C  [KERNEL32.DLL+0x17374]  (no source info available)
C  [ntdll.dll+0x4cc91]  (no source info available)

Lock stack of current Java thread (top to bottom):


---------------  P R O C E S S  ---------------

Threads class SMR info:
_java_thread_list=0x0000028b7819c010, length=13, elements={
0x0000028b510b2690, 0x0000028b73045130, 0x0000028b73045fa0, 0x0000028b7304cba0,
0x0000028b7304d760, 0x0000028b7304e320, 0x0000028b73056ef0, 0x0000028b7305de10,
0x0000028b730620f0, 0x0000028b731a5ce0, 0x0000028b731b30d0, 0x0000028b73279900,
0x0000028b782a5d00
}

Java Threads: ( => current thread )
  0x0000028b510b2690 JavaThread "main"                              [_thread_in_Java, id=7364, stack(0x000000afa7f00000,0x000000afa8000000) (1024K)]
  0x0000028b73045130 JavaThread "Reference Handler"          daemon [_thread_blocked, id=18332, stack(0x000000afa8700000,0x000000afa8800000) (1024K)]
  0x0000028b73045fa0 JavaThread "Finalizer"                  daemon [_thread_blocked, id=6636, stack(0x000000afa8800000,0x000000afa8900000) (1024K)]
  0x0000028b7304cba0 JavaThread "Signal Dispatcher"          daemon [_thread_blocked, id=20728, stack(0x000000afa8900000,0x000000afa8a00000) (1024K)]
  0x0000028b7304d760 JavaThread "Attach Listener"            daemon [_thread_blocked, id=7664, stack(0x000000afa8a00000,0x000000afa8b00000) (1024K)]
  0x0000028b7304e320 JavaThread "Service Thread"             daemon [_thread_blocked, id=7936, stack(0x000000afa8b00000,0x000000afa8c00000) (1024K)]
  0x0000028b73056ef0 JavaThread "Monitor Deflation Thread"   daemon [_thread_blocked, id=17416, stack(0x000000afa8c00000,0x000000afa8d00000) (1024K)]
  0x0000028b7305de10 JavaThread "C2 CompilerThread0"         daemon [_thread_in_native, id=6356, stack(0x000000afa8d00000,0x000000afa8e00000) (1024K)]
  0x0000028b730620f0 JavaThread "C1 CompilerThread0"         daemon [_thread_in_vm, id=11272, stack(0x000000afa8e00000,0x000000afa8f00000) (1024K)]
  0x0000028b731a5ce0 JavaThread "Notification Thread"        daemon [_thread_blocked, id=12528, stack(0x000000afa8f00000,0x000000afa9000000) (1024K)]
  0x0000028b731b30d0 JavaThread "Common-Cleaner"             daemon [_thread_blocked, id=16748, stack(0x000000afa9000000,0x000000afa9100000) (1024K)]
  0x0000028b73279900 JavaThread "C2 CompilerThread1"         daemon [_thread_in_native, id=19748, stack(0x000000afa9100000,0x000000afa9200000) (1024K)]
=>0x0000028b782a5d00 JavaThread "C2 CompilerThread2"         daemon [_thread_in_native, id=14792, stack(0x000000afa9200000,0x000000afa9300000) (1024K)]
Total: 13

Other Threads:
  0x0000028b73036b00 VMThread "VM Thread"                           [id=11148, stack(0x000000afa8600000,0x000000afa8700000) (1024K)]
  0x0000028b73027fe0 WatcherThread "VM Periodic Task Thread"        [id=20332, stack(0x000000afa8500000,0x000000afa8600000) (1024K)]
  0x0000028b534eef50 WorkerThread "GC Thread#0"                     [id=13356, stack(0x000000afa8000000,0x000000afa8100000) (1024K)]
  0x0000028b78227570 WorkerThread "GC Thread#1"                     [id=20468, stack(0x000000afa9300000,0x000000afa9400000) (1024K)]
  0x0000028b780f8fb0 WorkerThread "GC Thread#2"                     [id=4212, stack(0x000000afa9400000,0x000000afa9500000) (1024K)]
  0x0000028b780f9bf0 WorkerThread "GC Thread#3"                     [id=724, stack(0x000000afa9500000,0x000000afa9600000) (1024K)]
  0x0000028b780fa020 WorkerThread "GC Thread#4"                     [id=19200, stack(0x000000afa9600000,0x000000afa9700000) (1024K)]
  0x0000028b780fa450 WorkerThread "GC Thread#5"                     [id=18816, stack(0x000000afa9700000,0x000000afa9800000) (1024K)]
  0x0000028b535086b0 ConcurrentGCThread "G1 Main Marker"            [id=7368, stack(0x000000afa8100000,0x000000afa8200000) (1024K)]
  0x0000028b53509250 WorkerThread "G1 Conc#0"                       [id=8728, stack(0x000000afa8200000,0x000000afa8300000) (1024K)]
  0x0000028b5354e630 ConcurrentGCThread "G1 Refine#0"               [id=18484, stack(0x000000afa8300000,0x000000afa8400000) (1024K)]
  0x0000028b72efb2e0 ConcurrentGCThread "G1 Service"                [id=4312, stack(0x000000afa8400000,0x000000afa8500000) (1024K)]
Total: 12

Threads with active compile tasks:
C2 CompilerThread0  1345 2845       4       org.codehaus.plexus.util.xml.pull.MXParser::parseStartTag (1205 bytes)
C1 CompilerThread0  1345 3004       3       org.codehaus.plexus.util.xml.pull.MXParser::nextImpl (1208 bytes)
C2 CompilerThread1  1345 2838       4       java.io.WinNTFileSystem::normalize (224 bytes)
C2 CompilerThread2  1345 2768   !   4       java.net.URL::<init> (523 bytes)
Total: 4

VM state: not at safepoint (normal execution)

VM Mutex/Monitor currently owned by a thread: None

Heap address: 0x0000000702000000, size: 4064 MB, Compressed Oops mode: Zero based, Oop shift amount: 3

CDS archive(s) mapped at: [0x000000003e000000-0x000000003edd0000-0x000000003edd0000), size 14483456, SharedBaseAddress: 0x000000003e000000, ArchiveRelocationMode: 1.
Compressed class space mapped at: 0x000000003f000000-0x000000007f000000, reserved size: 1073741824
UseCompressedClassPointers 1, UseCompactObjectHeaders 0
Narrow klass pointer bits 32, Max shift 3
Narrow klass base: 0x000000003e000000, Narrow klass shift: 0
Encoding Range: [0x000000003e000000 - 0x000000013e000000), (4294967296 bytes)
Klass Range:    [0x000000003e010000 - 0x000000007f000000), (1090453504 bytes)
Klass ID Range:  [65536 - 1090519033) (1090453497)
Protection zone: [0x000000003e000000 - 0x000000003e010000), (65536 bytes)

GC Precious Log:
 CardTable entry size: 512
 Card Set container configuration: InlinePtr #cards 4 size 8 Array Of Cards #cards 16 size 48 Howl #buckets 8 coarsen threshold 3686 Howl Bitmap #cards 512 size 80 coarsen threshold 460 Card regions per heap region 1 cards per card region 4096
 CPUs: 12 total, 12 available
 Memory: 16255M
 Large Page Support: Disabled
 NUMA Support: Disabled
 Compressed Oops: Enabled (Zero based)
 Heap Region Size: 2M
 Heap Min Capacity: 8M
 Heap Initial Capacity: 254M
 Heap Max Capacity: 4064M
 Pre-touch: Disabled
 Parallel Workers: 10
 Concurrent Workers: 3
 Concurrent Refinement Workers: 10
 Periodic GC: Disabled

Heap:
 garbage-first heap   total reserved 4161536K, committed 262144K, used 32318K [0x0000000702000000, 0x0000000800000000)
  region size 2048K, 17 young (34816K), 3 survivors (6144K)

Heap Regions: E=young(eden), S=young(survivor), O=old, HS=humongous(starts), HC=humongous(continues), CS=collection set, F=free, TAMS=top-at-mark-start, PB=parsable bottom
|   0|0x0000000702000000, 0x0000000702000000, 0x0000000702200000|  0%| F|  |TAMS 0x0000000702000000| PB 0x0000000702000000| Untracked |  0
|   1|0x0000000702200000, 0x0000000702200000, 0x0000000702400000|  0%| F|  |TAMS 0x0000000702200000| PB 0x0000000702200000| Untracked |  0
|   2|0x0000000702400000, 0x0000000702400000, 0x0000000702600000|  0%| F|  |TAMS 0x0000000702400000| PB 0x0000000702400000| Untracked |  0
|   3|0x0000000702600000, 0x0000000702600000, 0x0000000702800000|  0%| F|  |TAMS 0x0000000702600000| PB 0x0000000702600000| Untracked |  0
|   4|0x0000000702800000, 0x0000000702800000, 0x0000000702a00000|  0%| F|  |TAMS 0x0000000702800000| PB 0x0000000702800000| Untracked |  0
|   5|0x0000000702a00000, 0x0000000702a00000, 0x0000000702c00000|  0%| F|  |TAMS 0x0000000702a00000| PB 0x0000000702a00000| Untracked |  0
|   6|0x0000000702c00000, 0x0000000702c00000, 0x0000000702e00000|  0%| F|  |TAMS 0x0000000702c00000| PB 0x0000000702c00000| Untracked |  0
|   7|0x0000000702e00000, 0x0000000702e00000, 0x0000000703000000|  0%| F|  |TAMS 0x0000000702e00000| PB 0x0000000702e00000| Untracked |  0
|   8|0x0000000703000000, 0x0000000703000000, 0x0000000703200000|  0%| F|  |TAMS 0x0000000703000000| PB 0x0000000703000000| Untracked |  0
|   9|0x0000000703200000, 0x0000000703200000, 0x0000000703400000|  0%| F|  |TAMS 0x0000000703200000| PB 0x0000000703200000| Untracked |  0
|  10|0x0000000703400000, 0x0000000703400000, 0x0000000703600000|  0%| F|  |TAMS 0x0000000703400000| PB 0x0000000703400000| Untracked |  0
|  11|0x0000000703600000, 0x0000000703600000, 0x0000000703800000|  0%| F|  |TAMS 0x0000000703600000| PB 0x0000000703600000| Untracked |  0
|  12|0x0000000703800000, 0x0000000703800000, 0x0000000703a00000|  0%| F|  |TAMS 0x0000000703800000| PB 0x0000000703800000| Untracked |  0
|  13|0x0000000703a00000, 0x0000000703a00000, 0x0000000703c00000|  0%| F|  |TAMS 0x0000000703a00000| PB 0x0000000703a00000| Untracked |  0
|  14|0x0000000703c00000, 0x0000000703c00000, 0x0000000703e00000|  0%| F|  |TAMS 0x0000000703c00000| PB 0x0000000703c00000| Untracked |  0
|  15|0x0000000703e00000, 0x0000000703e00000, 0x0000000704000000|  0%| F|  |TAMS 0x0000000703e00000| PB 0x0000000703e00000| Untracked |  0
|  16|0x0000000704000000, 0x0000000704000000, 0x0000000704200000|  0%| F|  |TAMS 0x0000000704000000| PB 0x0000000704000000| Untracked |  0
|  17|0x0000000704200000, 0x0000000704200000, 0x0000000704400000|  0%| F|  |TAMS 0x0000000704200000| PB 0x0000000704200000| Untracked |  0
|  18|0x0000000704400000, 0x0000000704400000, 0x0000000704600000|  0%| F|  |TAMS 0x0000000704400000| PB 0x0000000704400000| Untracked |  0
|  19|0x0000000704600000, 0x0000000704600000, 0x0000000704800000|  0%| F|  |TAMS 0x0000000704600000| PB 0x0000000704600000| Untracked |  0
|  20|0x0000000704800000, 0x0000000704800000, 0x0000000704a00000|  0%| F|  |TAMS 0x0000000704800000| PB 0x0000000704800000| Untracked |  0
|  21|0x0000000704a00000, 0x0000000704a00000, 0x0000000704c00000|  0%| F|  |TAMS 0x0000000704a00000| PB 0x0000000704a00000| Untracked |  0
|  22|0x0000000704c00000, 0x0000000704c00000, 0x0000000704e00000|  0%| F|  |TAMS 0x0000000704c00000| PB 0x0000000704c00000| Untracked |  0
|  23|0x0000000704e00000, 0x0000000704e00000, 0x0000000705000000|  0%| F|  |TAMS 0x0000000704e00000| PB 0x0000000704e00000| Untracked |  0
|  24|0x0000000705000000, 0x0000000705000000, 0x0000000705200000|  0%| F|  |TAMS 0x0000000705000000| PB 0x0000000705000000| Untracked |  0
|  25|0x0000000705200000, 0x0000000705200000, 0x0000000705400000|  0%| F|  |TAMS 0x0000000705200000| PB 0x0000000705200000| Untracked |  0
|  26|0x0000000705400000, 0x0000000705400000, 0x0000000705600000|  0%| F|  |TAMS 0x0000000705400000| PB 0x0000000705400000| Untracked |  0
|  27|0x0000000705600000, 0x0000000705600000, 0x0000000705800000|  0%| F|  |TAMS 0x0000000705600000| PB 0x0000000705600000| Untracked |  0
|  28|0x0000000705800000, 0x0000000705800000, 0x0000000705a00000|  0%| F|  |TAMS 0x0000000705800000| PB 0x0000000705800000| Untracked |  0
|  29|0x0000000705a00000, 0x0000000705a00000, 0x0000000705c00000|  0%| F|  |TAMS 0x0000000705a00000| PB 0x0000000705a00000| Untracked |  0
|  30|0x0000000705c00000, 0x0000000705c00000, 0x0000000705e00000|  0%| F|  |TAMS 0x0000000705c00000| PB 0x0000000705c00000| Untracked |  0
|  31|0x0000000705e00000, 0x0000000705e00000, 0x0000000706000000|  0%| F|  |TAMS 0x0000000705e00000| PB 0x0000000705e00000| Untracked |  0
|  32|0x0000000706000000, 0x0000000706000000, 0x0000000706200000|  0%| F|  |TAMS 0x0000000706000000| PB 0x0000000706000000| Untracked |  0
|  33|0x0000000706200000, 0x0000000706200000, 0x0000000706400000|  0%| F|  |TAMS 0x0000000706200000| PB 0x0000000706200000| Untracked |  0
|  34|0x0000000706400000, 0x0000000706400000, 0x0000000706600000|  0%| F|  |TAMS 0x0000000706400000| PB 0x0000000706400000| Untracked |  0
|  35|0x0000000706600000, 0x0000000706600000, 0x0000000706800000|  0%| F|  |TAMS 0x0000000706600000| PB 0x0000000706600000| Untracked |  0
|  36|0x0000000706800000, 0x0000000706800000, 0x0000000706a00000|  0%| F|  |TAMS 0x0000000706800000| PB 0x0000000706800000| Untracked |  0
|  37|0x0000000706a00000, 0x0000000706a00000, 0x0000000706c00000|  0%| F|  |TAMS 0x0000000706a00000| PB 0x0000000706a00000| Untracked |  0
|  38|0x0000000706c00000, 0x0000000706c00000, 0x0000000706e00000|  0%| F|  |TAMS 0x0000000706c00000| PB 0x0000000706c00000| Untracked |  0
|  39|0x0000000706e00000, 0x0000000706e00000, 0x0000000707000000|  0%| F|  |TAMS 0x0000000706e00000| PB 0x0000000706e00000| Untracked |  0
|  40|0x0000000707000000, 0x0000000707000000, 0x0000000707200000|  0%| F|  |TAMS 0x0000000707000000| PB 0x0000000707000000| Untracked |  0
|  41|0x0000000707200000, 0x0000000707200000, 0x0000000707400000|  0%| F|  |TAMS 0x0000000707200000| PB 0x0000000707200000| Untracked |  0
|  42|0x0000000707400000, 0x0000000707400000, 0x0000000707600000|  0%| F|  |TAMS 0x0000000707400000| PB 0x0000000707400000| Untracked |  0
|  43|0x0000000707600000, 0x0000000707600000, 0x0000000707800000|  0%| F|  |TAMS 0x0000000707600000| PB 0x0000000707600000| Untracked |  0
|  44|0x0000000707800000, 0x0000000707800000, 0x0000000707a00000|  0%| F|  |TAMS 0x0000000707800000| PB 0x0000000707800000| Untracked |  0
|  45|0x0000000707a00000, 0x0000000707a00000, 0x0000000707c00000|  0%| F|  |TAMS 0x0000000707a00000| PB 0x0000000707a00000| Untracked |  0
|  46|0x0000000707c00000, 0x0000000707c00000, 0x0000000707e00000|  0%| F|  |TAMS 0x0000000707c00000| PB 0x0000000707c00000| Untracked |  0
|  47|0x0000000707e00000, 0x0000000707e00000, 0x0000000708000000|  0%| F|  |TAMS 0x0000000707e00000| PB 0x0000000707e00000| Untracked |  0
|  48|0x0000000708000000, 0x0000000708000000, 0x0000000708200000|  0%| F|  |TAMS 0x0000000708000000| PB 0x0000000708000000| Untracked |  0
|  49|0x0000000708200000, 0x0000000708200000, 0x0000000708400000|  0%| F|  |TAMS 0x0000000708200000| PB 0x0000000708200000| Untracked |  0
|  50|0x0000000708400000, 0x0000000708400000, 0x0000000708600000|  0%| F|  |TAMS 0x0000000708400000| PB 0x0000000708400000| Untracked |  0
|  51|0x0000000708600000, 0x0000000708600000, 0x0000000708800000|  0%| F|  |TAMS 0x0000000708600000| PB 0x0000000708600000| Untracked |  0
|  52|0x0000000708800000, 0x0000000708800000, 0x0000000708a00000|  0%| F|  |TAMS 0x0000000708800000| PB 0x0000000708800000| Untracked |  0
|  53|0x0000000708a00000, 0x0000000708a00000, 0x0000000708c00000|  0%| F|  |TAMS 0x0000000708a00000| PB 0x0000000708a00000| Untracked |  0
|  54|0x0000000708c00000, 0x0000000708c00000, 0x0000000708e00000|  0%| F|  |TAMS 0x0000000708c00000| PB 0x0000000708c00000| Untracked |  0
|  55|0x0000000708e00000, 0x0000000708e00000, 0x0000000709000000|  0%| F|  |TAMS 0x0000000708e00000| PB 0x0000000708e00000| Untracked |  0
|  56|0x0000000709000000, 0x0000000709000000, 0x0000000709200000|  0%| F|  |TAMS 0x0000000709000000| PB 0x0000000709000000| Untracked |  0
|  57|0x0000000709200000, 0x0000000709200000, 0x0000000709400000|  0%| F|  |TAMS 0x0000000709200000| PB 0x0000000709200000| Untracked |  0
|  58|0x0000000709400000, 0x0000000709400000, 0x0000000709600000|  0%| F|  |TAMS 0x0000000709400000| PB 0x0000000709400000| Untracked |  0
|  59|0x0000000709600000, 0x0000000709600000, 0x0000000709800000|  0%| F|  |TAMS 0x0000000709600000| PB 0x0000000709600000| Untracked |  0
|  60|0x0000000709800000, 0x0000000709800000, 0x0000000709a00000|  0%| F|  |TAMS 0x0000000709800000| PB 0x0000000709800000| Untracked |  0
|  61|0x0000000709a00000, 0x0000000709a00000, 0x0000000709c00000|  0%| F|  |TAMS 0x0000000709a00000| PB 0x0000000709a00000| Untracked |  0
|  62|0x0000000709c00000, 0x0000000709c00000, 0x0000000709e00000|  0%| F|  |TAMS 0x0000000709c00000| PB 0x0000000709c00000| Untracked |  0
|  63|0x0000000709e00000, 0x0000000709e00000, 0x000000070a000000|  0%| F|  |TAMS 0x0000000709e00000| PB 0x0000000709e00000| Untracked |  0
|  64|0x000000070a000000, 0x000000070a000000, 0x000000070a200000|  0%| F|  |TAMS 0x000000070a000000| PB 0x000000070a000000| Untracked |  0
|  65|0x000000070a200000, 0x000000070a200000, 0x000000070a400000|  0%| F|  |TAMS 0x000000070a200000| PB 0x000000070a200000| Untracked |  0
|  66|0x000000070a400000, 0x000000070a400000, 0x000000070a600000|  0%| F|  |TAMS 0x000000070a400000| PB 0x000000070a400000| Untracked |  0
|  67|0x000000070a600000, 0x000000070a600000, 0x000000070a800000|  0%| F|  |TAMS 0x000000070a600000| PB 0x000000070a600000| Untracked |  0
|  68|0x000000070a800000, 0x000000070a800000, 0x000000070aa00000|  0%| F|  |TAMS 0x000000070a800000| PB 0x000000070a800000| Untracked |  0
|  69|0x000000070aa00000, 0x000000070aa00000, 0x000000070ac00000|  0%| F|  |TAMS 0x000000070aa00000| PB 0x000000070aa00000| Untracked |  0
|  70|0x000000070ac00000, 0x000000070ac00000, 0x000000070ae00000|  0%| F|  |TAMS 0x000000070ac00000| PB 0x000000070ac00000| Untracked |  0
|  71|0x000000070ae00000, 0x000000070ae00000, 0x000000070b000000|  0%| F|  |TAMS 0x000000070ae00000| PB 0x000000070ae00000| Untracked |  0
|  72|0x000000070b000000, 0x000000070b000000, 0x000000070b200000|  0%| F|  |TAMS 0x000000070b000000| PB 0x000000070b000000| Untracked |  0
|  73|0x000000070b200000, 0x000000070b200000, 0x000000070b400000|  0%| F|  |TAMS 0x000000070b200000| PB 0x000000070b200000| Untracked |  0
|  74|0x000000070b400000, 0x000000070b400000, 0x000000070b600000|  0%| F|  |TAMS 0x000000070b400000| PB 0x000000070b400000| Untracked |  0
|  75|0x000000070b600000, 0x000000070b600000, 0x000000070b800000|  0%| F|  |TAMS 0x000000070b600000| PB 0x000000070b600000| Untracked |  0
|  76|0x000000070b800000, 0x000000070b800000, 0x000000070ba00000|  0%| F|  |TAMS 0x000000070b800000| PB 0x000000070b800000| Untracked |  0
|  77|0x000000070ba00000, 0x000000070ba00000, 0x000000070bc00000|  0%| F|  |TAMS 0x000000070ba00000| PB 0x000000070ba00000| Untracked |  0
|  78|0x000000070bc00000, 0x000000070bc00000, 0x000000070be00000|  0%| F|  |TAMS 0x000000070bc00000| PB 0x000000070bc00000| Untracked |  0
|  79|0x000000070be00000, 0x000000070be00000, 0x000000070c000000|  0%| F|  |TAMS 0x000000070be00000| PB 0x000000070be00000| Untracked |  0
|  80|0x000000070c000000, 0x000000070c000000, 0x000000070c200000|  0%| F|  |TAMS 0x000000070c000000| PB 0x000000070c000000| Untracked |  0
|  81|0x000000070c200000, 0x000000070c200000, 0x000000070c400000|  0%| F|  |TAMS 0x000000070c200000| PB 0x000000070c200000| Untracked |  0
|  82|0x000000070c400000, 0x000000070c400000, 0x000000070c600000|  0%| F|  |TAMS 0x000000070c400000| PB 0x000000070c400000| Untracked |  0
|  83|0x000000070c600000, 0x000000070c600000, 0x000000070c800000|  0%| F|  |TAMS 0x000000070c600000| PB 0x000000070c600000| Untracked |  0
|  84|0x000000070c800000, 0x000000070c800000, 0x000000070ca00000|  0%| F|  |TAMS 0x000000070c800000| PB 0x000000070c800000| Untracked |  0
|  85|0x000000070ca00000, 0x000000070ca00000, 0x000000070cc00000|  0%| F|  |TAMS 0x000000070ca00000| PB 0x000000070ca00000| Untracked |  0
|  86|0x000000070cc00000, 0x000000070cc00000, 0x000000070ce00000|  0%| F|  |TAMS 0x000000070cc00000| PB 0x000000070cc00000| Untracked |  0
|  87|0x000000070ce00000, 0x000000070ce00000, 0x000000070d000000|  0%| F|  |TAMS 0x000000070ce00000| PB 0x000000070ce00000| Untracked |  0
|  88|0x000000070d000000, 0x000000070d000000, 0x000000070d200000|  0%| F|  |TAMS 0x000000070d000000| PB 0x000000070d000000| Untracked |  0
|  89|0x000000070d200000, 0x000000070d200000, 0x000000070d400000|  0%| F|  |TAMS 0x000000070d200000| PB 0x000000070d200000| Untracked |  0
|  90|0x000000070d400000, 0x000000070d400000, 0x000000070d600000|  0%| F|  |TAMS 0x000000070d400000| PB 0x000000070d400000| Untracked |  0
|  91|0x000000070d600000, 0x000000070d600000, 0x000000070d800000|  0%| F|  |TAMS 0x000000070d600000| PB 0x000000070d600000| Untracked |  0
|  92|0x000000070d800000, 0x000000070d800000, 0x000000070da00000|  0%| F|  |TAMS 0x000000070d800000| PB 0x000000070d800000| Untracked |  0
|  93|0x000000070da00000, 0x000000070da00000, 0x000000070dc00000|  0%| F|  |TAMS 0x000000070da00000| PB 0x000000070da00000| Untracked |  0
|  94|0x000000070dc00000, 0x000000070dc00000, 0x000000070de00000|  0%| F|  |TAMS 0x000000070dc00000| PB 0x000000070dc00000| Untracked |  0
|  95|0x000000070de00000, 0x000000070de00000, 0x000000070e000000|  0%| F|  |TAMS 0x000000070de00000| PB 0x000000070de00000| Untracked |  0
|  96|0x000000070e000000, 0x000000070e000000, 0x000000070e200000|  0%| F|  |TAMS 0x000000070e000000| PB 0x000000070e000000| Untracked |  0
|  97|0x000000070e200000, 0x000000070e200000, 0x000000070e400000|  0%| F|  |TAMS 0x000000070e200000| PB 0x000000070e200000| Untracked |  0
|  98|0x000000070e400000, 0x000000070e400000, 0x000000070e600000|  0%| F|  |TAMS 0x000000070e400000| PB 0x000000070e400000| Untracked |  0
|  99|0x000000070e600000, 0x000000070e600000, 0x000000070e800000|  0%| F|  |TAMS 0x000000070e600000| PB 0x000000070e600000| Untracked |  0
| 100|0x000000070e800000, 0x000000070e86aa80, 0x000000070ea00000| 20%| S|CS|TAMS 0x000000070e800000| PB 0x000000070e800000| Complete |  0
| 101|0x000000070ea00000, 0x000000070ec00000, 0x000000070ec00000|100%| S|CS|TAMS 0x000000070ea00000| PB 0x000000070ea00000| Complete |  0
| 102|0x000000070ec00000, 0x000000070ee00000, 0x000000070ee00000|100%| S|CS|TAMS 0x000000070ec00000| PB 0x000000070ec00000| Complete |  0
| 103|0x000000070ee00000, 0x000000070ee00000, 0x000000070f000000|  0%| F|  |TAMS 0x000000070ee00000| PB 0x000000070ee00000| Untracked |  0
| 104|0x000000070f000000, 0x000000070f000000, 0x000000070f200000|  0%| F|  |TAMS 0x000000070f000000| PB 0x000000070f000000| Untracked |  0
| 105|0x000000070f200000, 0x000000070f200000, 0x000000070f400000|  0%| F|  |TAMS 0x000000070f200000| PB 0x000000070f200000| Untracked |  0
| 106|0x000000070f400000, 0x000000070f400000, 0x000000070f600000|  0%| F|  |TAMS 0x000000070f400000| PB 0x000000070f400000| Untracked |  0
| 107|0x000000070f600000, 0x000000070f600000, 0x000000070f800000|  0%| F|  |TAMS 0x000000070f600000| PB 0x000000070f600000| Untracked |  0
| 108|0x000000070f800000, 0x000000070f800000, 0x000000070fa00000|  0%| F|  |TAMS 0x000000070f800000| PB 0x000000070f800000| Untracked |  0
| 109|0x000000070fa00000, 0x000000070fa00000, 0x000000070fc00000|  0%| F|  |TAMS 0x000000070fa00000| PB 0x000000070fa00000| Untracked |  0
| 110|0x000000070fc00000, 0x000000070fc00000, 0x000000070fe00000|  0%| F|  |TAMS 0x000000070fc00000| PB 0x000000070fc00000| Untracked |  0
| 111|0x000000070fe00000, 0x000000070fe00000, 0x0000000710000000|  0%| F|  |TAMS 0x000000070fe00000| PB 0x000000070fe00000| Untracked |  0
| 112|0x0000000710000000, 0x0000000710000000, 0x0000000710200000|  0%| F|  |TAMS 0x0000000710000000| PB 0x0000000710000000| Untracked |  0
| 113|0x0000000710200000, 0x00000007102d0158, 0x0000000710400000| 40%| E|  |TAMS 0x0000000710200000| PB 0x0000000710200000| Complete |  0
| 114|0x0000000710400000, 0x0000000710600000, 0x0000000710600000|100%| E|CS|TAMS 0x0000000710400000| PB 0x0000000710400000| Complete |  0
| 115|0x0000000710600000, 0x0000000710800000, 0x0000000710800000|100%| E|CS|TAMS 0x0000000710600000| PB 0x0000000710600000| Complete |  0
| 116|0x0000000710800000, 0x0000000710a00000, 0x0000000710a00000|100%| E|CS|TAMS 0x0000000710800000| PB 0x0000000710800000| Complete |  0
| 117|0x0000000710a00000, 0x0000000710c00000, 0x0000000710c00000|100%| E|CS|TAMS 0x0000000710a00000| PB 0x0000000710a00000| Complete |  0
| 118|0x0000000710c00000, 0x0000000710e00000, 0x0000000710e00000|100%| E|CS|TAMS 0x0000000710c00000| PB 0x0000000710c00000| Complete |  0
| 119|0x0000000710e00000, 0x0000000711000000, 0x0000000711000000|100%| E|CS|TAMS 0x0000000710e00000| PB 0x0000000710e00000| Complete |  0
| 120|0x0000000711000000, 0x0000000711200000, 0x0000000711200000|100%| E|CS|TAMS 0x0000000711000000| PB 0x0000000711000000| Complete |  0
| 121|0x0000000711200000, 0x0000000711400000, 0x0000000711400000|100%| E|CS|TAMS 0x0000000711200000| PB 0x0000000711200000| Complete |  0
| 122|0x0000000711400000, 0x0000000711600000, 0x0000000711600000|100%| E|CS|TAMS 0x0000000711400000| PB 0x0000000711400000| Complete |  0
| 123|0x0000000711600000, 0x0000000711800000, 0x0000000711800000|100%| E|CS|TAMS 0x0000000711600000| PB 0x0000000711600000| Complete |  0
| 124|0x0000000711800000, 0x0000000711a00000, 0x0000000711a00000|100%| E|CS|TAMS 0x0000000711800000| PB 0x0000000711800000| Complete |  0
| 125|0x0000000711a00000, 0x0000000711c00000, 0x0000000711c00000|100%| E|CS|TAMS 0x0000000711a00000| PB 0x0000000711a00000| Complete |  0
| 126|0x0000000711c00000, 0x0000000711e00000, 0x0000000711e00000|100%| E|CS|TAMS 0x0000000711c00000| PB 0x0000000711c00000| Complete |  0
|2031|0x00000007ffe00000, 0x00000007fff24ea8, 0x0000000800000000| 57%| O|  |TAMS 0x00000007ffe00000| PB 0x00000007ffe00000| Untracked |  0

Card table byte_map: [0x0000028b6bcc0000,0x0000028b6c4b0000] _byte_map_base: 0x0000028b684b0000

Marking Bits: (CMBitMap*) 0x0000028b534efef0
 Bits: [0x0000028b6c4b0000, 0x0000028b70430000)

Polling page: 0x0000028b51490000

Metaspace:
Metaspace        used 14352K, committed 14592K, reserved 1114112K
 class space     used 1813K, committed 1920K, reserved 1048576K

Usage:
  Non-class:     12.24 MB used.
      Class:      1.77 MB used.
       Both:     14.02 MB used.

Virtual space:
  Non-class space:       64.00 MB reserved,      12.38 MB ( 19%) committed,  1 nodes.
      Class space:        1.00 GB reserved,       1.88 MB ( <1%) committed,  1 nodes.
             Both:        1.06 GB reserved,      14.25 MB (  1%) committed. 

Chunk freelists:
   Non-Class:  2.82 MB
       Class:  13.95 MB
        Both:  16.78 MB

MaxMetaspaceSize: unlimited
CompressedClassSpaceSize: 1.00 GB
Initial GC threshold: 21.00 MB
Current GC threshold: 21.00 MB
CDS: on
 - commit_granule_bytes: 65536.
 - commit_granule_words: 8192.
 - virtual_space_node_default_size: 8388608.
 - enlarge_chunks_in_place: 1.
UseCompressedClassPointers 1, UseCompactObjectHeaders 0
Narrow klass pointer bits 32, Max shift 3
Narrow klass base: 0x000000003e000000, Narrow klass shift: 0
Encoding Range: [0x000000003e000000 - 0x000000013e000000), (4294967296 bytes)
Klass Range:    [0x000000003e010000 - 0x000000007f000000), (1090453504 bytes)
Klass ID Range:  [65536 - 1090519033) (1090453497)
Protection zone: [0x000000003e000000 - 0x000000003e010000), (65536 bytes)


Internal statistics:

num_allocs_failed_limit: 0.
num_arena_births: 124.
num_arena_deaths: 0.
num_vsnodes_births: 2.
num_vsnodes_deaths: 0.
num_space_committed: 228.
num_space_uncommitted: 0.
num_chunks_returned_to_freelist: 0.
num_chunks_taken_from_freelist: 628.
num_chunk_merges: 0.
num_chunk_splits: 427.
num_chunks_enlarged: 341.
num_inconsistent_stats: 0.

CodeHeap 'non-profiled nmethods': size=120064Kb used=898Kb max_used=898Kb free=119165Kb
 bounds [0x0000028b63a40000, 0x0000028b63cb0000, 0x0000028b6af80000]
CodeHeap 'profiled nmethods': size=120000Kb used=4585Kb max_used=4585Kb free=115414Kb
 bounds [0x0000028b5bf80000, 0x0000028b5c400000, 0x0000028b634b0000]
CodeHeap 'non-nmethods': size=5696Kb used=1404Kb max_used=1406Kb free=4291Kb
 bounds [0x0000028b634b0000, 0x0000028b63720000, 0x0000028b63a40000]
CodeCache: size=245760Kb, used=6887Kb, max_used=6889Kb, free=238870Kb
 total_blobs=3514, nmethods=2996, adapters=418, full_count=0
Compilation: enabled, stopped_count=0, restarted_count=0

Compilation events (20 events):
Event: 1.270 Thread 0x0000028b730620f0 nmethod 2828 0x0000028b5c3a7808 code [0x0000028b5c3a7900, 0x0000028b5c3a82b8]
Event: 1.272 Thread 0x0000028b730620f0 2829       3       com.google.common.collect.AbstractSetMultimap::get (6 bytes)
Event: 1.272 Thread 0x0000028b730620f0 nmethod 2829 0x0000028b5c3a8308 code [0x0000028b5c3a8400, 0x0000028b5c3a86e0]
Event: 1.272 Thread 0x0000028b730620f0 2830       3       java.util.IdentityHashMap::get (60 bytes)
Event: 1.272 Thread 0x0000028b730620f0 nmethod 2830 0x0000028b5c3a8708 code [0x0000028b5c3a8800, 0x0000028b5c3a8c40]
Event: 1.272 Thread 0x0000028b730620f0 2831       3       java.util.Properties::getProperty (50 bytes)
Event: 1.272 Thread 0x0000028b730620f0 nmethod 2831 0x0000028b5c3a8c88 code [0x0000028b5c3a8d80, 0x0000028b5c3a9208]
Event: 1.274 Thread 0x0000028b730620f0 2832       3       java.lang.StringLatin1::lastIndexOf (125 bytes)
Event: 1.274 Thread 0x0000028b730620f0 nmethod 2832 0x0000028b5c3a9288 code [0x0000028b5c3a9380, 0x0000028b5c3a97a8]
Event: 1.275 Thread 0x0000028b7305de10 2833       4       java.util.concurrent.atomic.AtomicReferenceArray::get (12 bytes)
Event: 1.276 Thread 0x0000028b730620f0 2834       3       com.google.inject.internal.InternalContext::getConstructionContext (36 bytes)
Event: 1.276 Thread 0x0000028b730620f0 nmethod 2834 0x0000028b5c3a9808 code [0x0000028b5c3a9900, 0x0000028b5c3a9cf0]
Event: 1.276 Thread 0x0000028b730620f0 2835   !   3       org.slf4j.impl.SimpleLoggerConfiguration::getStringProperty (28 bytes)
Event: 1.276 Thread 0x0000028b730620f0 nmethod 2835 0x0000028b5c3a9d08 code [0x0000028b5c3a9e00, 0x0000028b5c3aa1c8]
Event: 1.276 Thread 0x0000028b730620f0 2836       3       java.lang.String::lastIndexOf (10 bytes)
Event: 1.276 Thread 0x0000028b730620f0 nmethod 2836 0x0000028b5c3aa208 code [0x0000028b5c3aa300, 0x0000028b5c3aa6a8]
Event: 1.276 Thread 0x0000028b7305de10 nmethod 2833 0x0000028b63b18d08 code [0x0000028b63b18e00, 0x0000028b63b18ec8]
Event: 1.277 Thread 0x0000028b730620f0 2837       3       org.eclipse.sisu.inject.InjectorBindings::publishWildcardMatches (82 bytes)
Event: 1.277 Thread 0x0000028b730620f0 nmethod 2837 0x0000028b5c3aa708 code [0x0000028b5c3aa800, 0x0000028b5c3ab190]
Event: 1.278 Thread 0x0000028b73279900 2838       4       java.io.WinNTFileSystem::normalize (224 bytes)

GC Heap Usage History (2 events):
Event: 0.852 {heap Before GC invocations=0 (full 0):
 garbage-first heap   total reserved 4161536K, committed 262144K, used 50323K [0x0000000702000000, 0x0000000800000000)
  region size 2048K, 24 young (49152K), 0 survivors (0K)
}
Event: 0.855 {heap After GC invocations=1 (full 0):
 garbage-first heap   total reserved 4161536K, committed 262144K, used 5694K [0x0000000702000000, 0x0000000800000000)
  region size 2048K, 3 young (6144K), 3 survivors (6144K)
}

Metaspace Usage History (2 events):
Event: 0.852 {metaspace Before GC invocations=0 (full 0):
 Metaspace       used 9090K, committed 9280K, reserved 1114112K
  class space    used 1128K, committed 1216K, reserved 1048576K
}
Event: 0.855 {metaspace After GC invocations=1 (full 0):
 Metaspace       used 9090K, committed 9280K, reserved 1114112K
  class space    used 1128K, committed 1216K, reserved 1048576K
}

Dll operation events (7 events):
Event: 0.007 Loaded shared library C:\Program Files\Eclipse Adoptium\jdk-25.0.2.10-hotspot\bin\java.dll
Event: 0.037 Loaded shared library C:\Program Files\Eclipse Adoptium\jdk-25.0.2.10-hotspot\bin\net.dll
Event: 0.039 Loaded shared library C:\Program Files\Eclipse Adoptium\jdk-25.0.2.10-hotspot\bin\nio.dll
Event: 0.043 Loaded shared library C:\Program Files\Eclipse Adoptium\jdk-25.0.2.10-hotspot\bin\zip.dll
Event: 0.148 Loaded shared library C:\Users\felli\.m2\wrapper\dists\apache-maven-3.9.14\ed7edd442f634ac1c1ef5ba2b61b6d690b5221091f1a8e1123f5fadcc967520d\lib\jansi-native\Windows\x86_64\jansi.dll
Event: 0.148 Loaded shared library C:\Program Files\Eclipse Adoptium\jdk-25.0.2.10-hotspot\bin\jimage.dll
Event: 0.160 Loaded shared library C:\Program Files\Eclipse Adoptium\jdk-25.0.2.10-hotspot\bin\verify.dll

Deoptimization events (20 events):
Event: 1.213 Thread 0x0000028b510b2690 Uncommon trap: trap_request=0xffffff45 fr.pc=0x0000028b63aa2654 relative=0x00000000000020d4
Event: 1.213 Thread 0x0000028b510b2690 Uncommon trap: reason=unstable_if action=reinterpret pc=0x0000028b63aa2654 method=sun.nio.cs.StreamDecoder.implRead([CII)I @ 36 c2
Event: 1.213 Thread 0x0000028b510b2690 DEOPT PACKING pc=0x0000028b63aa2654 sp=0x000000afa7ffe9f0
Event: 1.213 Thread 0x0000028b510b2690 DEOPT UNPACKING pc=0x0000028b635cfc02 sp=0x000000afa7ffe978 mode 2
Event: 1.213 Thread 0x0000028b510b2690 Uncommon trap: trap_request=0x00000259 fr.pc=0x0000028b63a92cd4 relative=0x00000000000000d4
Event: 1.213 Thread 0x0000028b510b2690 Uncommon trap: reason=unloaded action=reinterpret pc=0x0000028b63a92cd4 method=org.codehaus.plexus.util.xml.pull.MXParser.more()C @ 22 c2
Event: 1.213 Thread 0x0000028b510b2690 DEOPT PACKING pc=0x0000028b63a92cd4 sp=0x000000afa7ffedc0
Event: 1.213 Thread 0x0000028b510b2690 DEOPT UNPACKING pc=0x0000028b635cfc02 sp=0x000000afa7ffed60 mode 2
Event: 1.244 Thread 0x0000028b510b2690 DEOPT PACKING pc=0x0000028b5c1884c4 sp=0x000000afa7ffeb50
Event: 1.244 Thread 0x0000028b510b2690 DEOPT UNPACKING pc=0x0000028b63501702 sp=0x000000afa7ffe018 mode 0
Event: 1.261 Thread 0x0000028b510b2690 Uncommon trap: trap_request=0xffffff45 fr.pc=0x0000028b63ae89b4 relative=0x0000000000000a34
Event: 1.261 Thread 0x0000028b510b2690 Uncommon trap: reason=unstable_if action=reinterpret pc=0x0000028b63ae89b4 method=java.lang.AbstractStringBuilder.append(Ljava/lang/String;)Ljava/lang/AbstractStringBuilder; @ 1 c2
Event: 1.261 Thread 0x0000028b510b2690 DEOPT PACKING pc=0x0000028b63ae89b4 sp=0x000000afa7ffe7f0
Event: 1.261 Thread 0x0000028b510b2690 DEOPT UNPACKING pc=0x0000028b635cfc02 sp=0x000000afa7ffe770 mode 2
Event: 1.261 Thread 0x0000028b510b2690 Uncommon trap: trap_request=0xffffff45 fr.pc=0x0000028b63a809c0 relative=0x0000000000000a40
Event: 1.261 Thread 0x0000028b510b2690 Uncommon trap: reason=unstable_if action=reinterpret pc=0x0000028b63a809c0 method=java.lang.AbstractStringBuilder.append(Ljava/lang/String;)Ljava/lang/AbstractStringBuilder; @ 1 c2
Event: 1.261 Thread 0x0000028b510b2690 DEOPT PACKING pc=0x0000028b63a809c0 sp=0x000000afa7ffe780
Event: 1.261 Thread 0x0000028b510b2690 DEOPT UNPACKING pc=0x0000028b635cfc02 sp=0x000000afa7ffe768 mode 2
Event: 1.278 Thread 0x0000028b510b2690 DEOPT PACKING pc=0x0000028b5c0217d6 sp=0x000000afa7ffe260
Event: 1.278 Thread 0x0000028b510b2690 DEOPT UNPACKING pc=0x0000028b63501702 sp=0x000000afa7ffd760 mode 0

Classes loaded (20 events):
Event: 1.248 Loading class java/util/ArrayList$SubList$1
Event: 1.248 Loading class java/util/ArrayList$SubList$1 done
Event: 1.251 Loading class java/util/concurrent/atomic/AtomicReference
Event: 1.251 Loading class java/util/concurrent/atomic/AtomicReference done
Event: 1.266 Loading class java/util/Formatter$FixedString
Event: 1.266 Loading class java/util/Formatter$FixedString done
Event: 1.278 Loading class java/nio/file/AccessMode
Event: 1.278 Loading class java/nio/file/AccessMode done
Event: 1.278 Loading class sun/nio/fs/WindowsFileSystemProvider$1
Event: 1.278 Loading class sun/nio/fs/WindowsFileSystemProvider$1 done
Event: 1.279 Loading class sun/nio/fs/WindowsChannelFactory$2
Event: 1.279 Loading class sun/nio/fs/WindowsChannelFactory$2 done
Event: 1.279 Loading class sun/nio/ch/FileLockImpl
Event: 1.279 Loading class sun/nio/ch/FileLockImpl done
Event: 1.279 Loading class sun/nio/ch/FileLockTable
Event: 1.280 Loading class sun/nio/ch/FileLockTable done
Event: 1.280 Loading class sun/nio/ch/FileKey
Event: 1.280 Loading class sun/nio/ch/FileKey done
Event: 1.280 Loading class sun/nio/ch/FileLockTable$FileLockReference
Event: 1.280 Loading class sun/nio/ch/FileLockTable$FileLockReference done

Classes unloaded (0 events):
No events

Classes redefined (0 events):
No events

Internal exceptions (20 events):
Event: 0.169 Thread 0x0000028b510b2690 Exception <a 'java/lang/NoSuchMethodError'{0x000000071177af18}: 'void java.lang.invoke.DirectMethodHandle$Holder.invokeStatic(java.lang.Object, java.lang.Object)'> (0x000000071177af18) 
thrown [s\src\hotspot\share\interpreter\linkResolver.cpp, line 804]
Event: 0.169 Thread 0x0000028b510b2690 Exception <a 'java/lang/NoSuchMethodError'{0x0000000711782cc0}: 'void java.lang.invoke.DirectMethodHandle$Holder.invokeStaticInit(java.lang.Object, java.lang.Object)'> (0x0000000711782cc0) 
thrown [s\src\hotspot\share\interpreter\linkResolver.cpp, line 804]
Event: 0.173 Thread 0x0000028b510b2690 Exception <a 'java/lang/NoSuchMethodError'{0x00000007117b62a0}: 'void java.lang.invoke.DirectMethodHandle$Holder.invokeSpecial(java.lang.Object, java.lang.Object, java.lang.Object, java.lang.Object, java.lang.Object)'> (0x00000007117b62a0) 
thrown [s\src\hotspot\share\interpreter\linkResolver.cpp, line 804]
Event: 0.181 Thread 0x0000028b510b2690 Exception <a 'java/lang/NoSuchMethodError'{0x00000007117f5c08}: 'void java.lang.invoke.DirectMethodHandle$Holder.invokeStatic(java.lang.Object, java.lang.Object, java.lang.Object)'> (0x00000007117f5c08) 
thrown [s\src\hotspot\share\interpreter\linkResolver.cpp, line 804]
Event: 0.224 Thread 0x0000028b510b2690 Exception <a 'java/lang/NoSuchMethodError'{0x000000071157dc48}: 'java.lang.Object java.lang.invoke.DirectMethodHandle$Holder.invokeSpecialIFC(java.lang.Object, java.lang.Object, java.lang.Object, java.lang.Object)'> (0x000000071157dc48) 
thrown [s\src\hotspot\share\interpreter\linkResolver.cpp, line 804]
Event: 0.340 Thread 0x0000028b510b2690 Exception <a 'java/lang/NoSuchMethodError'{0x0000000710ea6900}: 'void java.lang.invoke.DirectMethodHandle$Holder.invokeSpecial(java.lang.Object, java.lang.Object, java.lang.Object)'> (0x0000000710ea6900) 
thrown [s\src\hotspot\share\interpreter\linkResolver.cpp, line 804]
Event: 0.365 Thread 0x0000028b510b2690 Exception <a 'java/lang/NoSuchMethodError'{0x0000000710fcb370}: 'java.lang.Object java.lang.invoke.DirectMethodHandle$Holder.invokeInterface(java.lang.Object, java.lang.Object)'> (0x0000000710fcb370) 
thrown [s\src\hotspot\share\interpreter\linkResolver.cpp, line 804]
Event: 0.379 Thread 0x0000028b510b2690 Exception <a 'java/lang/NoSuchMethodError'{0x0000000710c7c380}: 'int java.lang.invoke.DirectMethodHandle$Holder.invokeStatic(java.lang.Object, java.lang.Object, java.lang.Object, java.lang.Object)'> (0x0000000710c7c380) 
thrown [s\src\hotspot\share\interpreter\linkResolver.cpp, line 804]
Event: 0.382 Thread 0x0000028b510b2690 Exception <a 'java/lang/NoSuchMethodError'{0x0000000710ca5f58}: 'int java.lang.invoke.DirectMethodHandle$Holder.invokeSpecialIFC(java.lang.Object, java.lang.Object, java.lang.Object, java.lang.Object, java.lang.Object)'> (0x0000000710ca5f58) 
thrown [s\src\hotspot\share\interpreter\linkResolver.cpp, line 804]
Event: 0.419 Thread 0x0000028b510b2690 Exception <a 'java/lang/NoSuchMethodError'{0x0000000710a84ec0}: 'java.lang.Object java.lang.invoke.DirectMethodHandle$Holder.newInvokeSpecial(java.lang.Object, java.lang.Object, java.lang.Object, java.lang.Object, java.lang.Object)'> (0x0000000710a84ec0) 
thrown [s\src\hotspot\share\interpreter\linkResolver.cpp, line 804]
Event: 0.442 Thread 0x0000028b510b2690 Exception <a 'java/lang/NoSuchMethodError'{0x0000000710ba6c58}: 'int java.lang.invoke.DirectMethodHandle$Holder.invokeStaticInit(java.lang.Object, java.lang.Object)'> (0x0000000710ba6c58) 
thrown [s\src\hotspot\share\interpreter\linkResolver.cpp, line 804]
Event: 0.447 Thread 0x0000028b510b2690 Exception <a 'java/lang/NoClassDefFoundError'{0x0000000710be2228}: javax/enterprise/inject/Typed> (0x0000000710be2228) 
thrown [s\src\hotspot\share\classfile\systemDictionary.cpp, line 316]
Event: 0.958 Thread 0x0000028b510b2690 Exception <a 'java/lang/NoSuchMethodError'{0x000000071162d238}: 'void java.lang.invoke.DirectMethodHandle$Holder.invokeStaticInit(java.lang.Object, java.lang.Object, java.lang.Object)'> (0x000000071162d238) 
thrown [s\src\hotspot\share\interpreter\linkResolver.cpp, line 804]
Event: 0.966 Thread 0x0000028b510b2690 Implicit null exception at 0x0000028b63ab2d9d to 0x0000028b63ab2f30
Event: 0.968 Thread 0x0000028b510b2690 Exception <a 'java/lang/NoSuchMethodError'{0x00000007116ba820}: 'java.lang.Object java.lang.invoke.Invokers$Holder.invokeExact_MT(java.lang.Object, int, java.lang.Object)'> (0x00000007116ba820) 
thrown [s\src\hotspot\share\interpreter\linkResolver.cpp, line 804]
Event: 1.116 Thread 0x0000028b510b2690 Exception <a 'java/lang/NoSuchMethodError'{0x0000000710ed6ee8}: 'void java.lang.invoke.Invokers$Holder.invokeExact_MT(java.lang.Object, java.lang.Object, java.lang.Object, java.lang.Object)'> (0x0000000710ed6ee8) 
thrown [s\src\hotspot\share\interpreter\linkResolver.cpp, line 804]
Event: 1.130 Thread 0x0000028b510b2690 Exception <a 'java/lang/NoClassDefFoundError'{0x0000000710f5bf08}: com/google/inject/servlet/ServletModuleTargetVisitor> (0x0000000710f5bf08) 
thrown [s\src\hotspot\share\classfile\systemDictionary.cpp, line 316]
Event: 1.202 Thread 0x0000028b510b2690 Exception <a 'java/lang/NoSuchMethodError'{0x0000000710dd3a00}: 'java.lang.Object java.lang.invoke.DirectMethodHandle$Holder.invokeStaticInit(java.lang.Object, int, int, int, int)'> (0x0000000710dd3a00) 
thrown [s\src\hotspot\share\interpreter\linkResolver.cpp, line 804]
Event: 1.261 Thread 0x0000028b510b2690 Implicit null exception at 0x0000028b63ae7fb6 to 0x0000028b63ae899c
Event: 1.261 Thread 0x0000028b510b2690 Implicit null exception at 0x0000028b63a7ffb6 to 0x0000028b63a809a8

VM Operations (20 events):
Event: 0.960 Executing non-safepoint VM operation: HandshakeAllThreads (Deoptimize)
Event: 0.960 Executing non-safepoint VM operation: HandshakeAllThreads (Deoptimize) done
Event: 0.992 Executing non-safepoint VM operation: HandshakeAllThreads (Deoptimize)
Event: 0.993 Executing non-safepoint VM operation: HandshakeAllThreads (Deoptimize) done
Event: 0.994 Executing non-safepoint VM operation: HandshakeAllThreads (Deoptimize)
Event: 0.994 Executing non-safepoint VM operation: HandshakeAllThreads (Deoptimize) done
Event: 1.034 Executing non-safepoint VM operation: HandshakeAllThreads (Deoptimize)
Event: 1.034 Executing non-safepoint VM operation: HandshakeAllThreads (Deoptimize) done
Event: 1.111 Executing non-safepoint VM operation: HandshakeAllThreads (Deoptimize)
Event: 1.111 Executing non-safepoint VM operation: HandshakeAllThreads (Deoptimize) done
Event: 1.174 Executing non-safepoint VM operation: HandshakeAllThreads (Deoptimize)
Event: 1.174 Executing non-safepoint VM operation: HandshakeAllThreads (Deoptimize) done
Event: 1.191 Executing non-safepoint VM operation: HandshakeAllThreads (Deoptimize)
Event: 1.191 Executing non-safepoint VM operation: HandshakeAllThreads (Deoptimize) done
Event: 1.213 Executing non-safepoint VM operation: HandshakeAllThreads (Deoptimize)
Event: 1.213 Executing non-safepoint VM operation: HandshakeAllThreads (Deoptimize) done
Event: 1.243 Executing non-safepoint VM operation: HandshakeAllThreads (Deoptimize)
Event: 1.243 Executing non-safepoint VM operation: HandshakeAllThreads (Deoptimize) done
Event: 1.244 Executing non-safepoint VM operation: HandshakeAllThreads (Deoptimize)
Event: 1.244 Executing non-safepoint VM operation: HandshakeAllThreads (Deoptimize) done

Memory protections (0 events):
No events

Nmethod flushes (0 events):
No events

Events (15 events):
Event: 0.017 Thread 0x0000028b510b2690 Thread added: 0x0000028b510b2690
Event: 0.026 Thread 0x0000028b510b2690 Thread added: 0x0000028b73045130
Event: 0.026 Thread 0x0000028b510b2690 Thread added: 0x0000028b73045fa0
Event: 0.026 Thread 0x0000028b510b2690 Thread added: 0x0000028b7304cba0
Event: 0.026 Thread 0x0000028b510b2690 Thread added: 0x0000028b7304d760
Event: 0.026 Thread 0x0000028b510b2690 Thread added: 0x0000028b7304e320
Event: 0.026 Thread 0x0000028b510b2690 Thread added: 0x0000028b73056ef0
Event: 0.026 Thread 0x0000028b510b2690 Thread added: 0x0000028b7305de10
Event: 0.026 Thread 0x0000028b510b2690 Thread added: 0x0000028b730620f0
Event: 0.033 Thread 0x0000028b510b2690 Thread added: 0x0000028b731a5ce0
Event: 0.034 Thread 0x0000028b510b2690 Thread added: 0x0000028b731b30d0
Event: 0.085 Thread 0x0000028b7305de10 Thread added: 0x0000028b73279900
Event: 0.145 Thread 0x0000028b510b2690 Thread added: 0x0000028b73647420
Event: 0.153 Thread 0x0000028b73647420 Thread exited: 0x0000028b73647420
Event: 0.471 Thread 0x0000028b7305de10 Thread added: 0x0000028b782a5d00


Dynamic libraries:
0x00007ff757440000 - 0x00007ff75744e000 	C:\Program Files\Eclipse Adoptium\jdk-25.0.2.10-hotspot\bin\java.exe
0x00007ff93aa10000 - 0x00007ff93ac08000 	C:\WINDOWS\SYSTEM32\ntdll.dll
0x00007ff939f10000 - 0x00007ff939fd2000 	C:\WINDOWS\System32\KERNEL32.DLL
0x00007ff938490000 - 0x00007ff938786000 	C:\WINDOWS\System32\KERNELBASE.dll
0x00007ff938390000 - 0x00007ff938490000 	C:\WINDOWS\System32\ucrtbase.dll
0x00007ff91d5e0000 - 0x00007ff91d5f6000 	C:\Program Files\Eclipse Adoptium\jdk-25.0.2.10-hotspot\bin\jli.dll
0x00007ff917bc0000 - 0x00007ff917bde000 	C:\Program Files\Eclipse Adoptium\jdk-25.0.2.10-hotspot\bin\VCRUNTIME140.dll
0x00007ff93a240000 - 0x00007ff93a3e1000 	C:\WINDOWS\System32\USER32.dll
0x00007ff938230000 - 0x00007ff938252000 	C:\WINDOWS\System32\win32u.dll
0x00007ff922390000 - 0x00007ff92262b000 	C:\WINDOWS\WinSxS\amd64_microsoft.windows.common-controls_6595b64144ccf1df_6.0.19041.6456_none_60b8a6cb71f64256\COMCTL32.dll
0x00007ff93a9a0000 - 0x00007ff93a9cb000 	C:\WINDOWS\System32\GDI32.dll
0x00007ff93a0e0000 - 0x00007ff93a17e000 	C:\WINDOWS\System32\msvcrt.dll
0x00007ff9388c0000 - 0x00007ff9389d9000 	C:\WINDOWS\System32\gdi32full.dll
0x00007ff938820000 - 0x00007ff9388bd000 	C:\WINDOWS\System32\msvcp_win.dll
0x00007ff938f10000 - 0x00007ff938f3f000 	C:\WINDOWS\System32\IMM32.DLL
0x00007ff9210b0000 - 0x00007ff9210bc000 	C:\Program Files\Eclipse Adoptium\jdk-25.0.2.10-hotspot\bin\vcruntime140_1.dll
0x00007ff8de600000 - 0x00007ff8de68d000 	C:\Program Files\Eclipse Adoptium\jdk-25.0.2.10-hotspot\bin\msvcp140.dll
0x00007ff83adb0000 - 0x00007ff83bcd6000 	C:\Program Files\Eclipse Adoptium\jdk-25.0.2.10-hotspot\bin\server\jvm.dll
0x00007ff938ff0000 - 0x00007ff9390a1000 	C:\WINDOWS\System32\ADVAPI32.dll
0x00007ff93a900000 - 0x00007ff93a99f000 	C:\WINDOWS\System32\sechost.dll
0x00007ff938b00000 - 0x00007ff938c20000 	C:\WINDOWS\System32\RPCRT4.dll
0x00007ff9380a0000 - 0x00007ff9380c7000 	C:\WINDOWS\System32\bcrypt.dll
0x00007ff939fe0000 - 0x00007ff93a04b000 	C:\WINDOWS\System32\WS2_32.dll
0x00007ff937950000 - 0x00007ff93799b000 	C:\WINDOWS\SYSTEM32\POWRPROF.dll
0x00007ff92d5d0000 - 0x00007ff92d5f7000 	C:\WINDOWS\SYSTEM32\WINMM.dll
0x00007ff929de0000 - 0x00007ff929dea000 	C:\WINDOWS\SYSTEM32\VERSION.dll
0x00007ff937930000 - 0x00007ff937942000 	C:\WINDOWS\SYSTEM32\UMPDC.dll
0x00007ff935ef0000 - 0x00007ff935f02000 	C:\WINDOWS\SYSTEM32\kernel.appcore.dll
0x00007ff921050000 - 0x00007ff92105a000 	C:\Program Files\Eclipse Adoptium\jdk-25.0.2.10-hotspot\bin\jimage.dll
0x00007ff9296f0000 - 0x00007ff9298f1000 	C:\WINDOWS\SYSTEM32\DBGHELP.DLL
0x00007ff926930000 - 0x00007ff926964000 	C:\WINDOWS\SYSTEM32\dbgcore.DLL
0x00007ff938790000 - 0x00007ff938812000 	C:\WINDOWS\System32\bcryptPrimitives.dll
0x00007ff9154f0000 - 0x00007ff91550e000 	C:\Program Files\Eclipse Adoptium\jdk-25.0.2.10-hotspot\bin\java.dll
0x00007ff939150000 - 0x00007ff93927b000 	C:\WINDOWS\System32\ole32.dll
0x00007ff93a5a0000 - 0x00007ff93a8f4000 	C:\WINDOWS\System32\combase.dll
0x00007ff9396f0000 - 0x00007ff939e60000 	C:\WINDOWS\System32\SHELL32.dll
0x00007ff9360f0000 - 0x00007ff936895000 	C:\WINDOWS\SYSTEM32\windows.storage.dll
0x00007ff9379f0000 - 0x00007ff937a1b000 	C:\WINDOWS\SYSTEM32\Wldp.dll
0x00007ff938a30000 - 0x00007ff938afd000 	C:\WINDOWS\System32\OLEAUT32.dll
0x00007ff938f40000 - 0x00007ff938fed000 	C:\WINDOWS\System32\SHCORE.dll
0x00007ff93a1e0000 - 0x00007ff93a23b000 	C:\WINDOWS\System32\shlwapi.dll
0x00007ff937fd0000 - 0x00007ff937ff4000 	C:\WINDOWS\SYSTEM32\profapi.dll
0x00007ff8ffff0000 - 0x00007ff900001000 	C:\Program Files\Eclipse Adoptium\jdk-25.0.2.10-hotspot\bin\net.dll
0x00007ff937760000 - 0x00007ff9377ca000 	C:\WINDOWS\system32\mswsock.dll
0x00007ff8ffc80000 - 0x00007ff8ffc96000 	C:\Program Files\Eclipse Adoptium\jdk-25.0.2.10-hotspot\bin\nio.dll
0x00007ff8ffc60000 - 0x00007ff8ffc77000 	C:\Program Files\Eclipse Adoptium\jdk-25.0.2.10-hotspot\bin\zip.dll
0x00007ff8fddc0000 - 0x00007ff8fdde4000 	C:\Users\felli\.m2\wrapper\dists\apache-maven-3.9.14\ed7edd442f634ac1c1ef5ba2b61b6d690b5221091f1a8e1123f5fadcc967520d\lib\jansi-native\Windows\x86_64\jansi.dll
0x00007ff91ac60000 - 0x00007ff91ac70000 	C:\Program Files\Eclipse Adoptium\jdk-25.0.2.10-hotspot\bin\verify.dll

JVMTI agents: none

dbghelp: loaded successfully - version: 4.0.5 - missing functions: none
symbol engine: initialized successfully - sym options: 0x614 - pdb path: .;C:\Program Files\Eclipse Adoptium\jdk-25.0.2.10-hotspot\bin;C:\WINDOWS\SYSTEM32;C:\WINDOWS\WinSxS\amd64_microsoft.windows.common-controls_6595b64144ccf1df_6.0.19041.6456_none_60b8a6cb71f64256;C:\Program Files\Eclipse Adoptium\jdk-25.0.2.10-hotspot\bin\server;C:\Users\felli\.m2\wrapper\dists\apache-maven-3.9.14\ed7edd442f634ac1c1ef5ba2b61b6d690b5221091f1a8e1123f5fadcc967520d\lib\jansi-native\Windows\x86_64

VM Arguments:
jvm_args: --enable-native-access=ALL-UNNAMED -Dclassworlds.conf=C:\Users\felli\.m2\wrapper\dists\apache-maven-3.9.14\ed7edd442f634ac1c1ef5ba2b61b6d690b5221091f1a8e1123f5fadcc967520d\bin\m2.conf -Dmaven.home=C:\Users\felli\.m2\wrapper\dists\apache-maven-3.9.14\ed7edd442f634ac1c1ef5ba2b61b6d690b5221091f1a8e1123f5fadcc967520d -Dlibrary.jansi.path=C:\Users\felli\.m2\wrapper\dists\apache-maven-3.9.14\ed7edd442f634ac1c1ef5ba2b61b6d690b5221091f1a8e1123f5fadcc967520d\lib\jansi-native -Dmaven.multiModuleProjectDirectory=C:\Users\felli\Desktop\arbor 
java_command: org.codehaus.plexus.classworlds.launcher.Launcher -q -DskipTests=true -DincludeScope=runtime -Dmdep .outputFile=cp.txt dependency:build-classpath
java_class_path (initial): C:\Users\felli\.m2\wrapper\dists\apache-maven-3.9.14\ed7edd442f634ac1c1ef5ba2b61b6d690b5221091f1a8e1123f5fadcc967520d\boot\plexus-classworlds-2.9.0.jar
Launcher Type: SUN_STANDARD

[Global flags]
     intx CICompilerCount                          = 4                                         {product} {ergonomic}
     uint ConcGCThreads                            = 3                                         {product} {ergonomic}
     uint G1ConcRefinementThreads                  = 10                                        {product} {ergonomic}
   size_t G1HeapRegionSize                         = 2097152                                   {product} {ergonomic}
   size_t InitialHeapSize                          = 266338304                                 {product} {ergonomic}
   size_t MarkStackSize                            = 4194304                                   {product} {ergonomic}
   size_t MarkStackSizeMax                         = 536870912                                 {product} {ergonomic}
   size_t MaxHeapSize                              = 4261412864                                {product} {ergonomic}
   size_t MaxNewSize                               = 2556428288                                {product} {ergonomic}
   size_t MinHeapDeltaBytes                        = 2097152                                   {product} {ergonomic}
   size_t MinHeapSize                              = 8388608                                   {product} {ergonomic}
    uintx NonNMethodCodeHeapSize                   = 5832704                                {pd product} {ergonomic}
    uintx NonProfiledCodeHeapSize                  = 122945536                              {pd product} {ergonomic}
    uintx ProfiledCodeHeapSize                     = 122880000                              {pd product} {ergonomic}
    uintx ReservedCodeCacheSize                    = 251658240                              {pd product} {ergonomic}
     bool SegmentedCodeCache                       = true                                      {product} {ergonomic}
   size_t SoftMaxHeapSize                          = 4261412864                             {manageable} {ergonomic}
     bool UseCompressedOops                        = true                           {product lp64_product} {ergonomic}
     bool UseG1GC                                  = true                                      {product} {ergonomic}
     bool UseLargePagesIndividualAllocation        = false                                  {pd product} {ergonomic}

Logging:
Log output configuration:
 #0: stdout all=warning uptime,level,tags foldmultilines=false
 #1: stderr all=off uptime,level,tags foldmultilines=false

Release file:
IMPLEMENTOR="Eclipse Adoptium" 
IMPLEMENTOR_VERSION="Temurin-25.0.2+10" 
JAVA_RUNTIME_VERSION="25.0.2+10-LTS" 
JAVA_VERSION="25.0.2" 
JAVA_VERSION_DATE="2026-01-20" 
LIBC="default" 
MODULES="java.base java.compiler java.datatransfer java.xml java.prefs java.desktop java.instrument java.logging java.management java.security.sasl java.naming java.rmi java.management.rmi java.net.http java.scripting java.security.jgss java.transaction.xa java.sql java.sql.rowset java.xml.crypto java.se java.smartcardio jdk.accessibility jdk.internal.jvmstat jdk.attach jdk.charsets jdk.internal.opt jdk.zipfs jdk.compiler jdk.crypto.cryptoki jdk.crypto.ec jdk.crypto.mscapi jdk.dynalink jdk.internal.ed jdk.editpad jdk.internal.vm.ci jdk.graal.compiler jdk.graal.compiler.management jdk.hotspot.agent jdk.httpserver jdk.incubator.vector jdk.internal.le jdk.internal.md jdk.jartool jdk.javadoc jdk.jcmd jdk.management jdk.management.agent jdk.jconsole jdk.jdeps jdk.jdwp.agent jdk.jdi jdk.jfr jdk.jlink jdk.jpackage jdk.jshell jdk.jsobject jdk.jstatd jdk.localedata jdk.management.jfr jdk.naming.dns jdk.naming.rmi jdk.net jdk.nio.mapmode jdk.sctp jdk.security.auth jdk.security.jgss jdk.unsupported jdk.unsupported.desktop jdk.xml.dom" 
OS_ARCH="x86_64" 
OS_NAME="Windows" 
SOURCE=".:git:9e3c947043a4" 
BUILD_SOURCE="git:458965074606f027bd5afce2cfd5c1055dea0438"
BUILD_SOURCE_REPO="https://github.com/adoptium/temurin-build.git"
SOURCE_REPO="https://github.com/adoptium/jdk25u.git"
FULL_VERSION="25.0.2+10-LTS"
SEMANTIC_VERSION="25.0.2+10"
BUILD_INFO="OS: Windows Server 2022 Version: 10.0"
JVM_VARIANT="Hotspot"
JVM_VERSION="25.0.2+10-LTS"
IMAGE_TYPE="JDK"

Environment Variables:
PATH=C:\Program Files\Eclipse Adoptium\jdk-25.0.2.10-hotspot\bin;C:\Python313\Scripts\;C:\Python313\;C:\Program Files\Eclipse Adoptium\jdk-17.0.15.6-hotspot\bin;C:\Program Files\Common Files\Oracle\Java\javapath;C:\Program Files (x86)\Common Files\Oracle\Java\java8path;C:\Program Files (x86)\Common Files\Oracle\Java\javapath;C:\WINDOWS\system32;C:\WINDOWS;C:\WINDOWS\System32\Wbem;C:\WINDOWS\System32\WindowsPowerShell\v1.0\;C:\WINDOWS\System32\OpenSSH\;C:\Program Files\Git\cmd;C:\Program Files\dotnet\;C:\ProgramData\chocolatey\bin;C:\Program Files\nodejs\;C:\Program Files (x86)\ZeroTier\One\;C:\Program Files\Docker\Docker\resources\bin;C:\Users\felli\AppData\Local\Programs\Eclipse Adoptium\jdk-21.0.7.6-hotspot\bin;C:\Users\felli\AppData\Local\Microsoft\WindowsApps;C:\Users\felli\AppData\Local\Programs\Microsoft VS Code\bin;C:\Users\felli\AppData\Roaming\npm;C:\Users\felli\AppData\Local\Programs\Antigravity\bin;C:\ghcup\bin
USERNAME=felli
OS=Windows_NT
PROCESSOR_IDENTIFIER=AMD64 Family 25 Model 80 Stepping 0, AuthenticAMD
TMP=C:\Users\felli\AppData\Local\Temp
TEMP=C:\Users\felli\AppData\Local\Temp




Compilation memory statistics disabled.

Periodic native trim disabled

---------------  S Y S T E M  ---------------

OS:
 Windows 10 , 64 bit Build 19041 (10.0.19041.5915)
OS uptime: 0 days 1:46 hours
Hyper-V role detected

CPU: total 12 (initial active 12) (12 cores per cpu, 2 threads per core) family 25 model 80 stepping 0 microcode 0x0, cx8, cmov, fxsr, ht, mmx, 3dnowpref, sse, sse2, sse3, ssse3, sse4a, sse4.1, sse4.2, popcnt, lzcnt, tsc, tscinvbit, avx, avx2, aes, erms, clmul, bmi1, bmi2, adx, sha, fma, vzeroupper, clflush, clflushopt, clwb, hv, rdtscp, rdpid, fsrm, f16c, cet_ss
Processor Information for the first 12 processors :
  Max Mhz: 3600, Current Mhz: 3600, Mhz Limit: 3600

Memory: 4k page, system-wide physical 16255M (1445M free)
TotalPageFile size 24447M (AvailPageFile size 5M)
current process WorkingSet (physical memory assigned to process): 136M, peak: 136M
current process commit charge ("private bytes"): 386M, peak: 392M

vm_info: OpenJDK 64-Bit Server VM (25.0.2+10-LTS) for windows-amd64 JRE (25.0.2+10-LTS), built on 2026-01-20T00:00:00Z with MS VC++ 17.12 (VS2022)

END.
