#
# There is insufficient memory for the Java Runtime Environment to continue.
# Native memory allocation (malloc) failed to allocate 2097152 bytes. Error detail: AllocateHeap
# Possible reasons:
#   The system is out of physical RAM or swap space
#   This process is running with CompressedOops enabled, and the Java Heap may be blocking the growth of the native heap
# Possible solutions:
#   Reduce memory load on the system
#   Increase physical memory or swap space
#   Check if swap backing store is full
#   Decrease Java heap size (-Xmx/-Xms)
#   Decrease number of Java threads
#   Decrease Java thread stack sizes (-Xss)
#   Set larger code cache with -XX:ReservedCodeCacheSize=
#   JVM is running with Zero Based Compressed Oops mode in which the Java heap is
#     placed in the first 32GB address space. The Java Heap base address is the
#     maximum limit for the native heap growth. Please use -XX:HeapBaseMinAddress
#     to set the Java Heap base and to place the Java Heap above 32GB virtual address.
# This output file may be truncated or incomplete.
#
#  Out of Memory Error (allocation.cpp:42), pid=15952, tid=4580
#
# JRE version: OpenJDK Runtime Environment Temurin-25.0.2+10 (25.0.2+10) (build 25.0.2+10-LTS)
# Java VM: OpenJDK 64-Bit Server VM Temurin-25.0.2+10 (25.0.2+10-LTS, mixed mode, emulated-client, sharing, tiered, compressed oops, compressed class ptrs, g1 gc, windows-amd64)
# No core dump will be written. Minidumps are not enabled by default on client versions of Windows
#

---------------  S U M M A R Y ------------

Command Line: -XX:TieredStopAtLevel=1 com.example.arbor.ArborApplication

Host: AMD Ryzen 5 5500                               , 12 cores, 15G,  Windows 10 , 64 bit Build 19041 (10.0.19041.5915)
Time: Sat May 16 21:23:04 2026 Hora oficial do Brasil elapsed time: 434.182933 seconds (0d 0h 7m 14s)

---------------  T H R E A D  ---------------

Current thread (0x0000020977a10630):  VMThread "VM Thread"          [id=4580, stack(0x000000bbbd900000,0x000000bbbda00000) (1024K)]

Stack: [0x000000bbbd900000,0x000000bbbda00000]
Native frames: (J=compiled Java code, j=interpreted, Vv=VM code, C=native code)
V  [jvm.dll+0x7a8bc9]  (no source info available)
V  [jvm.dll+0x77310d]  (no source info available)
V  [jvm.dll+0x9f55f3]  (no source info available)
V  [jvm.dll+0x9f7be1]  (no source info available)
V  [jvm.dll+0x9f82f3]  (no source info available)
V  [jvm.dll+0x2fce26]  (no source info available)
V  [jvm.dll+0xf6137]  (no source info available)
V  [jvm.dll+0x3df1f2]  (no source info available)
V  [jvm.dll+0x3d9fa9]  (no source info available)
V  [jvm.dll+0x3c0676]  (no source info available)
V  [jvm.dll+0x40bd1f]  (no source info available)
V  [jvm.dll+0x9fe542]  (no source info available)
V  [jvm.dll+0x9ff861]  (no source info available)
V  [jvm.dll+0x9ffdd8]  (no source info available)
V  [jvm.dll+0xa00073]  (no source info available)
V  [jvm.dll+0x996b0d]  (no source info available)
V  [jvm.dll+0x7a71a5]  (no source info available)
C  [ucrtbase.dll+0x21bb2]  (no source info available)
C  [KERNEL32.DLL+0x17374]  (no source info available)
C  [ntdll.dll+0x4cc91]  (no source info available)

VM_Operation (0x000000bbbcfff4b0): G1CollectFull, mode: safepoint, requested by thread 0x0000020904339660


---------------  P R O C E S S  ---------------

Threads class SMR info:
_java_thread_list=0x00000209043c86b0, length=14, elements={
0x0000020977b5ea90, 0x0000020977b5f4f0, 0x0000020977b61a30, 0x0000020977b62870,
0x0000020977b65440, 0x0000020977b6e620, 0x0000020964722a00, 0x0000020977b677c0,
0x0000020977b6ae70, 0x000002097d2f1460, 0x000002097e4e0060, 0x000002097e4e2770,
0x000002090433a600, 0x0000020904339660
}

Java Threads: ( => current thread )
  0x0000020977b5ea90 JavaThread "Reference Handler"          daemon [_thread_blocked, id=7276, stack(0x000000bbbda00000,0x000000bbbdb00000) (1024K)]
  0x0000020977b5f4f0 JavaThread "Finalizer"                  daemon [_thread_blocked, id=15936, stack(0x000000bbbdb00000,0x000000bbbdc00000) (1024K)]
  0x0000020977b61a30 JavaThread "Signal Dispatcher"          daemon [_thread_blocked, id=18144, stack(0x000000bbbdc00000,0x000000bbbdd00000) (1024K)]
  0x0000020977b62870 JavaThread "Attach Listener"            daemon [_thread_blocked, id=4724, stack(0x000000bbbdd00000,0x000000bbbde00000) (1024K)]
  0x0000020977b65440 JavaThread "Service Thread"             daemon [_thread_blocked, id=15728, stack(0x000000bbbde00000,0x000000bbbdf00000) (1024K)]
  0x0000020977b6e620 JavaThread "Monitor Deflation Thread"   daemon [_thread_blocked, id=17512, stack(0x000000bbbdf00000,0x000000bbbe000000) (1024K)]
  0x0000020964722a00 JavaThread "C1 CompilerThread0"         daemon [_thread_blocked, id=17196, stack(0x000000bbbe000000,0x000000bbbe100000) (1024K)]
  0x0000020977b677c0 JavaThread "Notification Thread"        daemon [_thread_blocked, id=13820, stack(0x000000bbbe100000,0x000000bbbe200000) (1024K)]
  0x0000020977b6ae70 JavaThread "Common-Cleaner"             daemon [_thread_blocked, id=6448, stack(0x000000bbbe200000,0x000000bbbe300000) (1024K)]
  0x000002097d2f1460 JavaThread "Cleaner-0"                  daemon [_thread_blocked, id=18428, stack(0x000000bbbee00000,0x000000bbbef00000) (1024K)]
  0x000002097e4e0060 JavaThread "Catalina-utility-1"                [_thread_blocked, id=3772, stack(0x000000bbbf700000,0x000000bbbf800000) (1024K)]
  0x000002097e4e2770 JavaThread "Catalina-utility-2"                [_thread_blocked, id=16528, stack(0x000000bbbf800000,0x000000bbbf900000) (1024K)]
  0x000002090433a600 JavaThread "DestroyJavaVM"                     [_thread_blocked, id=6768, stack(0x000000bbbd200000,0x000000bbbd300000) (1024K)]
  0x0000020904339660 JavaThread "Thread-1"                          [_thread_blocked, id=8240, stack(0x000000bbbcf00000,0x000000bbbd000000) (1024K)]
Total: 14

Other Threads:
=>0x0000020977a10630 VMThread "VM Thread"                           [id=4580, stack(0x000000bbbd900000,0x000000bbbda00000) (1024K)]
  0x0000020977a14a30 WatcherThread "VM Periodic Task Thread"        [id=13288, stack(0x000000bbbd800000,0x000000bbbd900000) (1024K)]
  0x000002096477cf80 WorkerThread "GC Thread#0"                     [id=14248, stack(0x000000bbbd300000,0x000000bbbd400000) (1024K)]
  0x0000020977a101e0 WorkerThread "GC Thread#1"                     [id=7876, stack(0x000000bbbe800000,0x000000bbbe900000) (1024K)]
  0x0000020977a0f0a0 WorkerThread "GC Thread#2"                     [id=15784, stack(0x000000bbbe900000,0x000000bbbea00000) (1024K)]
  0x0000020977a11bc0 WorkerThread "GC Thread#3"                     [id=18100, stack(0x000000bbbea00000,0x000000bbbeb00000) (1024K)]
  0x0000020977a0f940 WorkerThread "GC Thread#4"                     [id=7696, stack(0x000000bbbeb00000,0x000000bbbec00000) (1024K)]
  0x0000020977a12460 WorkerThread "GC Thread#5"                     [id=4872, stack(0x000000bbbec00000,0x000000bbbed00000) (1024K)]
  0x000002097d9433c0 WorkerThread "GC Thread#6"                     [id=17852, stack(0x000000bbbef00000,0x000000bbbf000000) (1024K)]
  0x000002097d94a3e0 WorkerThread "GC Thread#7"                     [id=6000, stack(0x000000bbbf000000,0x000000bbbf100000) (1024K)]
  0x000002097d945ee0 WorkerThread "GC Thread#8"                     [id=18056, stack(0x000000bbbf100000,0x000000bbbf200000) (1024K)]
  0x000002097d947d10 WorkerThread "GC Thread#9"                     [id=3424, stack(0x000000bbbf200000,0x000000bbbf300000) (1024K)]
  0x0000020964795ed0 ConcurrentGCThread "G1 Main Marker"            [id=9768, stack(0x000000bbbd400000,0x000000bbbd500000) (1024K)]
  0x0000020964797210 WorkerThread "G1 Conc#0"                       [id=16844, stack(0x000000bbbd500000,0x000000bbbd600000) (1024K)]
  0x000002097d9496f0 WorkerThread "G1 Conc#1"                       [id=6292, stack(0x000000bbbf300000,0x000000bbbf400000) (1024K)]
  0x000002097d949f90 WorkerThread "G1 Conc#2"                       [id=17684, stack(0x000000bbbf400000,0x000000bbbf500000) (1024K)]
  0x0000020977a071a0 ConcurrentGCThread "G1 Refine#0"               [id=17652, stack(0x000000bbbd600000,0x000000bbbd700000) (1024K)]
  0x0000020977a07a60 ConcurrentGCThread "G1 Service"                [id=3060, stack(0x000000bbbd700000,0x000000bbbd800000) (1024K)]
Total: 18

Threads with active compile tasks:
C1 CompilerThread0  434261 8089  s    1       org.apache.catalina.util.LifecycleBase::setStateInternal (144 bytes)
Total: 1

VM state: at safepoint (normal execution)

VM Mutex/Monitor currently owned by a thread:  ([mutex/lock_event])
[0x00007fff609563c8] Threads_lock - owner thread: 0x0000020977a10630
[0x00007fff60956548] Heap_lock - owner thread: 0x0000020904339660

Heap address: 0x0000000702000000, size: 4064 MB, Compressed Oops mode: Zero based, Oop shift amount: 3

CDS archive(s) mapped at: [0x0000000027000000-0x0000000027dd0000-0x0000000027dd0000), size 14483456, SharedBaseAddress: 0x0000000027000000, ArchiveRelocationMode: 1.
Compressed class space mapped at: 0x0000000028000000-0x0000000068000000, reserved size: 1073741824
UseCompressedClassPointers 1, UseCompactObjectHeaders 0
Narrow klass pointer bits 32, Max shift 3
Narrow klass base: 0x0000000027000000, Narrow klass shift: 0
Encoding Range: [0x0000000027000000 - 0x0000000127000000), (4294967296 bytes)
Klass Range:    [0x0000000027010000 - 0x0000000068000000), (1090453504 bytes)
Klass ID Range:  [65536 - 1090519033) (1090453497)
Protection zone: [0x0000000027000000 - 0x0000000027010000), (65536 bytes)

GC Precious Log:
 CardTable entry size: 512
 Card Set container configuration: InlinePtr #cards 4 size 8 Array Of Cards #cards 16 size 48 Howl #buckets 8 coarsen threshold 3686 Howl Bitmap #cards 512 size 80 coarsen threshold 460 Card regions per heap region 1 cards per card region 4096
 CPUs: 12 total, 12 available
 Memory: 16255M
 Large Page Support: Disabled
 NUMA Support: Disabled
 Compressed Oops: Enabled (Zero based)
 Heap Region Size: 2M
 Heap Min Capacity: 8M
 Heap Initial Capacity: 254M
 Heap Max Capacity: 4064M
 Pre-touch: Disabled
 Parallel Workers: 10
 Concurrent Workers: 3
 Concurrent Refinement Workers: 10
 Periodic GC: Disabled

Heap:
 garbage-first heap   total reserved 4161536K, committed 88064K, used 59238K [0x0000000702000000, 0x0000000800000000)
  region size 2048K, 8 young (16384K), 2 survivors (4096K)

Heap Regions: E=young(eden), S=young(survivor), O=old, HS=humongous(starts), HC=humongous(continues), CS=collection set, F=free, TAMS=top-at-mark-start, PB=parsable bottom
|   0|0x0000000702000000, 0x0000000702200000, 0x0000000702200000|100%| O|  |TAMS 0x0000000702000000| PB 0x0000000702000000| Untracked |  0
|   1|0x0000000702200000, 0x0000000702400000, 0x0000000702400000|100%| O|Cm|TAMS 0x0000000702200000| PB 0x0000000702200000| Complete |  0
|   2|0x0000000702400000, 0x0000000702600000, 0x0000000702600000|100%| O|  |TAMS 0x0000000702400000| PB 0x0000000702400000| Untracked |  0
|   3|0x0000000702600000, 0x0000000702800000, 0x0000000702800000|100%| O|  |TAMS 0x0000000702600000| PB 0x0000000702600000| Untracked |  0
|   4|0x0000000702800000, 0x0000000702a00000, 0x0000000702a00000|100%| O|  |TAMS 0x0000000702800000| PB 0x0000000702800000| Untracked |  0
|   5|0x0000000702a00000, 0x0000000702c00000, 0x0000000702c00000|100%| O|  |TAMS 0x0000000702a00000| PB 0x0000000702a00000| Untracked |  0
|   6|0x0000000702c00000, 0x0000000702e00000, 0x0000000702e00000|100%| O|Cm|TAMS 0x0000000702c00000| PB 0x0000000702c00000| Complete |  0
|   7|0x0000000702e00000, 0x0000000703000000, 0x0000000703000000|100%| O|  |TAMS 0x0000000702e00000| PB 0x0000000702e00000| Untracked |  0
|   8|0x0000000703000000, 0x0000000703200000, 0x0000000703200000|100%| O|Cm|TAMS 0x0000000703000000| PB 0x0000000703000000| Complete |  0
|   9|0x0000000703200000, 0x0000000703297270, 0x0000000703400000| 29%| O|  |TAMS 0x0000000703200000| PB 0x0000000703200000| Untracked |  0
|  10|0x0000000703400000, 0x0000000703600000, 0x0000000703600000|100%| O|Cm|TAMS 0x0000000703400000| PB 0x0000000703400000| Complete |  0
|  11|0x0000000703600000, 0x0000000703800000, 0x0000000703800000|100%| O|  |TAMS 0x0000000703600000| PB 0x0000000703600000| Untracked |  0
|  12|0x0000000703800000, 0x0000000703a00000, 0x0000000703a00000|100%| O|Cm|TAMS 0x0000000703800000| PB 0x0000000703800000| Complete |  0
|  13|0x0000000703a00000, 0x0000000703c00000, 0x0000000703c00000|100%| O|Cm|TAMS 0x0000000703a00000| PB 0x0000000703a00000| Complete |  0
|  14|0x0000000703c00000, 0x0000000703e00000, 0x0000000703e00000|100%| O|Cm|TAMS 0x0000000703c00000| PB 0x0000000703c00000| Complete |  0
|  15|0x0000000703e00000, 0x0000000703f428a0, 0x0000000704000000| 62%| S|CS|TAMS 0x0000000703e00000| PB 0x0000000703e00000| Complete |  0
|  16|0x0000000704000000, 0x0000000704200000, 0x0000000704200000|100%| S|CS|TAMS 0x0000000704000000| PB 0x0000000704000000| Complete |  0
|  17|0x0000000704200000, 0x0000000704400000, 0x0000000704400000|100%| O|  |TAMS 0x0000000704200000| PB 0x0000000704200000| Untracked |  0
|  18|0x0000000704400000, 0x0000000704600000, 0x0000000704600000|100%| O|Cm|TAMS 0x0000000704400000| PB 0x0000000704400000| Complete |  0
|  19|0x0000000704600000, 0x0000000704800000, 0x0000000704800000|100%| O|Cm|TAMS 0x0000000704600000| PB 0x0000000704600000| Complete |  0
|  20|0x0000000704800000, 0x0000000704800000, 0x0000000704a00000|  0%| F|  |TAMS 0x0000000704800000| PB 0x0000000704800000| Untracked |  0
|  21|0x0000000704a00000, 0x0000000704a00000, 0x0000000704c00000|  0%| F|  |TAMS 0x0000000704a00000| PB 0x0000000704a00000| Untracked |  0
|  22|0x0000000704c00000, 0x0000000704c00000, 0x0000000704e00000|  0%| F|  |TAMS 0x0000000704c00000| PB 0x0000000704c00000| Untracked |  0
|  23|0x0000000704e00000, 0x0000000704e00000, 0x0000000705000000|  0%| F|  |TAMS 0x0000000704e00000| PB 0x0000000704e00000| Untracked |  0
|  24|0x0000000705000000, 0x0000000705000000, 0x0000000705200000|  0%| F|  |TAMS 0x0000000705000000| PB 0x0000000705000000| Untracked |  0
|  25|0x0000000705200000, 0x0000000705200000, 0x0000000705400000|  0%| F|  |TAMS 0x0000000705200000| PB 0x0000000705200000| Untracked |  0
|  26|0x0000000705400000, 0x0000000705400000, 0x0000000705600000|  0%| F|  |TAMS 0x0000000705400000| PB 0x0000000705400000| Untracked |  0
|  27|0x0000000705600000, 0x0000000705600000, 0x0000000705800000|  0%| F|  |TAMS 0x0000000705600000| PB 0x0000000705600000| Untracked |  0
|  28|0x0000000705800000, 0x0000000705800000, 0x0000000705a00000|  0%| F|  |TAMS 0x0000000705800000| PB 0x0000000705800000| Untracked |  0
|  29|0x0000000705a00000, 0x0000000705a00000, 0x0000000705c00000|  0%| F|  |TAMS 0x0000000705a00000| PB 0x0000000705a00000| Untracked |  0
|  90|0x000000070d400000, 0x000000070d400000, 0x000000070d600000|  0%| F|  |TAMS 0x000000070d400000| PB 0x000000070d400000| Untracked |  0
|  91|0x000000070d600000, 0x000000070d600000, 0x000000070d800000|  0%| F|  |TAMS 0x000000070d600000| PB 0x000000070d600000| Untracked |  0
|  92|0x000000070d800000, 0x000000070d8b9aa8, 0x000000070da00000| 36%| E|  |TAMS 0x000000070d800000| PB 0x000000070d800000| Complete |  0
|  93|0x000000070da00000, 0x000000070dc00000, 0x000000070dc00000|100%| E|CS|TAMS 0x000000070da00000| PB 0x000000070da00000| Complete |  0
|  94|0x000000070dc00000, 0x000000070de00000, 0x000000070de00000|100%| E|CS|TAMS 0x000000070dc00000| PB 0x000000070dc00000| Complete |  0
|  95|0x000000070de00000, 0x000000070e000000, 0x000000070e000000|100%| E|CS|TAMS 0x000000070de00000| PB 0x000000070de00000| Complete |  0
| 126|0x0000000711c00000, 0x0000000711e00000, 0x0000000711e00000|100%| E|CS|TAMS 0x0000000711c00000| PB 0x0000000711c00000| Complete |  0
|2026|0x00000007ff400000, 0x00000007ff600000, 0x00000007ff600000|100%| O|  |TAMS 0x00000007ff400000| PB 0x00000007ff400000| Untracked |  0
|2027|0x00000007ff600000, 0x00000007ff800000, 0x00000007ff800000|100%| O|  |TAMS 0x00000007ff600000| PB 0x00000007ff600000| Untracked |  0
|2028|0x00000007ff800000, 0x00000007ffa00000, 0x00000007ffa00000|100%| O|  |TAMS 0x00000007ff800000| PB 0x00000007ff800000| Untracked |  0
|2029|0x00000007ffa00000, 0x00000007ffc00000, 0x00000007ffc00000|100%| O|  |TAMS 0x00000007ffa00000| PB 0x00000007ffa00000| Untracked |  0
|2030|0x00000007ffc00000, 0x00000007ffe00000, 0x00000007ffe00000|100%| O|  |TAMS 0x00000007ffc00000| PB 0x00000007ffc00000| Untracked |  0
|2031|0x00000007ffe00000, 0x0000000800000000, 0x0000000800000000|100%| E|CS|TAMS 0x00000007ffe00000| PB 0x00000007ffe00000| Complete |  0

Card table byte_map: [0x0000020970d10000,0x0000020971500000] _byte_map_base: 0x000002096d500000

Marking Bits: (CMBitMap*) 0x000002096477d710
 Bits: [0x0000020971500000, 0x0000020975480000)

Polling page: 0x00000209622d0000

Metaspace:
Metaspace        used 91330K, committed 92160K, reserved 1179648K
 class space     used 13974K, committed 14336K, reserved 1048576K

Usage:
  Non-class:     75.54 MB used.
      Class:     13.65 MB used.
       Both:     89.19 MB used.

Virtual space:
  Non-class space:      128.00 MB reserved,      76.00 MB ( 59%) committed,  2 nodes.
      Class space:        1.00 GB reserved,      14.00 MB (  1%) committed,  1 nodes.
             Both:        1.12 GB reserved,      90.00 MB (  8%) committed. 

Chunk freelists:
   Non-Class:  3.34 MB
       Class:  1.95 MB
        Both:  5.29 MB

MaxMetaspaceSize: unlimited
CompressedClassSpaceSize: 1.00 GB
Initial GC threshold: 21.00 MB
Current GC threshold: 150.00 MB
CDS: on
 - commit_granule_bytes: 65536.
 - commit_granule_words: 8192.
 - virtual_space_node_default_size: 8388608.
 - enlarge_chunks_in_place: 1.
UseCompressedClassPointers 1, UseCompactObjectHeaders 0
Narrow klass pointer bits 32, Max shift 3
Narrow klass base: 0x0000000027000000, Narrow klass shift: 0
Encoding Range: [0x0000000027000000 - 0x0000000127000000), (4294967296 bytes)
Klass Range:    [0x0000000027010000 - 0x0000000068000000), (1090453504 bytes)
Klass ID Range:  [65536 - 1090519033) (1090453497)
Protection zone: [0x0000000027000000 - 0x0000000027010000), (65536 bytes)


Internal statistics:

num_allocs_failed_limit: 14.
num_arena_births: 1080.
num_arena_deaths: 230.
num_vsnodes_births: 3.
num_vsnodes_deaths: 0.
num_space_committed: 1440.
num_space_uncommitted: 0.
num_chunks_returned_to_freelist: 254.
num_chunks_taken_from_freelist: 4483.
num_chunk_merges: 68.
num_chunk_splits: 3291.
num_chunks_enlarged: 2707.
num_inconsistent_stats: 0.

CodeCache: size=49152Kb used=10264Kb max_used=11683Kb free=38887Kb
 bounds [0x000002096d1f0000, 0x000002096dd60000, 0x00000209701f0000]
 total_blobs=8714, nmethods=7942, adapters=695, full_count=0
Compilation: enabled, stopped_count=0, restarted_count=0

Compilation events (20 events):
Event: 434.154 Thread 0x0000020964722a00 nmethod 8079 0x000002096d366c08 code [0x000002096d366d00, 0x000002096d366ef0]
Event: 434.154 Thread 0x0000020964722a00 8081       1       org.springframework.boot.logging.logback.ColorConverter::transform (10 bytes)
Event: 434.154 Thread 0x0000020964722a00 nmethod 8081 0x000002096d366908 code [0x000002096d366a00, 0x000002096d366b38]
Event: 434.154 Thread 0x0000020964722a00 8082       1       org.springframework.boot.logging.logback.ColorConverter::transform (60 bytes)
Event: 434.154 Thread 0x0000020964722a00 nmethod 8082 0x000002096d366208 code [0x000002096d366300, 0x000002096d3668a8]
Event: 434.154 Thread 0x0000020964722a00 8077       1       ch.qos.logback.classic.spi.LoggingEvent::getLevel (5 bytes)
Event: 434.154 Thread 0x0000020964722a00 nmethod 8077 0x000002096d365f08 code [0x000002096d366000, 0x000002096d3660c8]
Event: 434.158 Thread 0x0000020964722a00 8083   !   1       java.nio.DirectByteBuffer::put (37 bytes)
Event: 434.159 Thread 0x0000020964722a00 nmethod 8083 0x000002096d365a88 code [0x000002096d365b80, 0x000002096d365e98]
Event: 434.159 Thread 0x0000020964722a00 8084   !   1       jdk.internal.misc.ScopedMemoryAccess::putByte (21 bytes)
Event: 434.159 Thread 0x0000020964722a00 nmethod 8084 0x000002096d365788 code [0x000002096d365880, 0x000002096d365a30]
Event: 434.159 Thread 0x0000020964722a00 8085   !   1       jdk.internal.misc.ScopedMemoryAccess::putByteInternal (35 bytes)
Event: 434.159 Thread 0x0000020964722a00 nmethod 8085 0x000002096d365488 code [0x000002096d365580, 0x000002096d3656c0]
Event: 434.161 Thread 0x0000020964722a00 8086       1       org.postgresql.core.VisibleBufferedInputStream::setTimeoutRequested (6 bytes)
Event: 434.161 Thread 0x0000020964722a00 nmethod 8086 0x000002096d365188 code [0x000002096d365280, 0x000002096d365348]
Event: 434.161 Thread 0x0000020964722a00 8087       1       java.io.FilterOutputStream::flush (8 bytes)
Event: 434.161 Thread 0x0000020964722a00 nmethod 8087 0x000002096d364e88 code [0x000002096d364f80, 0x000002096d365078]
Event: 434.179 Thread 0x0000020964722a00 8088       1       org.apache.juli.logging.DirectJDKLog::isDebugEnabled (11 bytes)
Event: 434.179 Thread 0x0000020964722a00 nmethod 8088 0x000002096d364b88 code [0x000002096d364c80, 0x000002096d364d90]
Event: 434.180 Thread 0x0000020964722a00 8089  s    1       org.apache.catalina.util.LifecycleBase::setStateInternal (144 bytes)

GC Heap Usage History (20 events):
Event: 4.467 {heap After GC invocations=10 (full 0):
 garbage-first heap   total reserved 4161536K, committed 81920K, used 33804K [0x0000000702000000, 0x0000000800000000)
  region size 2048K, 3 young (6144K), 3 survivors (6144K)
}
Event: 5.119 {heap Before GC invocations=10 (full 0):
 garbage-first heap   total reserved 4161536K, committed 81920K, used 68620K [0x0000000702000000, 0x0000000800000000)
  region size 2048K, 20 young (40960K), 3 survivors (6144K)
}
Event: 5.123 {heap After GC invocations=11 (full 0):
 garbage-first heap   total reserved 4161536K, committed 81920K, used 36338K [0x0000000702000000, 0x0000000800000000)
  region size 2048K, 3 young (6144K), 3 survivors (6144K)
}
Event: 5.390 {heap Before GC invocations=11 (full 0):
 garbage-first heap   total reserved 4161536K, committed 81920K, used 46578K [0x0000000702000000, 0x0000000800000000)
  region size 2048K, 10 young (20480K), 3 survivors (6144K)
}
Event: 5.394 {heap After GC invocations=12 (full 0):
 garbage-first heap   total reserved 4161536K, committed 81920K, used 37002K [0x0000000702000000, 0x0000000800000000)
  region size 2048K, 2 young (4096K), 2 survivors (4096K)
}
Event: 6.094 {heap Before GC invocations=13 (full 0):
 garbage-first heap   total reserved 4161536K, committed 81920K, used 71818K [0x0000000702000000, 0x0000000800000000)
  region size 2048K, 19 young (38912K), 2 survivors (4096K)
}
Event: 6.097 {heap After GC invocations=14 (full 0):
 garbage-first heap   total reserved 4161536K, committed 81920K, used 38386K [0x0000000702000000, 0x0000000800000000)
  region size 2048K, 3 young (6144K), 3 survivors (6144K)
}
Event: 6.535 {heap Before GC invocations=14 (full 0):
 garbage-first heap   total reserved 4161536K, committed 81920K, used 69106K [0x0000000702000000, 0x0000000800000000)
  region size 2048K, 19 young (38912K), 3 survivors (6144K)
}
Event: 6.539 {heap After GC invocations=15 (full 0):
 garbage-first heap   total reserved 4161536K, committed 83968K, used 39634K [0x0000000702000000, 0x0000000800000000)
  region size 2048K, 3 young (6144K), 3 survivors (6144K)
}
Event: 6.954 {heap Before GC invocations=15 (full 0):
 garbage-first heap   total reserved 4161536K, committed 83968K, used 72402K [0x0000000702000000, 0x0000000800000000)
  region size 2048K, 19 young (38912K), 3 survivors (6144K)
}
Event: 6.957 {heap After GC invocations=16 (full 0):
 garbage-first heap   total reserved 4161536K, committed 83968K, used 42296K [0x0000000702000000, 0x0000000800000000)
  region size 2048K, 3 young (6144K), 3 survivors (6144K)
}
Event: 7.287 {heap Before GC invocations=16 (full 0):
 garbage-first heap   total reserved 4161536K, committed 83968K, used 73016K [0x0000000702000000, 0x0000000800000000)
  region size 2048K, 18 young (36864K), 3 survivors (6144K)
}
Event: 7.290 {heap After GC invocations=17 (full 0):
 garbage-first heap   total reserved 4161536K, committed 83968K, used 44220K [0x0000000702000000, 0x0000000800000000)
  region size 2048K, 3 young (6144K), 3 survivors (6144K)
}
Event: 7.686 {heap Before GC invocations=18 (full 0):
 garbage-first heap   total reserved 4161536K, committed 83968K, used 74940K [0x0000000702000000, 0x0000000800000000)
  region size 2048K, 18 young (36864K), 3 survivors (6144K)
}
Event: 7.689 {heap After GC invocations=19 (full 0):
 garbage-first heap   total reserved 4161536K, committed 83968K, used 46262K [0x0000000702000000, 0x0000000800000000)
  region size 2048K, 2 young (4096K), 2 survivors (4096K)
}
Event: 8.079 {heap Before GC invocations=19 (full 0):
 garbage-first heap   total reserved 4161536K, committed 83968K, used 76982K [0x0000000702000000, 0x0000000800000000)
  region size 2048K, 17 young (34816K), 2 survivors (4096K)
}
Event: 8.083 {heap After GC invocations=20 (full 0):
 garbage-first heap   total reserved 4161536K, committed 88064K, used 48344K [0x0000000702000000, 0x0000000800000000)
  region size 2048K, 3 young (6144K), 3 survivors (6144K)
}
Event: 280.642 {heap Before GC invocations=20 (full 0):
 garbage-first heap   total reserved 4161536K, committed 88064K, used 77016K [0x0000000702000000, 0x0000000800000000)
  region size 2048K, 18 young (36864K), 3 survivors (6144K)
}
Event: 280.645 {heap After GC invocations=21 (full 0):
 garbage-first heap   total reserved 4161536K, committed 88064K, used 48998K [0x0000000702000000, 0x0000000800000000)
  region size 2048K, 2 young (4096K), 2 survivors (4096K)
}
Event: 434.180 {heap Before GC invocations=22 (full 0):
 garbage-first heap   total reserved 4161536K, committed 88064K, used 59238K [0x0000000702000000, 0x0000000800000000)
  region size 2048K, 8 young (16384K), 2 survivors (4096K)
}

Metaspace Usage History (20 events):
Event: 4.467 {metaspace After GC invocations=10 (full 0):
 Metaspace       used 48621K, committed 49088K, reserved 1114112K
  class space    used 6918K, committed 7104K, reserved 1048576K
}
Event: 5.119 {metaspace Before GC invocations=10 (full 0):
 Metaspace       used 57334K, committed 57792K, reserved 1114112K
  class space    used 8415K, committed 8576K, reserved 1048576K
}
Event: 5.123 {metaspace After GC invocations=11 (full 0):
 Metaspace       used 57334K, committed 57792K, reserved 1114112K
  class space    used 8415K, committed 8576K, reserved 1048576K
}
Event: 5.390 {metaspace Before GC invocations=11 (full 0):
 Metaspace       used 60105K, committed 60608K, reserved 1114112K
  class space    used 8794K, committed 9024K, reserved 1048576K
}
Event: 5.394 {metaspace After GC invocations=12 (full 0):
 Metaspace       used 60105K, committed 60608K, reserved 1114112K
  class space    used 8794K, committed 9024K, reserved 1048576K
}
Event: 6.094 {metaspace Before GC invocations=13 (full 0):
 Metaspace       used 70364K, committed 70912K, reserved 1114112K
  class space    used 10574K, committed 10816K, reserved 1048576K
}
Event: 6.097 {metaspace After GC invocations=14 (full 0):
 Metaspace       used 70364K, committed 70912K, reserved 1114112K
  class space    used 10574K, committed 10816K, reserved 1048576K
}
Event: 6.535 {metaspace Before GC invocations=14 (full 0):
 Metaspace       used 75241K, committed 75776K, reserved 1114112K
  class space    used 11294K, committed 11520K, reserved 1048576K
}
Event: 6.539 {metaspace After GC invocations=15 (full 0):
 Metaspace       used 75241K, committed 75776K, reserved 1114112K
  class space    used 11294K, committed 11520K, reserved 1048576K
}
Event: 6.954 {metaspace Before GC invocations=15 (full 0):
 Metaspace       used 77401K, committed 78080K, reserved 1179648K
  class space    used 11629K, committed 11904K, reserved 1048576K
}
Event: 6.957 {metaspace After GC invocations=16 (full 0):
 Metaspace       used 77401K, committed 78080K, reserved 1179648K
  class space    used 11629K, committed 11904K, reserved 1048576K
}
Event: 7.287 {metaspace Before GC invocations=16 (full 0):
 Metaspace       used 79609K, committed 80256K, reserved 1179648K
  class space    used 11970K, committed 12224K, reserved 1048576K
}
Event: 7.290 {metaspace After GC invocations=17 (full 0):
 Metaspace       used 79609K, committed 80256K, reserved 1179648K
  class space    used 11970K, committed 12224K, reserved 1048576K
}
Event: 7.686 {metaspace Before GC invocations=18 (full 0):
 Metaspace       used 81865K, committed 82560K, reserved 1179648K
  class space    used 12387K, committed 12672K, reserved 1048576K
}
Event: 7.689 {metaspace After GC invocations=19 (full 0):
 Metaspace       used 81865K, committed 82560K, reserved 1179648K
  class space    used 12387K, committed 12672K, reserved 1048576K
}
Event: 8.079 {metaspace Before GC invocations=19 (full 0):
 Metaspace       used 86399K, committed 87104K, reserved 1179648K
  class space    used 13206K, committed 13504K, reserved 1048576K
}
Event: 8.083 {metaspace After GC invocations=20 (full 0):
 Metaspace       used 86399K, committed 87104K, reserved 1179648K
  class space    used 13206K, committed 13504K, reserved 1048576K
}
Event: 280.642 {metaspace Before GC invocations=20 (full 0):
 Metaspace       used 91434K, committed 92160K, reserved 1179648K
  class space    used 14002K, committed 14336K, reserved 1048576K
}
Event: 280.645 {metaspace After GC invocations=21 (full 0):
 Metaspace       used 91434K, committed 92160K, reserved 1179648K
  class space    used 14002K, committed 14336K, reserved 1048576K
}
Event: 434.181 {metaspace Before GC invocations=22 (full 0):
 Metaspace       used 91330K, committed 92160K, reserved 1179648K
  class space    used 13974K, committed 14336K, reserved 1048576K
}

Dll operation events (9 events):
Event: 0.007 Loaded shared library C:\Program Files\Eclipse Adoptium\jdk-25.0.2.10-hotspot\bin\java.dll
Event: 0.106 Loaded shared library C:\Program Files\Eclipse Adoptium\jdk-25.0.2.10-hotspot\bin\net.dll
Event: 0.107 Loaded shared library C:\Program Files\Eclipse Adoptium\jdk-25.0.2.10-hotspot\bin\nio.dll
Event: 0.111 Loaded shared library C:\Program Files\Eclipse Adoptium\jdk-25.0.2.10-hotspot\bin\zip.dll
Event: 0.206 Loaded shared library C:\Program Files\Eclipse Adoptium\jdk-25.0.2.10-hotspot\bin\jimage.dll
Event: 0.469 Loaded shared library C:\Program Files\Eclipse Adoptium\jdk-25.0.2.10-hotspot\bin\management.dll
Event: 0.471 Loaded shared library C:\Program Files\Eclipse Adoptium\jdk-25.0.2.10-hotspot\bin\management_ext.dll
Event: 1.327 Loaded shared library C:\Program Files\Eclipse Adoptium\jdk-25.0.2.10-hotspot\bin\sunmscapi.dll
Event: 3.669 Loaded shared library C:\Program Files\Eclipse Adoptium\jdk-25.0.2.10-hotspot\bin\extnet.dll

Deoptimization events (6 events):
Event: 2.558 Thread 0x0000020977b68760 DEOPT PACKING pc=0x000002096d96452c sp=0x000000bbbe7fc430
Event: 2.558 Thread 0x0000020977b68760 DEOPT UNPACKING pc=0x000002096d241702 sp=0x000000bbbe7fb938 mode 0
Event: 3.789 Thread 0x000002097e4e17d0 DEOPT PACKING pc=0x000002096d62e361 sp=0x000000bbbf5ff000
Event: 3.789 Thread 0x000002097e4e17d0 DEOPT UNPACKING pc=0x000002096d241702 sp=0x000000bbbf5fe458 mode 3
Event: 3.789 Thread 0x0000020977b68760 DEOPT PACKING pc=0x000002096d62eb66 sp=0x000000bbbe7f91e0
Event: 3.789 Thread 0x0000020977b68760 DEOPT UNPACKING pc=0x000002096d241702 sp=0x000000bbbe7f8670 mode 3

Classes loaded (20 events):
Event: 37.218 Loading class java/util/stream/ReduceOps$7
Event: 37.218 Loading class java/util/stream/ReduceOps$7 done
Event: 37.218 Loading class java/util/stream/ReduceOps$6ReducingSink
Event: 37.218 Loading class java/util/stream/ReduceOps$6ReducingSink done
Event: 37.218 Loading class java/util/stream/ReferencePipeline$4$1
Event: 37.218 Loading class java/util/stream/ReferencePipeline$4$1 done
Event: 37.220 Loading class sun/nio/cs/ISO_8859_1$Encoder
Event: 37.220 Loading class sun/nio/cs/ISO_8859_1$Encoder done
Event: 37.340 Loading class sun/net/ConnectionResetException
Event: 37.340 Loading class sun/net/ConnectionResetException done
Event: 49.365 Loading class java/util/ArrayList$SubList$2
Event: 49.366 Loading class java/util/ArrayList$SubList$2 done
Event: 49.381 Loading class java/time/format/DateTimeFormatterBuilder$ZoneTextPrinterParser
Event: 49.382 Loading class java/time/format/DateTimeFormatterBuilder$ZoneTextPrinterParser done
Event: 49.382 Loading class java/time/format/DateTimeFormatterBuilder$ReducedPrinterParser
Event: 49.382 Loading class java/time/format/DateTimeFormatterBuilder$ReducedPrinterParser done
Event: 434.114 Loading class java/util/concurrent/locks/AbstractQueuedSynchronizer$SharedNode
Event: 434.115 Loading class java/util/concurrent/locks/AbstractQueuedSynchronizer$SharedNode done
Event: 434.137 Loading class javax/management/NotificationBroadcasterSupport$WildcardListenerInfo
Event: 434.137 Loading class javax/management/NotificationBroadcasterSupport$WildcardListenerInfo done

Classes unloaded (20 events):
Event: 280.666 Thread 0x0000020977a10630 Unloading class 0x000000002847ac00 'java/lang/invoke/LambdaForm$MH+0x000000002847ac00'
Event: 280.666 Thread 0x0000020977a10630 Unloading class 0x000000002847a400 'java/lang/invoke/LambdaForm$MH+0x000000002847a400'
Event: 280.666 Thread 0x0000020977a10630 Unloading class 0x000000002847a000 'java/lang/invoke/LambdaForm$MH+0x000000002847a000'
Event: 280.666 Thread 0x0000020977a10630 Unloading class 0x0000000028479c00 'java/lang/invoke/LambdaForm$BMH+0x0000000028479c00'
Event: 280.666 Thread 0x0000020977a10630 Unloading class 0x0000000028478000 'java/lang/invoke/LambdaForm$MH+0x0000000028478000'
Event: 280.666 Thread 0x0000020977a10630 Unloading class 0x0000000028460400 'java/lang/invoke/LambdaForm$MH+0x0000000028460400'
Event: 280.666 Thread 0x0000020977a10630 Unloading class 0x00000000283dc000 'java/lang/invoke/LambdaForm$DMH+0x00000000283dc000'
Event: 280.666 Thread 0x0000020977a10630 Unloading class 0x00000000283a0c00 'java/lang/invoke/LambdaForm$DMH+0x00000000283a0c00'
Event: 280.666 Thread 0x0000020977a10630 Unloading class 0x00000000281d4000 'java/lang/invoke/LambdaForm$MH+0x00000000281d4000'
Event: 280.666 Thread 0x0000020977a10630 Unloading class 0x000000002811cc00 'java/lang/invoke/LambdaForm$MH+0x000000002811cc00'
Event: 280.666 Thread 0x0000020977a10630 Unloading class 0x000000002811c800 'java/lang/invoke/LambdaForm$MH+0x000000002811c800'
Event: 280.666 Thread 0x0000020977a10630 Unloading class 0x0000000028108400 'java/lang/invoke/LambdaForm$MH+0x0000000028108400'
Event: 280.666 Thread 0x0000020977a10630 Unloading class 0x0000000028108000 'java/lang/invoke/LambdaForm$MH+0x0000000028108000'
Event: 280.666 Thread 0x0000020977a10630 Unloading class 0x00000000280d0c00 'java/lang/invoke/LambdaForm$MH+0x00000000280d0c00'
Event: 280.666 Thread 0x0000020977a10630 Unloading class 0x00000000280d0000 'java/lang/invoke/LambdaForm$DMH+0x00000000280d0000'
Event: 280.666 Thread 0x0000020977a10630 Unloading class 0x00000000280a5c00 'java/lang/invoke/LambdaForm$MH+0x00000000280a5c00'
Event: 280.666 Thread 0x0000020977a10630 Unloading class 0x00000000280a5800 'java/lang/invoke/LambdaForm$MH+0x00000000280a5800'
Event: 280.666 Thread 0x0000020977a10630 Unloading class 0x00000000280a5400 'java/lang/invoke/LambdaForm$MH+0x00000000280a5400'
Event: 280.666 Thread 0x0000020977a10630 Unloading class 0x0000000028098800 'java/lang/invoke/LambdaForm$MH+0x0000000028098800'
Event: 280.666 Thread 0x0000020977a10630 Unloading class 0x0000000028069000 'java/lang/invoke/LambdaForm$BMH+0x0000000028069000'

Classes redefined (0 events):
No events

Internal exceptions (20 events):
Event: 7.821 Thread 0x0000020977b68760 Exception <a 'java/lang/IncompatibleClassChangeError'{0x000000070d66ef30}: Found class java.lang.Object, but interface was expected> (0x000000070d66ef30) 
thrown [s\src\hotspot\share\interpreter\linkResolver.cpp, line 871]
Event: 7.921 Thread 0x0000020977b68760 Exception <a 'java/lang/NoSuchMethodError'{0x00000007056297c0}: 'long java.lang.invoke.DirectMethodHandle$Holder.invokeSpecial(java.lang.Object, java.lang.Object, java.lang.Object)'> (0x00000007056297c0) 
thrown [s\src\hotspot\share\interpreter\linkResolver.cpp, line 804]
Event: 7.922 Thread 0x0000020977b68760 Exception <a 'java/lang/NoSuchMethodError'{0x0000000705631b00}: 'long java.lang.invoke.DelegatingMethodHandle$Holder.reinvoke_L(java.lang.Object, java.lang.Object)'> (0x0000000705631b00) 
thrown [s\src\hotspot\share\interpreter\linkResolver.cpp, line 804]
Event: 8.195 Thread 0x0000020977b68760 Exception <a 'java/lang/NoSuchMethodError'{0x000000070dfe4120}: 'java.lang.Object java.lang.invoke.DirectMethodHandle$Holder.invokeStatic(java.lang.Object, java.lang.Object, java.lang.Object, java.lang.Object, java.lang.Object, java.lang.Object, java.lang.Object, java.lang.Object, java.lang.Object, java.lang.Object, int)'> (0x000000070dfe4120) 
thrown [s\src\hotspot\share\interpreter\linkResolver.cpp, line 804]
Event: 8.196 Thread 0x0000020977b68760 Exception <a 'java/lang/NoSuchMethodError'{0x000000070dff7f18}: 'java.lang.Object java.lang.invoke.DirectMethodHandle$Holder.invokeStatic(java.lang.Object, java.lang.Object, java.lang.Object, java.lang.Object, java.lang.Object, java.lang.Object, java.lang.Object, java.lang.Object, java.lang.Object, java.lang.Object, java.lang.Object, int)'> (0x000000070dff7f18) 
thrown [s\src\hotspot\share\interpreter\linkResolver.cpp, line 804]
Event: 8.196 Thread 0x0000020977b68760 Exception <a 'java/lang/NoSuchMethodError'{0x000000070dc0deb8}: 'java.lang.Object java.lang.invoke.DirectMethodHandle$Holder.invokeStatic(java.lang.Object, java.lang.Object, java.lang.Object, java.lang.Object, java.lang.Object, java.lang.Object, java.lang.Object, java.lang.Object, java.lang.Object, int)'> (0x000000070dc0deb8) 
thrown [s\src\hotspot\share\interpreter\linkResolver.cpp, line 804]
Event: 8.216 Thread 0x0000020977b68760 Exception <a 'java/lang/NoSuchMethodError'{0x000000070ddb3ee8}: 'java.lang.Object java.lang.invoke.DirectMethodHandle$Holder.newInvokeSpecial(java.lang.Object, java.lang.Object, int, int)'> (0x000000070ddb3ee8) 
thrown [s\src\hotspot\share\interpreter\linkResolver.cpp, line 804]
Event: 8.249 Thread 0x0000020977b68760 Exception <a 'java/lang/NoSuchMethodError'{0x000000070db5bcc0}: 'java.lang.Object java.lang.invoke.DirectMethodHandle$Holder.newInvokeSpecial(java.lang.Object, java.lang.Object, java.lang.Object, long)'> (0x000000070db5bcc0) 
thrown [s\src\hotspot\share\interpreter\linkResolver.cpp, line 804]
Event: 8.249 Thread 0x0000020977b68760 Exception <a 'java/lang/NoSuchMethodError'{0x000000070db649b8}: 'java.lang.Object java.lang.invoke.DirectMethodHandle$Holder.invokeSpecial(java.lang.Object, java.lang.Object, java.lang.Object, java.lang.Object, long)'> (0x000000070db649b8) 
thrown [s\src\hotspot\share\interpreter\linkResolver.cpp, line 804]
Event: 8.249 Thread 0x0000020977b68760 Exception <a 'java/lang/NoSuchMethodError'{0x000000070db6cd18}: 'java.lang.Object java.lang.invoke.Invokers$Holder.linkToTargetMethod(java.lang.Object, java.lang.Object, long, java.lang.Object)'> (0x000000070db6cd18) 
thrown [s\src\hotspot\share\interpreter\linkResolver.cpp, line 804]
Event: 37.121 Thread 0x0000020904334840 Exception <a 'java/lang/NoSuchMethodError'{0x000000070d9fca20}: 'java.lang.Object java.lang.invoke.DirectMethodHandle$Holder.invokeStatic(java.lang.Object, java.lang.Object, java.lang.Object, int, int)'> (0x000000070d9fca20) 
thrown [s\src\hotspot\share\interpreter\linkResolver.cpp, line 804]
Event: 37.121 Thread 0x0000020904334840 Exception <a 'java/lang/NoSuchMethodError'{0x000000070d6049f0}: 'java.lang.Object java.lang.invoke.DirectMethodHandle$Holder.invokeStaticInit(java.lang.Object, java.lang.Object, java.lang.Object, int, int)'> (0x000000070d6049f0) 
thrown [s\src\hotspot\share\interpreter\linkResolver.cpp, line 804]
Event: 37.153 Thread 0x000002097e4e2f40 Exception <a 'java/lang/NoSuchMethodError'{0x000000070d703460}: 'java.lang.Object java.lang.invoke.DirectMethodHandle$Holder.invokeSpecial(java.lang.Object, java.lang.Object, java.lang.Object, java.lang.Object, java.lang.Object, long)'> (0x000000070d703460) 
thrown [s\src\hotspot\share\interpreter\linkResolver.cpp, line 804]
Event: 37.153 Thread 0x000002097e4e2f40 Exception <a 'java/lang/NoSuchMethodError'{0x000000070d70bdc8}: 'java.lang.Object java.lang.invoke.DirectMethodHandle$Holder.invokeSpecial(java.lang.Object, java.lang.Object, java.lang.Object, java.lang.Object, java.lang.Object, java.lang.Object, long)'> (0x000000070d70bdc8) 
thrown [s\src\hotspot\share\interpreter\linkResolver.cpp, line 804]
Event: 37.153 Thread 0x000002097e4e2f40 Exception <a 'java/lang/NoSuchMethodError'{0x000000070d7141a0}: 'java.lang.Object java.lang.invoke.DelegatingMethodHandle$Holder.reinvoke_L(java.lang.Object, java.lang.Object, java.lang.Object, java.lang.Object, java.lang.Object, long)'> (0x000000070d7141a0) 
thrown [s\src\hotspot\share\interpreter\linkResolver.cpp, line 804]
Event: 37.154 Thread 0x000002097e4e2f40 Exception <a 'java/lang/NoSuchMethodError'{0x000000070d7245d8}: 'java.lang.Object java.lang.invoke.Invokers$Holder.linkToTargetMethod(java.lang.Object, java.lang.Object, java.lang.Object, long, java.lang.Object)'> (0x000000070d7245d8) 
thrown [s\src\hotspot\share\interpreter\linkResolver.cpp, line 804]
Event: 37.340 Thread 0x000002097e4e1000 Exception <a 'sun/net/ConnectionResetException'{0x0000000705830128}: Connection reset> (0x0000000705830128) 
thrown [s\src\hotspot\share\prims\jni.cpp, line 534]
Event: 49.365 Thread 0x000002097e4e3710 Exception <a 'java/lang/NoSuchMethodError'{0x0000000705949ed8}: 'java.lang.Object java.lang.invoke.DirectMethodHandle$Holder.invokeStatic(java.lang.Object, int, int)'> (0x0000000705949ed8) 
thrown [s\src\hotspot\share\interpreter\linkResolver.cpp, line 804]
Event: 49.453 Thread 0x000002090432fee0 Exception <a 'sun/net/ConnectionResetException'{0x000000070566c398}: Connection reset> (0x000000070566c398) 
thrown [s\src\hotspot\share\prims\jni.cpp, line 534]
Event: 434.179 Thread 0x000002097e4e4e80 Exception <a 'java/lang/InterruptedException'{0x00000007ffea7788}: sleep interrupted> (0x00000007ffea7788) 
thrown [s\src\hotspot\share\prims\jvm.cpp, line 2904]

VM Operations (20 events):
Event: 8.083 Executing safepoint VM operation: G1CollectForAllocation (G1 Evacuation Pause) done
Event: 8.084 Executing non-safepoint VM operation: HandshakeAllThreads (Deoptimize)
Event: 8.084 Executing non-safepoint VM operation: HandshakeAllThreads (Deoptimize) done
Event: 37.124 Executing non-safepoint VM operation: HandshakeAllThreads (Deoptimize)
Event: 37.124 Executing non-safepoint VM operation: HandshakeAllThreads (Deoptimize) done
Event: 37.167 Executing non-safepoint VM operation: HandshakeAllThreads (Deoptimize)
Event: 37.167 Executing non-safepoint VM operation: HandshakeAllThreads (Deoptimize) done
Event: 37.211 Executing non-safepoint VM operation: HandshakeAllThreads (Deoptimize)
Event: 37.211 Executing non-safepoint VM operation: HandshakeAllThreads (Deoptimize) done
Event: 60.130 Executing non-safepoint VM operation: HandshakeAllThreads (HandshakeForDeflation)
Event: 60.131 Executing non-safepoint VM operation: HandshakeAllThreads (HandshakeForDeflation) done
Event: 60.131 Executing non-safepoint VM operation: RendezvousGCThreads
Event: 60.131 Executing non-safepoint VM operation: RendezvousGCThreads done
Event: 280.642 Executing safepoint VM operation: G1CollectForAllocation (G1 Evacuation Pause)
Event: 280.645 Executing safepoint VM operation: G1CollectForAllocation (G1 Evacuation Pause) done
Event: 280.665 Executing safepoint VM operation: G1PauseRemark
Event: 280.671 Executing safepoint VM operation: G1PauseRemark done
Event: 280.680 Executing safepoint VM operation: G1PauseCleanup
Event: 280.680 Executing safepoint VM operation: G1PauseCleanup done
Event: 434.180 Executing safepoint VM operation: G1CollectFull (System.gc())

Memory protections (0 events):
No events

Nmethod flushes (20 events):
Event: 280.671 Thread 0x0000020977a10630 flushing  nmethod 0x000002096dc61e08
Event: 280.671 Thread 0x0000020977a10630 flushing  nmethod 0x000002096d6a8d88
Event: 280.671 Thread 0x0000020977a10630 flushing  nmethod 0x000002096d9f7888
Event: 280.671 Thread 0x0000020977a10630 flushing  nmethod 0x000002096dc96d08
Event: 280.671 Thread 0x0000020977a10630 flushing  nmethod 0x000002096da20f08
Event: 280.671 Thread 0x0000020977a10630 flushing  nmethod 0x000002096da4e888
Event: 280.671 Thread 0x0000020977a10630 flushing  nmethod 0x000002096daab108
Event: 280.671 Thread 0x0000020977a10630 flushing  nmethod 0x000002096daab408
Event: 280.671 Thread 0x0000020977a10630 flushing  nmethod 0x000002096daab708
Event: 280.671 Thread 0x0000020977a10630 flushing  nmethod 0x000002096da27f08
Event: 280.671 Thread 0x0000020977a10630 flushing  nmethod 0x000002096db67388
Event: 280.671 Thread 0x0000020977a10630 flushing  nmethod 0x000002096dc7e608
Event: 280.671 Thread 0x0000020977a10630 flushing  nmethod 0x000002096d906608
Event: 280.671 Thread 0x0000020977a10630 flushing  nmethod 0x000002096dc5a508
Event: 280.671 Thread 0x0000020977a10630 flushing  nmethod 0x000002096d854c88
Event: 280.671 Thread 0x0000020977a10630 flushing  nmethod 0x000002096d926c88
Event: 280.671 Thread 0x0000020977a10630 flushing  nmethod 0x000002096d9dfe08
Event: 280.671 Thread 0x0000020977a10630 flushing  nmethod 0x000002096da23808
Event: 280.671 Thread 0x0000020977a10630 flushing  nmethod 0x000002096dcbd188
Event: 280.671 Thread 0x0000020977a10630 flushing  nmethod 0x000002096dc00f88

Events (20 events):
Event: 434.104 Thread 0x000002097e4de120 Thread added: 0x0000020904339660
Event: 434.104 Thread 0x000002097e4de120 Thread exited: 0x000002097e4de120
Event: 434.114 Thread 0x0000020904339660 Thread added: 0x0000020904337ef0
Event: 434.125 Thread 0x0000020904334840 Thread exited: 0x0000020904334840
Event: 434.128 Thread 0x0000020904337ef0 Thread exited: 0x0000020904337ef0
Event: 434.130 Thread 0x0000020904337720 Thread exited: 0x0000020904337720
Event: 434.133 Thread 0x000002090432c060 Thread exited: 0x000002090432c060
Event: 434.133 Thread 0x000002090432d7d0 Thread exited: 0x000002090432d7d0
Event: 434.133 Thread 0x000002097e4e2f40 Thread exited: 0x000002097e4e2f40
Event: 434.133 Thread 0x0000020904330e80 Thread exited: 0x0000020904330e80
Event: 434.133 Thread 0x000002097e4e3710 Thread exited: 0x000002097e4e3710
Event: 434.133 Thread 0x000002097e4e1000 Thread exited: 0x000002097e4e1000
Event: 434.133 Thread 0x00000209043325f0 Thread exited: 0x00000209043325f0
Event: 434.133 Thread 0x000002090432fee0 Thread exited: 0x000002090432fee0
Event: 434.133 Thread 0x000002090432ef40 Thread exited: 0x000002090432ef40
Event: 434.134 Thread 0x0000020904332dc0 Thread exited: 0x0000020904332dc0
Event: 434.155 Thread 0x0000020904339660 Thread added: 0x000002090433b5a0
Event: 434.155 Thread 0x000002097e4e17d0 Thread exited: 0x000002097e4e17d0
Event: 434.161 Thread 0x000002090433b5a0 Thread exited: 0x000002090433b5a0
Event: 434.180 Thread 0x000002097e4e4e80 Thread exited: 0x000002097e4e4e80


Dynamic libraries:
0x00007ff602800000 - 0x00007ff60280e000 	C:\Program Files\Eclipse Adoptium\jdk-25.0.2.10-hotspot\bin\java.exe
0x00007ff82ced0000 - 0x00007ff82d0c8000 	C:\WINDOWS\SYSTEM32\ntdll.dll
0x00007ff82b630000 - 0x00007ff82b6f2000 	C:\WINDOWS\System32\KERNEL32.DLL
0x00007ff82aaa0000 - 0x00007ff82ad96000 	C:\WINDOWS\System32\KERNELBASE.dll
0x00007ff82adf0000 - 0x00007ff82aef0000 	C:\WINDOWS\System32\ucrtbase.dll
0x00007ff810480000 - 0x00007ff81049e000 	C:\Program Files\Eclipse Adoptium\jdk-25.0.2.10-hotspot\bin\VCRUNTIME140.dll
0x00007ff80d850000 - 0x00007ff80d866000 	C:\Program Files\Eclipse Adoptium\jdk-25.0.2.10-hotspot\bin\jli.dll
0x00007ff82b480000 - 0x00007ff82b621000 	C:\WINDOWS\System32\USER32.dll
0x00007ff82a710000 - 0x00007ff82a732000 	C:\WINDOWS\System32\win32u.dll
0x00007ff812f10000 - 0x00007ff8131ab000 	C:\WINDOWS\WinSxS\amd64_microsoft.windows.common-controls_6595b64144ccf1df_6.0.19041.6456_none_60b8a6cb71f64256\COMCTL32.dll
0x00007ff82c320000 - 0x00007ff82c34b000 	C:\WINDOWS\System32\GDI32.dll
0x00007ff82a560000 - 0x00007ff82a679000 	C:\WINDOWS\System32\gdi32full.dll
0x00007ff82c590000 - 0x00007ff82c62e000 	C:\WINDOWS\System32\msvcrt.dll
0x00007ff82a740000 - 0x00007ff82a7dd000 	C:\WINDOWS\System32\msvcp_win.dll
0x00007ff82b700000 - 0x00007ff82b72f000 	C:\WINDOWS\System32\IMM32.DLL
0x00007ff827320000 - 0x00007ff82732c000 	C:\Program Files\Eclipse Adoptium\jdk-25.0.2.10-hotspot\bin\vcruntime140_1.dll
0x00007ffffcf50000 - 0x00007ffffcfdd000 	C:\Program Files\Eclipse Adoptium\jdk-25.0.2.10-hotspot\bin\msvcp140.dll
0x00007fff5fb20000 - 0x00007fff60a46000 	C:\Program Files\Eclipse Adoptium\jdk-25.0.2.10-hotspot\bin\server\jvm.dll
0x00007ff82cdd0000 - 0x00007ff82ce81000 	C:\WINDOWS\System32\ADVAPI32.dll
0x00007ff82b2b0000 - 0x00007ff82b34f000 	C:\WINDOWS\System32\sechost.dll
0x00007ff82ccb0000 - 0x00007ff82cdd0000 	C:\WINDOWS\System32\RPCRT4.dll
0x00007ff82a910000 - 0x00007ff82a937000 	C:\WINDOWS\System32\bcrypt.dll
0x00007ff82c360000 - 0x00007ff82c3cb000 	C:\WINDOWS\System32\WS2_32.dll
0x00007ff829e60000 - 0x00007ff829eab000 	C:\WINDOWS\SYSTEM32\POWRPROF.dll
0x00007ff81eca0000 - 0x00007ff81ecc7000 	C:\WINDOWS\SYSTEM32\WINMM.dll
0x00007ff823ca0000 - 0x00007ff823caa000 	C:\WINDOWS\SYSTEM32\VERSION.dll
0x00007ff829df0000 - 0x00007ff829e02000 	C:\WINDOWS\SYSTEM32\UMPDC.dll
0x00007ff8282a0000 - 0x00007ff8282b2000 	C:\WINDOWS\SYSTEM32\kernel.appcore.dll
0x00007ff80d840000 - 0x00007ff80d84a000 	C:\Program Files\Eclipse Adoptium\jdk-25.0.2.10-hotspot\bin\jimage.dll
0x00007ff822880000 - 0x00007ff822a81000 	C:\WINDOWS\SYSTEM32\DBGHELP.DLL
0x00007ff81aa30000 - 0x00007ff81aa64000 	C:\WINDOWS\SYSTEM32\dbgcore.DLL
0x00007ff82a680000 - 0x00007ff82a702000 	C:\WINDOWS\System32\bcryptPrimitives.dll
0x00007ff80d820000 - 0x00007ff80d83e000 	C:\Program Files\Eclipse Adoptium\jdk-25.0.2.10-hotspot\bin\java.dll
0x00007ff82ba70000 - 0x00007ff82bb9b000 	C:\WINDOWS\System32\ole32.dll
0x00007ff82af50000 - 0x00007ff82b2a4000 	C:\WINDOWS\System32\combase.dll
0x00007ff82bba0000 - 0x00007ff82c310000 	C:\WINDOWS\System32\SHELL32.dll
0x00007ff8285b0000 - 0x00007ff828d55000 	C:\WINDOWS\SYSTEM32\windows.storage.dll
0x00007ff829eb0000 - 0x00007ff829edb000 	C:\WINDOWS\SYSTEM32\Wldp.dll
0x00007ff82c4c0000 - 0x00007ff82c58d000 	C:\WINDOWS\System32\OLEAUT32.dll
0x00007ff82c630000 - 0x00007ff82c6dd000 	C:\WINDOWS\System32\SHCORE.dll
0x00007ff82ba10000 - 0x00007ff82ba6b000 	C:\WINDOWS\System32\shlwapi.dll
0x00007ff82a490000 - 0x00007ff82a4b4000 	C:\WINDOWS\SYSTEM32\profapi.dll
0x00007ff806f30000 - 0x00007ff806f41000 	C:\Program Files\Eclipse Adoptium\jdk-25.0.2.10-hotspot\bin\net.dll
0x00007ff829c20000 - 0x00007ff829c8a000 	C:\WINDOWS\system32\mswsock.dll
0x00007ff806370000 - 0x00007ff806386000 	C:\Program Files\Eclipse Adoptium\jdk-25.0.2.10-hotspot\bin\nio.dll
0x00007ff805ec0000 - 0x00007ff805ed7000 	C:\Program Files\Eclipse Adoptium\jdk-25.0.2.10-hotspot\bin\zip.dll
0x00007ff80b020000 - 0x00007ff80b02a000 	C:\Program Files\Eclipse Adoptium\jdk-25.0.2.10-hotspot\bin\management.dll
0x00007ff8093f0000 - 0x00007ff8093fc000 	C:\Program Files\Eclipse Adoptium\jdk-25.0.2.10-hotspot\bin\management_ext.dll
0x00007ff82b470000 - 0x00007ff82b478000 	C:\WINDOWS\System32\PSAPI.DLL
0x00007ff807cd0000 - 0x00007ff807cde000 	C:\Program Files\Eclipse Adoptium\jdk-25.0.2.10-hotspot\bin\sunmscapi.dll
0x00007ff82a940000 - 0x00007ff82aa9d000 	C:\WINDOWS\System32\CRYPT32.dll
0x00007ff829f20000 - 0x00007ff829f47000 	C:\WINDOWS\SYSTEM32\ncrypt.dll
0x00007ff829ee0000 - 0x00007ff829f1b000 	C:\WINDOWS\SYSTEM32\NTASN1.dll
0x00007ff82a200000 - 0x00007ff82a218000 	C:\WINDOWS\SYSTEM32\CRYPTSP.dll
0x00007ff8294f0000 - 0x00007ff829528000 	C:\WINDOWS\system32\rsaenh.dll
0x00007ff82a410000 - 0x00007ff82a43e000 	C:\WINDOWS\SYSTEM32\USERENV.dll
0x00007ff829db0000 - 0x00007ff829dbc000 	C:\WINDOWS\SYSTEM32\CRYPTBASE.dll
0x00007ff829920000 - 0x00007ff82995b000 	C:\WINDOWS\SYSTEM32\IPHLPAPI.DLL
0x00007ff82c310000 - 0x00007ff82c318000 	C:\WINDOWS\System32\NSI.dll
0x00007ff829960000 - 0x00007ff829a2a000 	C:\WINDOWS\SYSTEM32\DNSAPI.dll
0x00007ff81e360000 - 0x00007ff81e36a000 	C:\Windows\System32\rasadhlp.dll
0x00007ff823410000 - 0x00007ff823490000 	C:\WINDOWS\System32\fwpuclnt.dll
0x00007ff807a20000 - 0x00007ff807a29000 	C:\Program Files\Eclipse Adoptium\jdk-25.0.2.10-hotspot\bin\extnet.dll
0x00007ff80b9a0000 - 0x00007ff80b9a7000 	C:\WINDOWS\system32\wshunix.dll

JVMTI agents: none

dbghelp: loaded successfully - version: 4.0.5 - missing functions: none
symbol engine: initialized successfully - sym options: 0x614 - pdb path: .;C:\Program Files\Eclipse Adoptium\jdk-25.0.2.10-hotspot\bin;C:\WINDOWS\SYSTEM32;C:\WINDOWS\WinSxS\amd64_microsoft.windows.common-controls_6595b64144ccf1df_6.0.19041.6456_none_60b8a6cb71f64256;C:\Program Files\Eclipse Adoptium\jdk-25.0.2.10-hotspot\bin\server

VM Arguments:
jvm_args: -XX:TieredStopAtLevel=1 
java_command: com.example.arbor.ArborApplication
java_class_path (initial): C:\Users\felli\Desktop\arbor\target\classes;C:\Users\felli\.m2\repository\ch\qos\logback\logback-classic\1.5.32\logback-classic-1.5.32.jar;C:\Users\felli\.m2\repository\ch\qos\logback\logback-core\1.5.32\logback-core-1.5.32.jar;C:\Users\felli\.m2\repository\org\apache\logging\log4j\log4j-to-slf4j\2.25.3\log4j-to-slf4j-2.25.3.jar;C:\Users\felli\.m2\repository\org\apache\logging\log4j\log4j-api\2.25.3\log4j-api-2.25.3.jar;C:\Users\felli\.m2\repository\org\slf4j\jul-to-slf4j\2.0.17\jul-to-slf4j-2.0.17.jar;C:\Users\felli\.m2\repository\jakarta\annotation\jakarta.annotation-api\3.0.0\jakarta.annotation-api-3.0.0.jar;C:\Users\felli\.m2\repository\org\yaml\snakeyaml\2.5\snakeyaml-2.5.jar;C:\Users\felli\.m2\repository\org\springframework\boot\spring-boot-micrometer-metrics\4.0.5\spring-boot-micrometer-metrics-4.0.5.jar;C:\Users\felli\.m2\repository\org\springframework\boot\spring-boot-micrometer-observation\4.0.5\spring-boot-micrometer-observation-4.0.5.jar;C:\Users\felli\.m2\repository\org\springframework\boot\spring-boot-actuator-autoconfigure\4.0.5\spring-boot-actuator-autoconfigure-4.0.5.jar;C:\Users\felli\.m2\repository\org\springframework\boot\spring-boot-actuator\4.0.5\spring-boot-actuator-4.0.5.jar;C:\Users\felli\.m2\repository\org\springframework\boot\spring-boot-health\4.0.5\spring-boot-health-4.0.5.jar;C:\Users\felli\.m2\repository\io\micrometer\micrometer-observation\1.16.4\micrometer-observation-1.16.4.jar;C:\Users\felli\.m2\repository\org\jspecify\jspecify\1.0.0\jspecify-1.0.0.jar;C:\Users\felli\.m2\repository\io\micrometer\micrometer-commons\1.16.4\micrometer-commons-1.16.4.jar;C:\Users\felli\.m2\repository\io\micrometer\micrometer-jakarta9\1.16.4\micrometer-jakarta9-1.16.4.jar;C:\Users\felli\.m2\repository\io\micrometer\micrometer-core\1.16.4\micrometer-core-1.16.4.jar;C:\Users\felli\.m2\repository\org\hdrhistogram\HdrHistogram\2.2.2\HdrHistogram-2.2.2.jar;C:\Users\felli\.m2\repository\org\latencyutils\LatencyUtils\2.0.3\LatencyUtils-2.0.3.jar;C:\Users\felli\.m2\repository\com\zaxxer\HikariCP\7.0.2\HikariCP-7.0.2.jar;C:\Users\felli\.m2\repository\org\springframework\boot\spring-boot-data-jpa\4.0.5\spring-boot-data-jpa-4.0.5.jar;C:\Users\felli\.m2\repository\org\springframework\boot\spring-boot-data-commons\4.0.5\spring-boot-data-commons-4.0.5.jar;C:\Users\felli\.m2\repository\org\springframework\boot\spring-boot-persistence\4.0.5\spring-boot-persistence-4.0.5.jar;C:\Users\felli\.m2\repository\org\springframework\data\spring-data-commons\4.0.4\spring-data-commons-4.0.4.jar;C:\Users\felli\.m2\repository\org\springframework\boot\spring-boot-hibernate\4.0.5\spring-boot-hibernate-4.0.5.jar;C:\Users\felli\.m2\repository\org\springframework\boot\spring-boot-jpa\4.0.5\spring-boot-jpa-4.0.5.jar;C:\Users\felli\.m2\repository\org\springframework\spring-orm\7.0.6\spring-orm-7.0.6.jar;C:\Users\felli\.m2\repository\org\springframework\data\spring-data-jpa\4.0.4\spring-data-jpa-4.0.4.jar;C:\Users\felli\.m2\repository\org\springframework\spring-tx\7.0.6\spring-tx-7.0.6.jar;C:\Users\felli\.m2\repository\org\springframework\spring-aspects\7.0.6\spring-aspects-7.0.6.jar;C:\Users\felli\.m2\repository\org\aspectj\aspectjweaver\1.9.25.1\aspectjweaver-1.9.25.1.jar;C:\Users\felli\.m2\repository\org\springframework\boot\spring-boot-jdbc\4.0.5\spring-boot-jdbc-4.0.5.jar;C:\Users\felli\.m2\repository\org\springframework\boot\spring-boot-sql\4.0.5\spring-boot-sql-4.0.5.jar;C:\Users\felli\.m2\repository\org\springframework\boot\spring-boot-transaction\4.0.5\spring-boot-transaction-4.0.5.jar;C:\Users\felli\.m2\repository\org\springframework\spring-jdbc\7.0.6\spring-jdbc-7.0.6.jar;C:\Users\felli\.m2\repository\org\springframework\boot\spring-boot-validation\4.0.5\spring-boot-validation-4.0.5.jar;C:\Users\felli\.m2\repository\org\apache\tomcat\embed\tomcat-embed-el\11.0.20\tomcat-embed-el-11.0.20.jar;C:\Users\felli\.m2\repository\org\hibernate\validator\hibernate-validator\9.0.1.Final\hibernate-validator-9.0.1.Final.jar;C:\Users\felli\.m2\repository\jakarta\validation\jakarta.validation-api\3.1.1\jakarta.validation-api-3.1.1.jar;C:\Users\felli\.m2\repository\org\springframework\boot\spring-boot-jackson\4.0.5\spring-boot-jackson-4.0.5.jar;C:\Users\felli\.m2\repository\tools\jackson\core\jackson-databind\3.1.0\jackson-databind-3.1.0.jar;C:\Users\felli\.m2\repository\tools\jackson\core\jackson-core\3.1.0\jackson-core-3.1.0.jar;C:\Users\felli\.m2\repository\org\springframework\boot\spring-boot-web-server\4.0.5\spring-boot-web-server-4.0.5.jar;C:\Users\felli\.m2\repository\org\apache\tomcat\embed\tomcat-embed-core\11.0.20\tomcat-embed-core-11.0.20.jar;C:\Users\felli\.m2\repository\org\apache\tomcat\embed\tomcat-embed-websocket\11.0.20\tomcat-embed-websocket-11.0.20.jar;C:\Users\felli\.m2\repository\org\springframework\boot\spring-boot-tomcat\4.0.5\spring-boot-tomcat-4.0.5.jar;C:\Users\felli\.m2\repository\org\springframework\boot\spring-boot-http-converter\4.0.5\spring-boot-http-converter-4.0.5.jar;C:\Users\felli\.m2\repository\org\springframework\spring-web\7.0.6\spring-web-7.0.6.jar;C:\Users\felli\.m2\repository\org\springframework\boot\spring-boot-webmvc\4.0.5\spring-boot-webmvc-4.0.5.jar;C:\Users\felli\.m2\repository\org\springframework\boot\spring-boot-servlet\4.0.5\spring-boot-servlet-4.0.5.jar;C:\Users\felli\.m2\repository\org\springframework\spring-webmvc\7.0.6\spring-webmvc-7.0.6.jar;C:\Users\felli\.m2\repository\org\springframework\spring-expression\7.0.6\spring-expression-7.0.6.jar;C:\Users\felli\.m2\repository\org\springframework\boot\spring-boot-devtools\4.0.5\spring-boot-devtools-4.0.5.jar;C:\Users\felli\.m2\repository\org\springframework\boot\spring-boot\4.0.5\spring-boot-4.0.5.jar;C:\Users\felli\.m2\repository\org\springframework\spring-context\7.0.6\spring-context-7.0.6.jar;C:\Users\felli\.m2\repository\org\springframework\boot\spring-boot-autoconfigure\4.0.5\spring-boot-autoconfigure-4.0.5.jar;C:\Users\felli\.m2\repository\org\postgresql\postgresql\42.7.10\postgresql-42.7.10.jar;C:\Users\felli\.m2\repository\org\checkerframework\checker-qual\3.52.0\checker-qual-3.52.0.jar;C:\Users\felli\.m2\repository\org\slf4j\slf4j-api\2.0.17\slf4j-api-2.0.17.jar;C:\Users\felli\.m2\repository\jakarta\xml\bind\jakarta.xml.bind-api\4.0.4\jakarta.xml.bind-api-4.0.4.jar;C:\Users\felli\.m2\repository\jakarta\activation\jakarta.activation-api\2.1.4\jakarta.activation-api-2.1.4.jar;C:\Users\felli\.m2\repository\net\bytebuddy\byte-buddy\1.17.8\byte-buddy-1.17.8.jar;C:\Users\felli\.m2\repository\org\springframework\spring-core\7.0.6\spring-core-7.0.6.jar;C:\Users\felli\.m2\repository\commons-logging\commons-logging\1.3.6\commons-logging-1.3.6.jar;C:\Users\felli\.m2\repository\org\springdoc\springdoc-openapi-starter-webmvc-ui\2.5.0\springdoc-openapi-starter-webmvc-ui-2.5.0.jar;C:\Users\felli\.m2\repository\org\springdoc\springdoc-openapi-starter-webmvc-api\2.5.0\springdoc-openapi-starter-webmvc-api-2.5.0.jar;C:\Users\felli\.m2\repository\org\springdoc\springdoc-openapi-starter-common\2.5.0\springdoc-openapi-starter-common-2.5.0.jar;C:\Users\felli\.m2\repository\io\swagger\core\v3\swagger-core-jakarta\2.2.21\swagger-core-jakarta-2.2.21.jar;C:\Users\felli\.m2\repository\org\apache\commons\commons-lang3\3.19.0\commons-lang3-3.19.0.jar;C:\Users\felli\.m2\repository\io\swagger\core\v3\swagger-annotations-jakarta\2.2.21\swagger-annotations-jakarta-2.2.21.jar;C:\Users\felli\.m2\repository\io\swagger\core\v3\swagger-models-jakarta\2.2.21\swagger-models-jakarta-2.2.21.jar;C:\Users\felli\.m2\repository\com\fasterxml\jackson\dataformat\jackson-dataformat-yaml\2.21.2\jackson-dataformat-yaml-2.21.2.jar;C:\Users\felli\.m2\repository\com\fasterxml\jackson\datatype\jackson-datatype-jsr310\2.21.2\jackson-datatype-jsr310-2.21.2.jar;C:\Users\felli\.m2\repository\org\webjars\swagger-ui\5.13.0\swagger-ui-5.13.0.jar;C:\Users\felli\.m2\repository\org\hibernate\orm\hibernate-spatial\7.2.7.Final\hibernate-spatial-7.2.7.Final.jar;C:\Users\felli\.m2\repository\org\hibernate\orm\hibernate-core\7.2.7.Final\hibernate-core-7.2.7.Final.jar;C:\Users\felli\.m2\repository\jakarta\persistence\jakarta.persistence-api\3.2.0\jakarta.persistence-api-3.2.0.jar;C:\Users\felli\.m2\repository\jakarta\transaction\jakarta.transaction-api\2.0.1\jakarta.transaction-api-2.0.1.jar;C:\Users\felli\.m2\repository\org\hibernate\models\hibernate-models\1.0.1\hibernate-models-1.0.1.jar;C:\Users\felli\.m2\repository\com\fasterxml\classmate\1.7.3\classmate-1.7.3.jar;C:\Users\felli\.m2\repository\org\glassfish\jaxb\jaxb-runtime\4.0.6\jaxb-runtime-4.0.6.jar;C:\Users\felli\.m2\repository\org\glassfish\jaxb\jaxb-core\4.0.6\jaxb-core-4.0.6.jar;C:\Users\felli\.m2\repository\org\glassfish\jaxb\txw2\4.0.6\txw2-4.0.6.jar;C:\Users\felli\.m2\repository\com\sun\istack\istack-commons-runtime\4.1.2\istack-commons-runtime-4.1.2.jar;C:\Users\felli\.m2\repository\jakarta\inject\jakarta.inject-api\2.0.1\jakarta.inject-api-2.0.1.jar;C:\Users\felli\.m2\repository\org\antlr\antlr4-runtime\4.13.2\antlr4-runtime-4.13.2.jar;C:\Users\felli\.m2\repository\org\geolatte\geolatte-geom\1.10\geolatte-geom-1.10.jar;C:\Users\felli\.m2\repository\org\locationtech\jts\jts-core\1.19.0\jts-core-1.19.0.jar;C:\Users\felli\.m2\repository\org\jboss\logging\jboss-logging\3.6.3.Final\jboss-logging-3.6.3.Final.jar;C:\Users\felli\.m2\repository\org\springframework\boot\spring-boot-flyway\4.0.5\spring-boot-flyway-4.0.5.jar;C:\Users\felli\.m2\repository\org\flywaydb\flyway-database-postgresql\11.14.1\flyway-database-postgresql-11.14.1.jar;C:\Users\felli\.m2\repository\org\flywaydb\flyway-core\11.14.1\flyway-core-11.14.1.jar;C:\Users\felli\.m2\repository\org\springframework\boot\spring-boot-security\4.0.5\spring-boot-security-4.0.5.jar;C:\Users\felli\.m2\repository\org\springframework\security\spring-security-config\7.0.4\spring-security-config-7.0.4.jar;C:\Users\felli\.m2\repository\org\springframework\security\spring-security-core\7.0.4\spring-security-core-7.0.4.jar;C:\Users\felli\.m2\repository\org\springframework\security\spring-security-crypto\7.0.4\spring-security-crypto-7.0.4.jar;C:\Users\felli\.m2\repository\org\springframework\security\spring-security-web\7.0.4\spring-security-web-7.0.4.jar;C:\Users\felli\.m2\repository\org\springframework\spring-aop\7.0.6\spring-aop-7.0.6.jar;C:\Users\felli\.m2\repository\org\springframework\spring-beans\7.0.6\spring-beans-7.0.6.jar;C:\Users\felli\.m2\repository\io\jsonwebtoken\jjwt-api\0.12.6\jjwt-api-0.12.6.jar;C:\Users\felli\.m2\repository\io\jsonwebtoken\jjwt-impl\0.12.6\jjwt-impl-0.12.6.jar;C:\Users\felli\.m2\repository\io\jsonwebtoken\jjwt-jackson\0.12.6\jjwt-jackson-0.12.6.jar;C:\Users\felli\.m2\repository\com\fasterxml\jackson\core\jackson-databind\2.21.2\jackson-databind-2.21.2.jar;C:\Users\felli\.m2\repository\com\fasterxml\jackson\core\jackson-annotations\2.21\jackson-annotations-2.21.jar;C:\Users\felli\.m2\repository\com\fasterxml\jackson\core\jackson-core\2.21.2\jackson-core-2.21.2.jar;C:\Users\felli\.m2\repository\org\springframework\boot\spring-boot-mail\4.0.5\spring-boot-mail-4.0.5.jar;C:\Users\felli\.m2\repository\org\springframework\spring-context-support\7.0.6\spring-context-support-7.0.6.jar;C:\Users\felli\.m2\repository\jakarta\mail\jakarta.mail-api\2.1.5\jakarta.mail-api-2.1.5.jar;C:\Users\felli\.m2\repository\org\eclipse\angus\angus-mail\2.0.5\angus-mail-2.0.5.jar;C:\Users\felli\.m2\repository\org\eclipse\angus\angus-activation\2.0.3\angus-activation-2.0.3.jar
Launcher Type: SUN_STANDARD

[Global flags]
     intx CICompilerCount                          = 4                                         {product} {ergonomic}
     uint ConcGCThreads                            = 3                                         {product} {ergonomic}
     uint G1ConcRefinementThreads                  = 10                                        {product} {ergonomic}
   size_t G1HeapRegionSize                         = 2097152                                   {product} {ergonomic}
   size_t InitialHeapSize                          = 266338304                                 {product} {ergonomic}
   size_t MarkStackSize                            = 4194304                                   {product} {ergonomic}
   size_t MarkStackSizeMax                         = 536870912                                 {product} {ergonomic}
   size_t MaxHeapSize                              = 4261412864                                {product} {ergonomic}
   size_t MaxNewSize                               = 2556428288                                {product} {ergonomic}
   size_t MinHeapDeltaBytes                        = 2097152                                   {product} {ergonomic}
   size_t MinHeapSize                              = 8388608                                   {product} {ergonomic}
    uintx NonNMethodCodeHeapSize                   = 4096                                   {pd product} {ergonomic}
    uintx NonProfiledCodeHeapSize                  = 0                                      {pd product} {ergonomic}
     bool ProfileInterpreter                       = false                                  {pd product} {command line}
    uintx ProfiledCodeHeapSize                     = 0                                      {pd product} {ergonomic}
   size_t SoftMaxHeapSize                          = 4261412864                             {manageable} {ergonomic}
     intx TieredStopAtLevel                        = 1                                         {product} {command line}
     bool UseCompressedOops                        = true                           {product lp64_product} {ergonomic}
     bool UseG1GC                                  = true                                      {product} {ergonomic}
     bool UseLargePagesIndividualAllocation        = false                                  {pd product} {ergonomic}

Logging:
Log output configuration:
 #0: stdout all=warning uptime,level,tags foldmultilines=false
 #1: stderr all=off uptime,level,tags foldmultilines=false

Release file:
IMPLEMENTOR="Eclipse Adoptium" 
IMPLEMENTOR_VERSION="Temurin-25.0.2+10" 
JAVA_RUNTIME_VERSION="25.0.2+10-LTS" 
JAVA_VERSION="25.0.2" 
JAVA_VERSION_DATE="2026-01-20" 
LIBC="default" 
MODULES="java.base java.compiler java.datatransfer java.xml java.prefs java.desktop java.instrument java.logging java.management java.security.sasl java.naming java.rmi java.management.rmi java.net.http java.scripting java.security.jgss java.transaction.xa java.sql java.sql.rowset java.xml.crypto java.se java.smartcardio jdk.accessibility jdk.internal.jvmstat jdk.attach jdk.charsets jdk.internal.opt jdk.zipfs jdk.compiler jdk.crypto.cryptoki jdk.crypto.ec jdk.crypto.mscapi jdk.dynalink jdk.internal.ed jdk.editpad jdk.internal.vm.ci jdk.graal.compiler jdk.graal.compiler.management jdk.hotspot.agent jdk.httpserver jdk.incubator.vector jdk.internal.le jdk.internal.md jdk.jartool jdk.javadoc jdk.jcmd jdk.management jdk.management.agent jdk.jconsole jdk.jdeps jdk.jdwp.agent jdk.jdi jdk.jfr jdk.jlink jdk.jpackage jdk.jshell jdk.jsobject jdk.jstatd jdk.localedata jdk.management.jfr jdk.naming.dns jdk.naming.rmi jdk.net jdk.nio.mapmode jdk.sctp jdk.security.auth jdk.security.jgss jdk.unsupported jdk.unsupported.desktop jdk.xml.dom" 
OS_ARCH="x86_64" 
OS_NAME="Windows" 
SOURCE=".:git:9e3c947043a4" 
BUILD_SOURCE="git:458965074606f027bd5afce2cfd5c1055dea0438"
BUILD_SOURCE_REPO="https://github.com/adoptium/temurin-build.git"
SOURCE_REPO="https://github.com/adoptium/jdk25u.git"
FULL_VERSION="25.0.2+10-LTS"
SEMANTIC_VERSION="25.0.2+10"
BUILD_INFO="OS: Windows Server 2022 Version: 10.0"
JVM_VARIANT="Hotspot"
JVM_VERSION="25.0.2+10-LTS"
IMAGE_TYPE="JDK"

Environment Variables:
PATH=C:\Program Files\Eclipse Adoptium\jdk-25.0.2.10-hotspot\bin;C:\Python313\Scripts\;C:\Python313\;C:\Program Files\Eclipse Adoptium\jdk-17.0.15.6-hotspot\bin;C:\Program Files\Common Files\Oracle\Java\javapath;C:\Program Files (x86)\Common Files\Oracle\Java\java8path;C:\Program Files (x86)\Common Files\Oracle\Java\javapath;C:\WINDOWS\system32;C:\WINDOWS;C:\WINDOWS\System32\Wbem;C:\WINDOWS\System32\WindowsPowerShell\v1.0\;C:\WINDOWS\System32\OpenSSH\;C:\Program Files\Git\cmd;C:\Program Files\dotnet\;C:\ProgramData\chocolatey\bin;C:\Program Files\nodejs\;C:\Program Files (x86)\ZeroTier\One\;C:\Program Files\Docker\Docker\resources\bin;C:\Users\felli\AppData\Local\Programs\Eclipse Adoptium\jdk-21.0.7.6-hotspot\bin;C:\Users\felli\AppData\Local\Microsoft\WindowsApps;C:\Users\felli\AppData\Local\Programs\Microsoft VS Code\bin;C:\Users\felli\AppData\Roaming\npm;C:\Users\felli\AppData\Local\Programs\Antigravity\bin;C:\ghcup\bin
USERNAME=felli
OS=Windows_NT
PROCESSOR_IDENTIFIER=AMD64 Family 25 Model 80 Stepping 0, AuthenticAMD
TMP=C:\Users\felli\AppData\Local\Temp
TEMP=C:\Users\felli\AppData\Local\Temp




Compilation memory statistics disabled.

Periodic native trim disabled

---------------  S Y S T E M  ---------------

OS:
 Windows 10 , 64 bit Build 19041 (10.0.19041.5915)
OS uptime: 0 days 1:23 hours
Hyper-V role detected

CPU: total 12 (initial active 12) (12 cores per cpu, 2 threads per core) family 25 model 80 stepping 0 microcode 0x0, cx8, cmov, fxsr, ht, mmx, 3dnowpref, sse, sse2, sse3, ssse3, sse4a, sse4.1, sse4.2, popcnt, lzcnt, tsc, tscinvbit, avx, avx2, aes, erms, clmul, bmi1, bmi2, adx, sha, fma, vzeroupper, clflush, clflushopt, clwb, hv, rdtscp, rdpid, fsrm, f16c, cet_ss
Processor Information for the first 12 processors :
  Max Mhz: 3600, Current Mhz: 3600, Mhz Limit: 3600

Memory: 4k page, system-wide physical 16255M (353M free)
TotalPageFile size 24447M (AvailPageFile size 1M)
current process WorkingSet (physical memory assigned to process): 266M, peak: 266M
current process commit charge ("private bytes"): 313M, peak: 385M

vm_info: OpenJDK 64-Bit Server VM (25.0.2+10-LTS) for windows-amd64 JRE (25.0.2+10-LTS), built on 2026-01-20T00:00:00Z with MS VC++ 17.12 (VS2022)

END.
