#
# There is insufficient memory for the Java Runtime Environment to continue.
# Native memory allocation (malloc) failed to allocate 2941976 bytes. Error detail: Chunk::new
# Possible reasons:
#   The system is out of physical RAM or swap space
#   This process is running with CompressedOops enabled, and the Java Heap may be blocking the growth of the native heap
# Possible solutions:
#   Reduce memory load on the system
#   Increase physical memory or swap space
#   Check if swap backing store is full
#   Decrease Java heap size (-Xmx/-Xms)
#   Decrease number of Java threads
#   Decrease Java thread stack sizes (-Xss)
#   Set larger code cache with -XX:ReservedCodeCacheSize=
#   JVM is running with Unscaled Compressed Oops mode in which the Java heap is
#     placed in the first 4GB address space. The Java Heap base address is the
#     maximum limit for the native heap growth. Please use -XX:HeapBaseMinAddress
#     to set the Java Heap base and to place the Java Heap above 4GB virtual address.
# This output file may be truncated or incomplete.
#
#  Out of Memory Error (arena.cpp:186), pid=11132, tid=7432
#
# JRE version: OpenJDK Runtime Environment Temurin-25.0.2+10 (25.0.2+10) (build 25.0.2+10-LTS)
# Java VM: OpenJDK 64-Bit Server VM Temurin-25.0.2+10 (25.0.2+10-LTS, mixed mode, sharing, tiered, compressed oops, compressed class ptrs, g1 gc, windows-amd64)
# No core dump will be written. Minidumps are not enabled by default on client versions of Windows
#

---------------  S U M M A R Y ------------

Command Line: -Xmx128m -XX:MaxMetaspaceSize=128m -Dclassworlds.conf=C:\Users\felli\.m2\wrapper\dists\apache-maven-3.9.14\ed7edd442f634ac1c1ef5ba2b61b6d690b5221091f1a8e1123f5fadcc967520d\bin\m2.conf -Dmaven.home=C:\Users\felli\.m2\wrapper\dists\apache-maven-3.9.14\ed7edd442f634ac1c1ef5ba2b61b6d690b5221091f1a8e1123f5fadcc967520d -Dlibrary.jansi.path=C:\Users\felli\.m2\wrapper\dists\apache-maven-3.9.14\ed7edd442f634ac1c1ef5ba2b61b6d690b5221091f1a8e1123f5fadcc967520d\lib\jansi-native -Dmaven.multiModuleProjectDirectory=C:\Users\felli\Desktop\arbor org.codehaus.plexus.classworlds.launcher.Launcher -q -DskipTests=false test

Host: AMD Ryzen 5 5500                               , 12 cores, 15G,  Windows 10 , 64 bit Build 19041 (10.0.19041.5915)
Time: Thu May 14 14:12:54 2026 Hora oficial do Brasil elapsed time: 0.616826 seconds (0d 0h 0m 0s)

---------------  T H R E A D  ---------------

Current thread (0x0000019ff88002a0):  JavaThread "C2 CompilerThread1" daemon [_thread_in_native, id=7432, stack(0x0000002ca0500000,0x0000002ca0600000) (1024K)]


Current CompileTask:
C2:617 1204       4       java.io.Reader::read (21 bytes)

Stack: [0x0000002ca0500000,0x0000002ca0600000]
Native frames: (J=compiled Java code, j=interpreted, Vv=VM code, C=native code)
V  [jvm.dll+0x7a8bc9]  (no source info available)
V  [jvm.dll+0x77310d]  (no source info available)
V  [jvm.dll+0x9f55f3]  (no source info available)
V  [jvm.dll+0x9f7be1]  (no source info available)
V  [jvm.dll+0x9f82f3]  (no source info available)
V  [jvm.dll+0x2fce26]  (no source info available)
V  [jvm.dll+0x111076]  (no source info available)
V  [jvm.dll+0x11139e]  (no source info available)
V  [jvm.dll+0x19fff2]  (no source info available)
V  [jvm.dll+0x3b5f62]  (no source info available)
V  [jvm.dll+0x7ae53c]  (no source info available)
V  [jvm.dll+0x2c0407]  (no source info available)
V  [jvm.dll+0x2bf3cf]  (no source info available)
V  [jvm.dll+0x237140]  (no source info available)
V  [jvm.dll+0x2cf4c6]  (no source info available)
V  [jvm.dll+0x2cd74a]  (no source info available)
V  [jvm.dll+0x48fbee]  (no source info available)
V  [jvm.dll+0x996b0d]  (no source info available)
V  [jvm.dll+0x7a71a5]  (no source info available)
C  [ucrtbase.dll+0x21bb2]  (no source info available)
C  [KERNEL32.DLL+0x17374]  (no source info available)
C  [ntdll.dll+0x4cc91]  (no source info available)

Lock stack of current Java thread (top to bottom):


---------------  P R O C E S S  ---------------

Threads class SMR info:
_java_thread_list=0x0000019ffd73b340, length=13, elements={
0x0000019fdd8337d0, 0x0000019fdd8ebd80, 0x0000019fdd8ec7e0, 0x0000019fdd8ef070,
0x0000019fdd8efc30, 0x0000019fdd8f8800, 0x0000019ff865df30, 0x0000019ff865ee20,
0x0000019ff865f630, 0x0000019ff86f48f0, 0x0000019ff86f50b0, 0x0000019ff88002a0,
0x0000019ffd6337c0
}

Java Threads: ( => current thread )
  0x0000019fdd8337d0 JavaThread "main"                              [_thread_in_Java, id=21064, stack(0x0000002c9f300000,0x0000002c9f400000) (1024K)]
  0x0000019fdd8ebd80 JavaThread "Reference Handler"          daemon [_thread_blocked, id=3376, stack(0x0000002c9fb00000,0x0000002c9fc00000) (1024K)]
  0x0000019fdd8ec7e0 JavaThread "Finalizer"                  daemon [_thread_blocked, id=10348, stack(0x0000002c9fc00000,0x0000002c9fd00000) (1024K)]
  0x0000019fdd8ef070 JavaThread "Signal Dispatcher"          daemon [_thread_blocked, id=10812, stack(0x0000002c9fd00000,0x0000002c9fe00000) (1024K)]
  0x0000019fdd8efc30 JavaThread "Attach Listener"            daemon [_thread_blocked, id=8612, stack(0x0000002c9fe00000,0x0000002c9ff00000) (1024K)]
  0x0000019fdd8f8800 JavaThread "Service Thread"             daemon [_thread_blocked, id=11356, stack(0x0000002c9ff00000,0x0000002ca0000000) (1024K)]
  0x0000019ff865df30 JavaThread "Monitor Deflation Thread"   daemon [_thread_blocked, id=20056, stack(0x0000002ca0000000,0x0000002ca0100000) (1024K)]
  0x0000019ff865ee20 JavaThread "C2 CompilerThread0"         daemon [_thread_in_native, id=8440, stack(0x0000002ca0100000,0x0000002ca0200000) (1024K)]
  0x0000019ff865f630 JavaThread "C1 CompilerThread0"         daemon [_thread_in_native, id=18252, stack(0x0000002ca0200000,0x0000002ca0300000) (1024K)]
  0x0000019ff86f48f0 JavaThread "Notification Thread"        daemon [_thread_blocked, id=20844, stack(0x0000002ca0300000,0x0000002ca0400000) (1024K)]
  0x0000019ff86f50b0 JavaThread "Common-Cleaner"             daemon [_thread_blocked, id=732, stack(0x0000002ca0400000,0x0000002ca0500000) (1024K)]
=>0x0000019ff88002a0 JavaThread "C2 CompilerThread1"         daemon [_thread_in_native, id=7432, stack(0x0000002ca0500000,0x0000002ca0600000) (1024K)]
  0x0000019ffd6337c0 JavaThread "C2 CompilerThread2"         daemon [_thread_in_native, id=20680, stack(0x0000002ca0600000,0x0000002ca0700000) (1024K)]
Total: 13

Other Threads:
  0x0000019fdd8db250 VMThread "VM Thread"                           [id=20000, stack(0x0000002c9fa00000,0x0000002c9fb00000) (1024K)]
  0x0000019ff863ca10 WatcherThread "VM Periodic Task Thread"        [id=14576, stack(0x0000002c9f900000,0x0000002c9fa00000) (1024K)]
  0x0000019fdd858a40 WorkerThread "GC Thread#0"                     [id=21256, stack(0x0000002c9f400000,0x0000002c9f500000) (1024K)]
  0x0000019fdd85b490 ConcurrentGCThread "G1 Main Marker"            [id=8784, stack(0x0000002c9f500000,0x0000002c9f600000) (1024K)]
  0x0000019fdd85c030 WorkerThread "G1 Conc#0"                       [id=20800, stack(0x0000002c9f600000,0x0000002c9f700000) (1024K)]
  0x0000019fdd8b9590 ConcurrentGCThread "G1 Refine#0"               [id=19876, stack(0x0000002c9f700000,0x0000002c9f800000) (1024K)]
  0x0000019fdd8bb1b0 ConcurrentGCThread "G1 Service"                [id=21204, stack(0x0000002c9f800000,0x0000002c9f900000) (1024K)]
Total: 7

Threads with active compile tasks:
C2 CompilerThread0  711 1243   !   4       sun.nio.cs.StreamDecoder::read (220 bytes)
C1 CompilerThread0  711 1441       2       java.lang.Integer::rotateLeft (9 bytes)
C2 CompilerThread1  712 1204       4       java.io.Reader::read (21 bytes)
C2 CompilerThread2  712 1221   !   4       sun.nio.cs.StreamDecoder::read0 (116 bytes)
Total: 4

VM state: not at safepoint (normal execution)

VM Mutex/Monitor currently owned by a thread: None

Heap address: 0x00000000f8000000, size: 128 MB, Compressed Oops mode: 32-bit

CDS archive(s) mapped at: [0x00000000a8000000-0x00000000a8dd0000-0x00000000a8dd0000), size 14483456, SharedBaseAddress: 0x00000000a8000000, ArchiveRelocationMode: 1.
Compressed class space mapped at: 0x00000000a9000000-0x00000000b0000000, reserved size: 117440512
UseCompressedClassPointers 1, UseCompactObjectHeaders 0
Narrow klass pointer bits 32, Max shift 3
Narrow klass base: 0x00000000a8000000, Narrow klass shift: 0
Encoding Range: [0x00000000a8000000 - 0x00000001a8000000), (4294967296 bytes)
Klass Range:    [0x00000000a8010000 - 0x00000000b0000000), (134152192 bytes)
Klass ID Range:  [65536 - 134217721) (134152185)
Protection zone: [0x00000000a8000000 - 0x00000000a8010000), (65536 bytes)

GC Precious Log:
 CardTable entry size: 512
 Card Set container configuration: InlinePtr #cards 5 size 8 Array Of Cards #cards 10 size 36 Howl #buckets 4 coarsen threshold 1843 Howl Bitmap #cards 512 size 80 coarsen threshold 460 Card regions per heap region 1 cards per card region 2048
 CPUs: 12 total, 12 available
 Memory: 16255M
 Large Page Support: Disabled
 NUMA Support: Disabled
 Compressed Oops: Enabled (32-bit)
 Heap Region Size: 1M
 Heap Min Capacity: 8M
 Heap Initial Capacity: 128M
 Heap Max Capacity: 128M
 Pre-touch: Disabled
 Parallel Workers: 10
 Concurrent Workers: 3
 Concurrent Refinement Workers: 10
 Periodic GC: Disabled

Heap:
 garbage-first heap   total reserved 131072K, committed 131072K, used 29843K [0x00000000f8000000, 0x0000000100000000)
  region size 1024K, 29 young (29696K), 0 survivors (0K)

Heap Regions: E=young(eden), S=young(survivor), O=old, HS=humongous(starts), HC=humongous(continues), CS=collection set, F=free, TAMS=top-at-mark-start, PB=parsable bottom
|   0|0x00000000f8000000, 0x00000000f8000000, 0x00000000f8100000|  0%| F|  |TAMS 0x00000000f8000000| PB 0x00000000f8000000| Untracked |  0
|   1|0x00000000f8100000, 0x00000000f8100000, 0x00000000f8200000|  0%| F|  |TAMS 0x00000000f8100000| PB 0x00000000f8100000| Untracked |  0
|   2|0x00000000f8200000, 0x00000000f8200000, 0x00000000f8300000|  0%| F|  |TAMS 0x00000000f8200000| PB 0x00000000f8200000| Untracked |  0
|   3|0x00000000f8300000, 0x00000000f8300000, 0x00000000f8400000|  0%| F|  |TAMS 0x00000000f8300000| PB 0x00000000f8300000| Untracked |  0
|   4|0x00000000f8400000, 0x00000000f8400000, 0x00000000f8500000|  0%| F|  |TAMS 0x00000000f8400000| PB 0x00000000f8400000| Untracked |  0
|   5|0x00000000f8500000, 0x00000000f8500000, 0x00000000f8600000|  0%| F|  |TAMS 0x00000000f8500000| PB 0x00000000f8500000| Untracked |  0
|   6|0x00000000f8600000, 0x00000000f8600000, 0x00000000f8700000|  0%| F|  |TAMS 0x00000000f8600000| PB 0x00000000f8600000| Untracked |  0
|   7|0x00000000f8700000, 0x00000000f8700000, 0x00000000f8800000|  0%| F|  |TAMS 0x00000000f8700000| PB 0x00000000f8700000| Untracked |  0
|   8|0x00000000f8800000, 0x00000000f8800000, 0x00000000f8900000|  0%| F|  |TAMS 0x00000000f8800000| PB 0x00000000f8800000| Untracked |  0
|   9|0x00000000f8900000, 0x00000000f8900000, 0x00000000f8a00000|  0%| F|  |TAMS 0x00000000f8900000| PB 0x00000000f8900000| Untracked |  0
|  10|0x00000000f8a00000, 0x00000000f8a00000, 0x00000000f8b00000|  0%| F|  |TAMS 0x00000000f8a00000| PB 0x00000000f8a00000| Untracked |  0
|  11|0x00000000f8b00000, 0x00000000f8b00000, 0x00000000f8c00000|  0%| F|  |TAMS 0x00000000f8b00000| PB 0x00000000f8b00000| Untracked |  0
|  12|0x00000000f8c00000, 0x00000000f8c00000, 0x00000000f8d00000|  0%| F|  |TAMS 0x00000000f8c00000| PB 0x00000000f8c00000| Untracked |  0
|  13|0x00000000f8d00000, 0x00000000f8d00000, 0x00000000f8e00000|  0%| F|  |TAMS 0x00000000f8d00000| PB 0x00000000f8d00000| Untracked |  0
|  14|0x00000000f8e00000, 0x00000000f8e00000, 0x00000000f8f00000|  0%| F|  |TAMS 0x00000000f8e00000| PB 0x00000000f8e00000| Untracked |  0
|  15|0x00000000f8f00000, 0x00000000f8f00000, 0x00000000f9000000|  0%| F|  |TAMS 0x00000000f8f00000| PB 0x00000000f8f00000| Untracked |  0
|  16|0x00000000f9000000, 0x00000000f9000000, 0x00000000f9100000|  0%| F|  |TAMS 0x00000000f9000000| PB 0x00000000f9000000| Untracked |  0
|  17|0x00000000f9100000, 0x00000000f9100000, 0x00000000f9200000|  0%| F|  |TAMS 0x00000000f9100000| PB 0x00000000f9100000| Untracked |  0
|  18|0x00000000f9200000, 0x00000000f9200000, 0x00000000f9300000|  0%| F|  |TAMS 0x00000000f9200000| PB 0x00000000f9200000| Untracked |  0
|  19|0x00000000f9300000, 0x00000000f9300000, 0x00000000f9400000|  0%| F|  |TAMS 0x00000000f9300000| PB 0x00000000f9300000| Untracked |  0
|  20|0x00000000f9400000, 0x00000000f9400000, 0x00000000f9500000|  0%| F|  |TAMS 0x00000000f9400000| PB 0x00000000f9400000| Untracked |  0
|  21|0x00000000f9500000, 0x00000000f9500000, 0x00000000f9600000|  0%| F|  |TAMS 0x00000000f9500000| PB 0x00000000f9500000| Untracked |  0
|  22|0x00000000f9600000, 0x00000000f9600000, 0x00000000f9700000|  0%| F|  |TAMS 0x00000000f9600000| PB 0x00000000f9600000| Untracked |  0
|  23|0x00000000f9700000, 0x00000000f9700000, 0x00000000f9800000|  0%| F|  |TAMS 0x00000000f9700000| PB 0x00000000f9700000| Untracked |  0
|  24|0x00000000f9800000, 0x00000000f9800000, 0x00000000f9900000|  0%| F|  |TAMS 0x00000000f9800000| PB 0x00000000f9800000| Untracked |  0
|  25|0x00000000f9900000, 0x00000000f9900000, 0x00000000f9a00000|  0%| F|  |TAMS 0x00000000f9900000| PB 0x00000000f9900000| Untracked |  0
|  26|0x00000000f9a00000, 0x00000000f9a00000, 0x00000000f9b00000|  0%| F|  |TAMS 0x00000000f9a00000| PB 0x00000000f9a00000| Untracked |  0
|  27|0x00000000f9b00000, 0x00000000f9b00000, 0x00000000f9c00000|  0%| F|  |TAMS 0x00000000f9b00000| PB 0x00000000f9b00000| Untracked |  0
|  28|0x00000000f9c00000, 0x00000000f9c00000, 0x00000000f9d00000|  0%| F|  |TAMS 0x00000000f9c00000| PB 0x00000000f9c00000| Untracked |  0
|  29|0x00000000f9d00000, 0x00000000f9d00000, 0x00000000f9e00000|  0%| F|  |TAMS 0x00000000f9d00000| PB 0x00000000f9d00000| Untracked |  0
|  30|0x00000000f9e00000, 0x00000000f9e00000, 0x00000000f9f00000|  0%| F|  |TAMS 0x00000000f9e00000| PB 0x00000000f9e00000| Untracked |  0
|  31|0x00000000f9f00000, 0x00000000f9f00000, 0x00000000fa000000|  0%| F|  |TAMS 0x00000000f9f00000| PB 0x00000000f9f00000| Untracked |  0
|  32|0x00000000fa000000, 0x00000000fa000000, 0x00000000fa100000|  0%| F|  |TAMS 0x00000000fa000000| PB 0x00000000fa000000| Untracked |  0
|  33|0x00000000fa100000, 0x00000000fa100000, 0x00000000fa200000|  0%| F|  |TAMS 0x00000000fa100000| PB 0x00000000fa100000| Untracked |  0
|  34|0x00000000fa200000, 0x00000000fa200000, 0x00000000fa300000|  0%| F|  |TAMS 0x00000000fa200000| PB 0x00000000fa200000| Untracked |  0
|  35|0x00000000fa300000, 0x00000000fa300000, 0x00000000fa400000|  0%| F|  |TAMS 0x00000000fa300000| PB 0x00000000fa300000| Untracked |  0
|  36|0x00000000fa400000, 0x00000000fa400000, 0x00000000fa500000|  0%| F|  |TAMS 0x00000000fa400000| PB 0x00000000fa400000| Untracked |  0
|  37|0x00000000fa500000, 0x00000000fa500000, 0x00000000fa600000|  0%| F|  |TAMS 0x00000000fa500000| PB 0x00000000fa500000| Untracked |  0
|  38|0x00000000fa600000, 0x00000000fa600000, 0x00000000fa700000|  0%| F|  |TAMS 0x00000000fa600000| PB 0x00000000fa600000| Untracked |  0
|  39|0x00000000fa700000, 0x00000000fa700000, 0x00000000fa800000|  0%| F|  |TAMS 0x00000000fa700000| PB 0x00000000fa700000| Untracked |  0
|  40|0x00000000fa800000, 0x00000000fa800000, 0x00000000fa900000|  0%| F|  |TAMS 0x00000000fa800000| PB 0x00000000fa800000| Untracked |  0
|  41|0x00000000fa900000, 0x00000000fa900000, 0x00000000faa00000|  0%| F|  |TAMS 0x00000000fa900000| PB 0x00000000fa900000| Untracked |  0
|  42|0x00000000faa00000, 0x00000000faa00000, 0x00000000fab00000|  0%| F|  |TAMS 0x00000000faa00000| PB 0x00000000faa00000| Untracked |  0
|  43|0x00000000fab00000, 0x00000000fab00000, 0x00000000fac00000|  0%| F|  |TAMS 0x00000000fab00000| PB 0x00000000fab00000| Untracked |  0
|  44|0x00000000fac00000, 0x00000000fac00000, 0x00000000fad00000|  0%| F|  |TAMS 0x00000000fac00000| PB 0x00000000fac00000| Untracked |  0
|  45|0x00000000fad00000, 0x00000000fad00000, 0x00000000fae00000|  0%| F|  |TAMS 0x00000000fad00000| PB 0x00000000fad00000| Untracked |  0
|  46|0x00000000fae00000, 0x00000000fae00000, 0x00000000faf00000|  0%| F|  |TAMS 0x00000000fae00000| PB 0x00000000fae00000| Untracked |  0
|  47|0x00000000faf00000, 0x00000000faf00000, 0x00000000fb000000|  0%| F|  |TAMS 0x00000000faf00000| PB 0x00000000faf00000| Untracked |  0
|  48|0x00000000fb000000, 0x00000000fb000000, 0x00000000fb100000|  0%| F|  |TAMS 0x00000000fb000000| PB 0x00000000fb000000| Untracked |  0
|  49|0x00000000fb100000, 0x00000000fb100000, 0x00000000fb200000|  0%| F|  |TAMS 0x00000000fb100000| PB 0x00000000fb100000| Untracked |  0
|  50|0x00000000fb200000, 0x00000000fb200000, 0x00000000fb300000|  0%| F|  |TAMS 0x00000000fb200000| PB 0x00000000fb200000| Untracked |  0
|  51|0x00000000fb300000, 0x00000000fb300000, 0x00000000fb400000|  0%| F|  |TAMS 0x00000000fb300000| PB 0x00000000fb300000| Untracked |  0
|  52|0x00000000fb400000, 0x00000000fb400000, 0x00000000fb500000|  0%| F|  |TAMS 0x00000000fb400000| PB 0x00000000fb400000| Untracked |  0
|  53|0x00000000fb500000, 0x00000000fb500000, 0x00000000fb600000|  0%| F|  |TAMS 0x00000000fb500000| PB 0x00000000fb500000| Untracked |  0
|  54|0x00000000fb600000, 0x00000000fb600000, 0x00000000fb700000|  0%| F|  |TAMS 0x00000000fb600000| PB 0x00000000fb600000| Untracked |  0
|  55|0x00000000fb700000, 0x00000000fb700000, 0x00000000fb800000|  0%| F|  |TAMS 0x00000000fb700000| PB 0x00000000fb700000| Untracked |  0
|  56|0x00000000fb800000, 0x00000000fb800000, 0x00000000fb900000|  0%| F|  |TAMS 0x00000000fb800000| PB 0x00000000fb800000| Untracked |  0
|  57|0x00000000fb900000, 0x00000000fb900000, 0x00000000fba00000|  0%| F|  |TAMS 0x00000000fb900000| PB 0x00000000fb900000| Untracked |  0
|  58|0x00000000fba00000, 0x00000000fba00000, 0x00000000fbb00000|  0%| F|  |TAMS 0x00000000fba00000| PB 0x00000000fba00000| Untracked |  0
|  59|0x00000000fbb00000, 0x00000000fbb00000, 0x00000000fbc00000|  0%| F|  |TAMS 0x00000000fbb00000| PB 0x00000000fbb00000| Untracked |  0
|  60|0x00000000fbc00000, 0x00000000fbc00000, 0x00000000fbd00000|  0%| F|  |TAMS 0x00000000fbc00000| PB 0x00000000fbc00000| Untracked |  0
|  61|0x00000000fbd00000, 0x00000000fbd00000, 0x00000000fbe00000|  0%| F|  |TAMS 0x00000000fbd00000| PB 0x00000000fbd00000| Untracked |  0
|  62|0x00000000fbe00000, 0x00000000fbe00000, 0x00000000fbf00000|  0%| F|  |TAMS 0x00000000fbe00000| PB 0x00000000fbe00000| Untracked |  0
|  63|0x00000000fbf00000, 0x00000000fbf00000, 0x00000000fc000000|  0%| F|  |TAMS 0x00000000fbf00000| PB 0x00000000fbf00000| Untracked |  0
|  64|0x00000000fc000000, 0x00000000fc000000, 0x00000000fc100000|  0%| F|  |TAMS 0x00000000fc000000| PB 0x00000000fc000000| Untracked |  0
|  65|0x00000000fc100000, 0x00000000fc100000, 0x00000000fc200000|  0%| F|  |TAMS 0x00000000fc100000| PB 0x00000000fc100000| Untracked |  0
|  66|0x00000000fc200000, 0x00000000fc200000, 0x00000000fc300000|  0%| F|  |TAMS 0x00000000fc200000| PB 0x00000000fc200000| Untracked |  0
|  67|0x00000000fc300000, 0x00000000fc300000, 0x00000000fc400000|  0%| F|  |TAMS 0x00000000fc300000| PB 0x00000000fc300000| Untracked |  0
|  68|0x00000000fc400000, 0x00000000fc400000, 0x00000000fc500000|  0%| F|  |TAMS 0x00000000fc400000| PB 0x00000000fc400000| Untracked |  0
|  69|0x00000000fc500000, 0x00000000fc500000, 0x00000000fc600000|  0%| F|  |TAMS 0x00000000fc500000| PB 0x00000000fc500000| Untracked |  0
|  70|0x00000000fc600000, 0x00000000fc600000, 0x00000000fc700000|  0%| F|  |TAMS 0x00000000fc600000| PB 0x00000000fc600000| Untracked |  0
|  71|0x00000000fc700000, 0x00000000fc700000, 0x00000000fc800000|  0%| F|  |TAMS 0x00000000fc700000| PB 0x00000000fc700000| Untracked |  0
|  72|0x00000000fc800000, 0x00000000fc800000, 0x00000000fc900000|  0%| F|  |TAMS 0x00000000fc800000| PB 0x00000000fc800000| Untracked |  0
|  73|0x00000000fc900000, 0x00000000fc900000, 0x00000000fca00000|  0%| F|  |TAMS 0x00000000fc900000| PB 0x00000000fc900000| Untracked |  0
|  74|0x00000000fca00000, 0x00000000fca00000, 0x00000000fcb00000|  0%| F|  |TAMS 0x00000000fca00000| PB 0x00000000fca00000| Untracked |  0
|  75|0x00000000fcb00000, 0x00000000fcb00000, 0x00000000fcc00000|  0%| F|  |TAMS 0x00000000fcb00000| PB 0x00000000fcb00000| Untracked |  0
|  76|0x00000000fcc00000, 0x00000000fcc00000, 0x00000000fcd00000|  0%| F|  |TAMS 0x00000000fcc00000| PB 0x00000000fcc00000| Untracked |  0
|  77|0x00000000fcd00000, 0x00000000fcd00000, 0x00000000fce00000|  0%| F|  |TAMS 0x00000000fcd00000| PB 0x00000000fcd00000| Untracked |  0
|  78|0x00000000fce00000, 0x00000000fce00000, 0x00000000fcf00000|  0%| F|  |TAMS 0x00000000fce00000| PB 0x00000000fce00000| Untracked |  0
|  79|0x00000000fcf00000, 0x00000000fcf00000, 0x00000000fd000000|  0%| F|  |TAMS 0x00000000fcf00000| PB 0x00000000fcf00000| Untracked |  0
|  80|0x00000000fd000000, 0x00000000fd000000, 0x00000000fd100000|  0%| F|  |TAMS 0x00000000fd000000| PB 0x00000000fd000000| Untracked |  0
|  81|0x00000000fd100000, 0x00000000fd100000, 0x00000000fd200000|  0%| F|  |TAMS 0x00000000fd100000| PB 0x00000000fd100000| Untracked |  0
|  82|0x00000000fd200000, 0x00000000fd200000, 0x00000000fd300000|  0%| F|  |TAMS 0x00000000fd200000| PB 0x00000000fd200000| Untracked |  0
|  83|0x00000000fd300000, 0x00000000fd300000, 0x00000000fd400000|  0%| F|  |TAMS 0x00000000fd300000| PB 0x00000000fd300000| Untracked |  0
|  84|0x00000000fd400000, 0x00000000fd400000, 0x00000000fd500000|  0%| F|  |TAMS 0x00000000fd400000| PB 0x00000000fd400000| Untracked |  0
|  85|0x00000000fd500000, 0x00000000fd500000, 0x00000000fd600000|  0%| F|  |TAMS 0x00000000fd500000| PB 0x00000000fd500000| Untracked |  0
|  86|0x00000000fd600000, 0x00000000fd600000, 0x00000000fd700000|  0%| F|  |TAMS 0x00000000fd600000| PB 0x00000000fd600000| Untracked |  0
|  87|0x00000000fd700000, 0x00000000fd700000, 0x00000000fd800000|  0%| F|  |TAMS 0x00000000fd700000| PB 0x00000000fd700000| Untracked |  0
|  88|0x00000000fd800000, 0x00000000fd800000, 0x00000000fd900000|  0%| F|  |TAMS 0x00000000fd800000| PB 0x00000000fd800000| Untracked |  0
|  89|0x00000000fd900000, 0x00000000fd900000, 0x00000000fda00000|  0%| F|  |TAMS 0x00000000fd900000| PB 0x00000000fd900000| Untracked |  0
|  90|0x00000000fda00000, 0x00000000fda00000, 0x00000000fdb00000|  0%| F|  |TAMS 0x00000000fda00000| PB 0x00000000fda00000| Untracked |  0
|  91|0x00000000fdb00000, 0x00000000fdb00000, 0x00000000fdc00000|  0%| F|  |TAMS 0x00000000fdb00000| PB 0x00000000fdb00000| Untracked |  0
|  92|0x00000000fdc00000, 0x00000000fdc00000, 0x00000000fdd00000|  0%| F|  |TAMS 0x00000000fdc00000| PB 0x00000000fdc00000| Untracked |  0
|  93|0x00000000fdd00000, 0x00000000fdd00000, 0x00000000fde00000|  0%| F|  |TAMS 0x00000000fdd00000| PB 0x00000000fdd00000| Untracked |  0
|  94|0x00000000fde00000, 0x00000000fde00000, 0x00000000fdf00000|  0%| F|  |TAMS 0x00000000fde00000| PB 0x00000000fde00000| Untracked |  0
|  95|0x00000000fdf00000, 0x00000000fdf00000, 0x00000000fe000000|  0%| F|  |TAMS 0x00000000fdf00000| PB 0x00000000fdf00000| Untracked |  0
|  96|0x00000000fe000000, 0x00000000fe000000, 0x00000000fe100000|  0%| F|  |TAMS 0x00000000fe000000| PB 0x00000000fe000000| Untracked |  0
|  97|0x00000000fe100000, 0x00000000fe200000, 0x00000000fe200000|100%| E|  |TAMS 0x00000000fe100000| PB 0x00000000fe100000| Complete |  0
|  98|0x00000000fe200000, 0x00000000fe300000, 0x00000000fe300000|100%| E|CS|TAMS 0x00000000fe200000| PB 0x00000000fe200000| Complete |  0
|  99|0x00000000fe300000, 0x00000000fe400000, 0x00000000fe400000|100%| E|CS|TAMS 0x00000000fe300000| PB 0x00000000fe300000| Complete |  0
| 100|0x00000000fe400000, 0x00000000fe500000, 0x00000000fe500000|100%| E|CS|TAMS 0x00000000fe400000| PB 0x00000000fe400000| Complete |  0
| 101|0x00000000fe500000, 0x00000000fe600000, 0x00000000fe600000|100%| E|CS|TAMS 0x00000000fe500000| PB 0x00000000fe500000| Complete |  0
| 102|0x00000000fe600000, 0x00000000fe700000, 0x00000000fe700000|100%| E|CS|TAMS 0x00000000fe600000| PB 0x00000000fe600000| Complete |  0
| 103|0x00000000fe700000, 0x00000000fe800000, 0x00000000fe800000|100%| E|CS|TAMS 0x00000000fe700000| PB 0x00000000fe700000| Complete |  0
| 104|0x00000000fe800000, 0x00000000fe900000, 0x00000000fe900000|100%| E|CS|TAMS 0x00000000fe800000| PB 0x00000000fe800000| Complete |  0
| 105|0x00000000fe900000, 0x00000000fea00000, 0x00000000fea00000|100%| E|CS|TAMS 0x00000000fe900000| PB 0x00000000fe900000| Complete |  0
| 106|0x00000000fea00000, 0x00000000feb00000, 0x00000000feb00000|100%| E|CS|TAMS 0x00000000fea00000| PB 0x00000000fea00000| Complete |  0
| 107|0x00000000feb00000, 0x00000000fec00000, 0x00000000fec00000|100%| E|CS|TAMS 0x00000000feb00000| PB 0x00000000feb00000| Complete |  0
| 108|0x00000000fec00000, 0x00000000fed00000, 0x00000000fed00000|100%| E|CS|TAMS 0x00000000fec00000| PB 0x00000000fec00000| Complete |  0
| 109|0x00000000fed00000, 0x00000000fee00000, 0x00000000fee00000|100%| E|CS|TAMS 0x00000000fed00000| PB 0x00000000fed00000| Complete |  0
| 110|0x00000000fee00000, 0x00000000fef00000, 0x00000000fef00000|100%| E|CS|TAMS 0x00000000fee00000| PB 0x00000000fee00000| Complete |  0
| 111|0x00000000fef00000, 0x00000000ff000000, 0x00000000ff000000|100%| E|CS|TAMS 0x00000000fef00000| PB 0x00000000fef00000| Complete |  0
| 112|0x00000000ff000000, 0x00000000ff100000, 0x00000000ff100000|100%| E|CS|TAMS 0x00000000ff000000| PB 0x00000000ff000000| Complete |  0
| 113|0x00000000ff100000, 0x00000000ff200000, 0x00000000ff200000|100%| E|CS|TAMS 0x00000000ff100000| PB 0x00000000ff100000| Complete |  0
| 114|0x00000000ff200000, 0x00000000ff300000, 0x00000000ff300000|100%| E|CS|TAMS 0x00000000ff200000| PB 0x00000000ff200000| Complete |  0
| 115|0x00000000ff300000, 0x00000000ff400000, 0x00000000ff400000|100%| E|CS|TAMS 0x00000000ff300000| PB 0x00000000ff300000| Complete |  0
| 116|0x00000000ff400000, 0x00000000ff500000, 0x00000000ff500000|100%| E|CS|TAMS 0x00000000ff400000| PB 0x00000000ff400000| Complete |  0
| 117|0x00000000ff500000, 0x00000000ff600000, 0x00000000ff600000|100%| E|CS|TAMS 0x00000000ff500000| PB 0x00000000ff500000| Complete |  0
| 118|0x00000000ff600000, 0x00000000ff700000, 0x00000000ff700000|100%| E|CS|TAMS 0x00000000ff600000| PB 0x00000000ff600000| Complete |  0
| 119|0x00000000ff700000, 0x00000000ff800000, 0x00000000ff800000|100%| E|CS|TAMS 0x00000000ff700000| PB 0x00000000ff700000| Complete |  0
| 120|0x00000000ff800000, 0x00000000ff900000, 0x00000000ff900000|100%| E|CS|TAMS 0x00000000ff800000| PB 0x00000000ff800000| Complete |  0
| 121|0x00000000ff900000, 0x00000000ffa00000, 0x00000000ffa00000|100%| E|CS|TAMS 0x00000000ff900000| PB 0x00000000ff900000| Complete |  0
| 122|0x00000000ffa00000, 0x00000000ffb00000, 0x00000000ffb00000|100%| E|CS|TAMS 0x00000000ffa00000| PB 0x00000000ffa00000| Complete |  0
| 123|0x00000000ffb00000, 0x00000000ffc00000, 0x00000000ffc00000|100%| E|CS|TAMS 0x00000000ffb00000| PB 0x00000000ffb00000| Complete |  0
| 124|0x00000000ffc00000, 0x00000000ffd00000, 0x00000000ffd00000|100%| E|CS|TAMS 0x00000000ffc00000| PB 0x00000000ffc00000| Complete |  0
| 125|0x00000000ffd00000, 0x00000000ffe00000, 0x00000000ffe00000|100%| E|CS|TAMS 0x00000000ffd00000| PB 0x00000000ffd00000| Complete |  0
| 126|0x00000000ffe00000, 0x00000000fff00000, 0x00000000fff00000|100%| O|  |TAMS 0x00000000ffe00000| PB 0x00000000ffe00000| Untracked |  0
| 127|0x00000000fff00000, 0x00000000fff24ea8, 0x0000000100000000| 14%| O|  |TAMS 0x00000000fff00000| PB 0x00000000fff00000| Untracked |  0

Card table byte_map: [0x0000019fdd770000,0x0000019fdd7b0000] _byte_map_base: 0x0000019fdcfb0000

Marking Bits: (CMBitMap*) 0x0000019fdd8591d0
 Bits: [0x0000019ff5880000, 0x0000019ff5a80000)

Polling page: 0x0000019fdb6e0000

Metaspace:
Metaspace        used 6145K, committed 6336K, reserved 180224K
 class space     used 741K, committed 832K, reserved 114688K

Usage:
  Non-class:      5.28 MB used.
      Class:    741.23 KB used.
       Both:      6.00 MB used.

Virtual space:
  Non-class space:       64.00 MB reserved,       5.38 MB (  8%) committed,  1 nodes.
      Class space:      112.00 MB reserved,     832.00 KB ( <1%) committed,  1 nodes.
             Both:      176.00 MB reserved,       6.19 MB (  4%) committed. 

Chunk freelists:
   Non-Class:  8.77 MB
       Class:  15.20 MB
        Both:  23.97 MB

MaxMetaspaceSize: 128.00 MB
CompressedClassSpaceSize: 112.00 MB
Initial GC threshold: 21.00 MB
Current GC threshold: 21.00 MB
CDS: on
 - commit_granule_bytes: 65536.
 - commit_granule_words: 8192.
 - virtual_space_node_default_size: 8388608.
 - enlarge_chunks_in_place: 1.
UseCompressedClassPointers 1, UseCompactObjectHeaders 0
Narrow klass pointer bits 32, Max shift 3
Narrow klass base: 0x00000000a8000000, Narrow klass shift: 0
Encoding Range: [0x00000000a8000000 - 0x00000001a8000000), (4294967296 bytes)
Klass Range:    [0x00000000a8010000 - 0x00000000b0000000), (134152192 bytes)
Klass ID Range:  [65536 - 134217721) (134152185)
Protection zone: [0x00000000a8000000 - 0x00000000a8010000), (65536 bytes)


Internal statistics:

num_allocs_failed_limit: 0.
num_arena_births: 62.
num_arena_deaths: 0.
num_vsnodes_births: 2.
num_vsnodes_deaths: 0.
num_space_committed: 99.
num_space_uncommitted: 0.
num_chunks_returned_to_freelist: 0.
num_chunks_taken_from_freelist: 248.
num_chunk_merges: 0.
num_chunk_splits: 161.
num_chunks_enlarged: 130.
num_inconsistent_stats: 0.

CodeHeap 'non-profiled nmethods': size=120064Kb used=386Kb max_used=386Kb free=119677Kb
 bounds [0x0000019feddf0000, 0x0000019fee060000, 0x0000019ff5330000]
CodeHeap 'profiled nmethods': size=120000Kb used=2097Kb max_used=2097Kb free=117902Kb
 bounds [0x0000019fe6330000, 0x0000019fe65a0000, 0x0000019fed860000]
CodeHeap 'non-nmethods': size=5696Kb used=1363Kb max_used=1378Kb free=4332Kb
 bounds [0x0000019fed860000, 0x0000019fedad0000, 0x0000019feddf0000]
CodeCache: size=245760Kb, used=3846Kb, max_used=3861Kb, free=241911Kb
 total_blobs=1905, nmethods=1424, adapters=383, full_count=0
Compilation: enabled, stopped_count=0, restarted_count=0

Compilation events (20 events):
Event: 0.593 Thread 0x0000019ff865f630 1245       3       org.codehaus.plexus.util.xml.pull.MXParser::nextText (107 bytes)
Event: 0.594 Thread 0x0000019ff865f630 nmethod 1245 0x0000019fe64faf08 code [0x0000019fe64fb000, 0x0000019fe64fbd40]
Event: 0.597 Thread 0x0000019ffd6337c0 nmethod 1240 0x0000019fede45308 code [0x0000019fede45400, 0x0000019fede45bb0]
Event: 0.597 Thread 0x0000019ffd6337c0 1246       4       org.codehaus.plexus.util.xml.pull.MXParser::nextImpl (1208 bytes)
Event: 0.597 Thread 0x0000019ff865f630 1247       3       java.util.Collections::emptyMap (4 bytes)
Event: 0.597 Thread 0x0000019ff865f630 nmethod 1247 0x0000019fe64fbd88 code [0x0000019fe64fbe80, 0x0000019fe64fbf70]
Event: 0.598 Thread 0x0000019ff865f630 1248       3       java.util.HashMap::isEmpty (13 bytes)
Event: 0.598 Thread 0x0000019ff865f630 nmethod 1248 0x0000019fe64fc088 code [0x0000019fe64fc180, 0x0000019fe64fc2d8]
Event: 0.600 Thread 0x0000019ff865f630 1249 %     3       org.codehaus.plexus.util.InterpolationFilterReader::read @ 3 (48 bytes)
Event: 0.600 Thread 0x0000019ff865f630 nmethod 1249% 0x0000019fe64fc388 code [0x0000019fe64fc480, 0x0000019fe64fc858]
Event: 0.601 Thread 0x0000019ff865f630 1250       3       org.codehaus.plexus.util.InterpolationFilterReader::read (48 bytes)
Event: 0.601 Thread 0x0000019ff865f630 nmethod 1250 0x0000019fe64fc888 code [0x0000019fe64fc980, 0x0000019fe64fcc70]
Event: 0.601 Thread 0x0000019ff865f630 1251       3       org.codehaus.plexus.util.xml.pull.MXParser::require (468 bytes)
Event: 0.604 Thread 0x0000019ff865f630 nmethod 1251 0x0000019fe64fcc88 code [0x0000019fe64fcd80, 0x0000019fe6501de0]
Event: 0.609 Thread 0x0000019ff865f630 1252       3       org.eclipse.sisu.space.URLClassSpace::deferLoadClass (10 bytes)
Event: 0.609 Thread 0x0000019ff865f630 nmethod 1252 0x0000019fe6501e88 code [0x0000019fe6501f80, 0x0000019fe65022b8]
Event: 0.609 Thread 0x0000019ff865f630 1253       3       org.eclipse.sisu.space.NamedClass::<init> (15 bytes)
Event: 0.609 Thread 0x0000019ff865f630 nmethod 1253 0x0000019fe6502308 code [0x0000019fe6502400, 0x0000019fe6502678]
Event: 0.615 Thread 0x0000019ffd6337c0 nmethod 1246 0x0000019fede45c08 code [0x0000019fede45d00, 0x0000019fede46a10]
Event: 0.615 Thread 0x0000019ffd6337c0 1221   !   4       sun.nio.cs.StreamDecoder::read0 (116 bytes)

GC Heap Usage History (0 events):
No events

Metaspace Usage History (0 events):
No events

Dll operation events (7 events):
Event: 0.006 Loaded shared library C:\Program Files\Eclipse Adoptium\jdk-25.0.2.10-hotspot\bin\java.dll
Event: 0.040 Loaded shared library C:\Program Files\Eclipse Adoptium\jdk-25.0.2.10-hotspot\bin\net.dll
Event: 0.041 Loaded shared library C:\Program Files\Eclipse Adoptium\jdk-25.0.2.10-hotspot\bin\nio.dll
Event: 0.046 Loaded shared library C:\Program Files\Eclipse Adoptium\jdk-25.0.2.10-hotspot\bin\zip.dll
Event: 0.169 Loaded shared library C:\Program Files\Eclipse Adoptium\jdk-25.0.2.10-hotspot\bin\jimage.dll
Event: 0.171 Loaded shared library C:\Users\felli\.m2\wrapper\dists\apache-maven-3.9.14\ed7edd442f634ac1c1ef5ba2b61b6d690b5221091f1a8e1123f5fadcc967520d\lib\jansi-native\Windows\x86_64\jansi.dll
Event: 0.187 Loaded shared library C:\Program Files\Eclipse Adoptium\jdk-25.0.2.10-hotspot\bin\verify.dll

Deoptimization events (20 events):
Event: 0.533 Thread 0x0000019fdd8337d0 Uncommon trap: trap_request=0xffffffc6 fr.pc=0x0000019fede2b4b4 relative=0x00000000000003b4
Event: 0.533 Thread 0x0000019fdd8337d0 Uncommon trap: reason=bimorphic_or_optimized_type_check action=maybe_recompile pc=0x0000019fede2b4b4 method=java.util.concurrent.ConcurrentHashMap.get(Ljava/lang/Object;)Ljava/lang/Object; @ 149 c2
Event: 0.533 Thread 0x0000019fdd8337d0 DEOPT PACKING pc=0x0000019fede2b4b4 sp=0x0000002c9f3fda50
Event: 0.533 Thread 0x0000019fdd8337d0 DEOPT UNPACKING pc=0x0000019fed97d082 sp=0x0000002c9f3fd9c0 mode 2
Event: 0.548 Thread 0x0000019fdd8337d0 Uncommon trap: trap_request=0xffffff6e fr.pc=0x0000019fede21f1c relative=0x000000000000031c
Event: 0.548 Thread 0x0000019fdd8337d0 Uncommon trap: reason=predicate action=maybe_recompile pc=0x0000019fede21f1c method=java.util.regex.Pattern$BmpCharPropertyGreedy.match(Ljava/util/regex/Matcher;ILjava/lang/CharSequence;)Z @ 12 c2
Event: 0.548 Thread 0x0000019fdd8337d0 DEOPT PACKING pc=0x0000019fede21f1c sp=0x0000002c9f3fdfc0
Event: 0.548 Thread 0x0000019fdd8337d0 DEOPT UNPACKING pc=0x0000019fed97d082 sp=0x0000002c9f3fdf78 mode 2
Event: 0.548 Thread 0x0000019fdd8337d0 Uncommon trap: trap_request=0xffffff45 fr.pc=0x0000019fede1b62c relative=0x00000000000000ac
Event: 0.548 Thread 0x0000019fdd8337d0 Uncommon trap: reason=unstable_if action=reinterpret pc=0x0000019fede1b62c method=org.codehaus.plexus.util.xml.pull.MXParser.more()C @ 8 c2
Event: 0.548 Thread 0x0000019fdd8337d0 DEOPT PACKING pc=0x0000019fede1b62c sp=0x0000002c9f3fe380
Event: 0.548 Thread 0x0000019fdd8337d0 DEOPT UNPACKING pc=0x0000019fed97d082 sp=0x0000002c9f3fe310 mode 2
Event: 0.581 Thread 0x0000019fdd8337d0 Uncommon trap: trap_request=0xffffff45 fr.pc=0x0000019fede4008c relative=0x000000000000198c
Event: 0.581 Thread 0x0000019fdd8337d0 Uncommon trap: reason=unstable_if action=reinterpret pc=0x0000019fede4008c method=java.nio.charset.CharsetDecoder.decode(Ljava/nio/ByteBuffer;Ljava/nio/CharBuffer;Z)Ljava/nio/charset/CoderResult; @ 15 c2
Event: 0.581 Thread 0x0000019fdd8337d0 DEOPT PACKING pc=0x0000019fede4008c sp=0x0000002c9f3fdff0
Event: 0.581 Thread 0x0000019fdd8337d0 DEOPT UNPACKING pc=0x0000019fed97d082 sp=0x0000002c9f3fdd80 mode 2
Event: 0.614 Thread 0x0000019fdd8337d0 Uncommon trap: trap_request=0xffffff45 fr.pc=0x0000019fede44dc4 relative=0x0000000000000844
Event: 0.614 Thread 0x0000019fdd8337d0 Uncommon trap: reason=unstable_if action=reinterpret pc=0x0000019fede44dc4 method=sun.nio.cs.StreamDecoder.implRead([CII)I @ 186 c2
Event: 0.614 Thread 0x0000019fdd8337d0 DEOPT PACKING pc=0x0000019fede44dc4 sp=0x0000002c9f3fdf20
Event: 0.614 Thread 0x0000019fdd8337d0 DEOPT UNPACKING pc=0x0000019fed97d082 sp=0x0000002c9f3fdec0 mode 2

Classes loaded (20 events):
Event: 0.504 Loading class java/lang/annotation/Documented
Event: 0.504 Loading class java/lang/annotation/Documented done
Event: 0.518 Loading class java/util/concurrent/TimeoutException
Event: 0.518 Loading class java/util/concurrent/TimeoutException done
Event: 0.518 Loading class java/util/concurrent/CancellationException
Event: 0.518 Loading class java/util/concurrent/CancellationException done
Event: 0.524 Loading class java/lang/reflect/ParameterizedType
Event: 0.525 Loading class java/lang/reflect/ParameterizedType done
Event: 0.527 Loading class java/lang/reflect/WildcardType
Event: 0.527 Loading class java/lang/reflect/WildcardType done
Event: 0.530 Loading class sun/reflect/generics/tree/TypeVariableSignature
Event: 0.531 Loading class sun/reflect/generics/tree/TypeVariableSignature done
Event: 0.544 Loading class java/lang/annotation/IncompleteAnnotationException
Event: 0.544 Loading class java/lang/annotation/IncompleteAnnotationException done
Event: 0.546 Loading class jdk/internal/foreign/MemorySessionImpl
Event: 0.546 Loading class java/lang/foreign/MemorySegment$Scope
Event: 0.546 Loading class java/lang/foreign/MemorySegment$Scope done
Event: 0.546 Loading class jdk/internal/foreign/MemorySessionImpl done
Event: 0.575 Loading class java/lang/foreign/MemorySegment
Event: 0.575 Loading class java/lang/foreign/MemorySegment done

Classes unloaded (0 events):
No events

Classes redefined (0 events):
No events

Internal exceptions (20 events):
Event: 0.178 Thread 0x0000019fdd8337d0 Exception <a 'java/lang/NullPointerException'{0x00000000ff8bc220}> (0x00000000ff8bc220) 
thrown [s\src\hotspot\share\interpreter\linkResolver.cpp, line 1416]
Event: 0.178 Thread 0x0000019fdd8337d0 Exception <a 'java/lang/NullPointerException'{0x00000000ff8bc500}> (0x00000000ff8bc500) 
thrown [s\src\hotspot\share\interpreter\linkResolver.cpp, line 1416]
Event: 0.179 Thread 0x0000019fdd8337d0 Exception <a 'java/lang/NullPointerException'{0x00000000ff8c14f8}> (0x00000000ff8c14f8) 
thrown [s\src\hotspot\share\interpreter\linkResolver.cpp, line 1416]
Event: 0.181 Thread 0x0000019fdd8337d0 Exception <a 'java/lang/NullPointerException'{0x00000000ff8d2f98}> (0x00000000ff8d2f98) 
thrown [s\src\hotspot\share\interpreter\linkResolver.cpp, line 1416]
Event: 0.181 Thread 0x0000019fdd8337d0 Exception <a 'java/lang/NullPointerException'{0x00000000ff8d3278}> (0x00000000ff8d3278) 
thrown [s\src\hotspot\share\interpreter\linkResolver.cpp, line 1416]
Event: 0.181 Thread 0x0000019fdd8337d0 Exception <a 'java/lang/NullPointerException'{0x00000000ff8d3558}> (0x00000000ff8d3558) 
thrown [s\src\hotspot\share\interpreter\linkResolver.cpp, line 1416]
Event: 0.181 Thread 0x0000019fdd8337d0 Exception <a 'java/lang/NullPointerException'{0x00000000ff8d3838}> (0x00000000ff8d3838) 
thrown [s\src\hotspot\share\interpreter\linkResolver.cpp, line 1416]
Event: 0.195 Thread 0x0000019fdd8337d0 Exception <a 'java/lang/NoSuchMethodError'{0x00000000ff730de8}: 'void java.lang.invoke.DirectMethodHandle$Holder.invokeVirtual(java.lang.Object, java.lang.Object)'> (0x00000000ff730de8) 
thrown [s\src\hotspot\share\interpreter\linkResolver.cpp, line 804]
Event: 0.197 Thread 0x0000019fdd8337d0 Exception <a 'java/lang/NoSuchMethodError'{0x00000000ff752770}: 'void java.lang.invoke.DirectMethodHandle$Holder.invokeStatic(java.lang.Object, java.lang.Object)'> (0x00000000ff752770) 
thrown [s\src\hotspot\share\interpreter\linkResolver.cpp, line 804]
Event: 0.198 Thread 0x0000019fdd8337d0 Exception <a 'java/lang/NoSuchMethodError'{0x00000000ff75a518}: 'void java.lang.invoke.DirectMethodHandle$Holder.invokeStaticInit(java.lang.Object, java.lang.Object)'> (0x00000000ff75a518) 
thrown [s\src\hotspot\share\interpreter\linkResolver.cpp, line 804]
Event: 0.203 Thread 0x0000019fdd8337d0 Exception <a 'java/lang/NoSuchMethodError'{0x00000000ff78dac0}: 'void java.lang.invoke.DirectMethodHandle$Holder.invokeSpecial(java.lang.Object, java.lang.Object, java.lang.Object, java.lang.Object, java.lang.Object)'> (0x00000000ff78dac0) 
thrown [s\src\hotspot\share\interpreter\linkResolver.cpp, line 804]
Event: 0.215 Thread 0x0000019fdd8337d0 Exception <a 'java/lang/NoSuchMethodError'{0x00000000ff7ccdc8}: 'void java.lang.invoke.DirectMethodHandle$Holder.invokeStatic(java.lang.Object, java.lang.Object, java.lang.Object)'> (0x00000000ff7ccdc8) 
thrown [s\src\hotspot\share\interpreter\linkResolver.cpp, line 804]
Event: 0.268 Thread 0x0000019fdd8337d0 Exception <a 'java/lang/NoSuchMethodError'{0x00000000ff551b08}: 'java.lang.Object java.lang.invoke.DirectMethodHandle$Holder.invokeSpecialIFC(java.lang.Object, java.lang.Object, java.lang.Object, java.lang.Object)'> (0x00000000ff551b08) 
thrown [s\src\hotspot\share\interpreter\linkResolver.cpp, line 804]
Event: 0.398 Thread 0x0000019fdd8337d0 Exception <a 'java/lang/NoSuchMethodError'{0x00000000ff075750}: 'void java.lang.invoke.DirectMethodHandle$Holder.invokeSpecial(java.lang.Object, java.lang.Object, java.lang.Object)'> (0x00000000ff075750) 
thrown [s\src\hotspot\share\interpreter\linkResolver.cpp, line 804]
Event: 0.421 Thread 0x0000019fdd8337d0 Exception <a 'java/lang/NoSuchMethodError'{0x00000000fef9d698}: 'java.lang.Object java.lang.invoke.DirectMethodHandle$Holder.invokeInterface(java.lang.Object, java.lang.Object)'> (0x00000000fef9d698) 
thrown [s\src\hotspot\share\interpreter\linkResolver.cpp, line 804]
Event: 0.448 Thread 0x0000019fdd8337d0 Exception <a 'java/lang/NoSuchMethodError'{0x00000000fee4f078}: 'int java.lang.invoke.DirectMethodHandle$Holder.invokeStatic(java.lang.Object, java.lang.Object, java.lang.Object, java.lang.Object)'> (0x00000000fee4f078) 
thrown [s\src\hotspot\share\interpreter\linkResolver.cpp, line 804]
Event: 0.453 Thread 0x0000019fdd8337d0 Exception <a 'java/lang/NoSuchMethodError'{0x00000000fee78c50}: 'int java.lang.invoke.DirectMethodHandle$Holder.invokeSpecialIFC(java.lang.Object, java.lang.Object, java.lang.Object, java.lang.Object, java.lang.Object)'> (0x00000000fee78c50) 
thrown [s\src\hotspot\share\interpreter\linkResolver.cpp, line 804]
Event: 0.506 Thread 0x0000019fdd8337d0 Exception <a 'java/lang/NoSuchMethodError'{0x00000000fec57138}: 'java.lang.Object java.lang.invoke.DirectMethodHandle$Holder.newInvokeSpecial(java.lang.Object, java.lang.Object, java.lang.Object, java.lang.Object, java.lang.Object)'> (0x00000000fec57138) 
thrown [s\src\hotspot\share\interpreter\linkResolver.cpp, line 804]
Event: 0.537 Thread 0x0000019fdd8337d0 Exception <a 'java/lang/NoSuchMethodError'{0x00000000feb79470}: 'int java.lang.invoke.DirectMethodHandle$Holder.invokeStaticInit(java.lang.Object, java.lang.Object)'> (0x00000000feb79470) 
thrown [s\src\hotspot\share\interpreter\linkResolver.cpp, line 804]
Event: 0.544 Thread 0x0000019fdd8337d0 Exception <a 'java/lang/NoClassDefFoundError'{0x00000000febb4d20}: javax/enterprise/inject/Typed> (0x00000000febb4d20) 
thrown [s\src\hotspot\share\classfile\systemDictionary.cpp, line 316]

VM Operations (6 events):
Event: 0.162 Executing non-safepoint VM operation: HandshakeAllThreads (Deoptimize)
Event: 0.162 Executing non-safepoint VM operation: HandshakeAllThreads (Deoptimize) done
Event: 0.172 Executing non-safepoint VM operation: HandshakeAllThreads (Deoptimize)
Event: 0.172 Executing non-safepoint VM operation: HandshakeAllThreads (Deoptimize) done
Event: 0.449 Executing non-safepoint VM operation: HandshakeAllThreads (Deoptimize)
Event: 0.449 Executing non-safepoint VM operation: HandshakeAllThreads (Deoptimize) done

Memory protections (0 events):
No events

Nmethod flushes (0 events):
No events

Events (15 events):
Event: 0.019 Thread 0x0000019fdd8337d0 Thread added: 0x0000019fdd8337d0
Event: 0.029 Thread 0x0000019fdd8337d0 Thread added: 0x0000019fdd8ebd80
Event: 0.029 Thread 0x0000019fdd8337d0 Thread added: 0x0000019fdd8ec7e0
Event: 0.029 Thread 0x0000019fdd8337d0 Thread added: 0x0000019fdd8ef070
Event: 0.029 Thread 0x0000019fdd8337d0 Thread added: 0x0000019fdd8efc30
Event: 0.029 Thread 0x0000019fdd8337d0 Thread added: 0x0000019fdd8f8800
Event: 0.030 Thread 0x0000019fdd8337d0 Thread added: 0x0000019ff865df30
Event: 0.030 Thread 0x0000019fdd8337d0 Thread added: 0x0000019ff865ee20
Event: 0.030 Thread 0x0000019fdd8337d0 Thread added: 0x0000019ff865f630
Event: 0.036 Thread 0x0000019fdd8337d0 Thread added: 0x0000019ff86f48f0
Event: 0.037 Thread 0x0000019fdd8337d0 Thread added: 0x0000019ff86f50b0
Event: 0.095 Thread 0x0000019ff865ee20 Thread added: 0x0000019ff88002a0
Event: 0.166 Thread 0x0000019fdd8337d0 Thread added: 0x0000019ffd03cc60
Event: 0.174 Thread 0x0000019ffd03cc60 Thread exited: 0x0000019ffd03cc60
Event: 0.574 Thread 0x0000019ff865f630 Thread added: 0x0000019ffd6337c0


Dynamic libraries:
0x00007ff757440000 - 0x00007ff75744e000 	C:\Program Files\Eclipse Adoptium\jdk-25.0.2.10-hotspot\bin\java.exe
0x00007ff93aa10000 - 0x00007ff93ac08000 	C:\WINDOWS\SYSTEM32\ntdll.dll
0x00007ff939f10000 - 0x00007ff939fd2000 	C:\WINDOWS\System32\KERNEL32.DLL
0x00007ff938490000 - 0x00007ff938786000 	C:\WINDOWS\System32\KERNELBASE.dll
0x00007ff938390000 - 0x00007ff938490000 	C:\WINDOWS\System32\ucrtbase.dll
0x00007ff8ffc60000 - 0x00007ff8ffc76000 	C:\Program Files\Eclipse Adoptium\jdk-25.0.2.10-hotspot\bin\jli.dll
0x00007ff8fddd0000 - 0x00007ff8fddee000 	C:\Program Files\Eclipse Adoptium\jdk-25.0.2.10-hotspot\bin\VCRUNTIME140.dll
0x00007ff93a240000 - 0x00007ff93a3e1000 	C:\WINDOWS\System32\USER32.dll
0x00007ff922390000 - 0x00007ff92262b000 	C:\WINDOWS\WinSxS\amd64_microsoft.windows.common-controls_6595b64144ccf1df_6.0.19041.6456_none_60b8a6cb71f64256\COMCTL32.dll
0x00007ff938230000 - 0x00007ff938252000 	C:\WINDOWS\System32\win32u.dll
0x00007ff93a0e0000 - 0x00007ff93a17e000 	C:\WINDOWS\System32\msvcrt.dll
0x00007ff93a9a0000 - 0x00007ff93a9cb000 	C:\WINDOWS\System32\GDI32.dll
0x00007ff9388c0000 - 0x00007ff9389d9000 	C:\WINDOWS\System32\gdi32full.dll
0x00007ff938820000 - 0x00007ff9388bd000 	C:\WINDOWS\System32\msvcp_win.dll
0x00007ff938f10000 - 0x00007ff938f3f000 	C:\WINDOWS\System32\IMM32.DLL
0x00007ff8fddc0000 - 0x00007ff8fddcc000 	C:\Program Files\Eclipse Adoptium\jdk-25.0.2.10-hotspot\bin\vcruntime140_1.dll
0x00007ff8d3b40000 - 0x00007ff8d3bcd000 	C:\Program Files\Eclipse Adoptium\jdk-25.0.2.10-hotspot\bin\msvcp140.dll
0x00007ff83a000000 - 0x00007ff83af26000 	C:\Program Files\Eclipse Adoptium\jdk-25.0.2.10-hotspot\bin\server\jvm.dll
0x00007ff938ff0000 - 0x00007ff9390a1000 	C:\WINDOWS\System32\ADVAPI32.dll
0x00007ff93a900000 - 0x00007ff93a99f000 	C:\WINDOWS\System32\sechost.dll
0x00007ff938b00000 - 0x00007ff938c20000 	C:\WINDOWS\System32\RPCRT4.dll
0x00007ff9380a0000 - 0x00007ff9380c7000 	C:\WINDOWS\System32\bcrypt.dll
0x00007ff939fe0000 - 0x00007ff93a04b000 	C:\WINDOWS\System32\WS2_32.dll
0x00007ff937950000 - 0x00007ff93799b000 	C:\WINDOWS\SYSTEM32\POWRPROF.dll
0x00007ff92d5d0000 - 0x00007ff92d5f7000 	C:\WINDOWS\SYSTEM32\WINMM.dll
0x00007ff929de0000 - 0x00007ff929dea000 	C:\WINDOWS\SYSTEM32\VERSION.dll
0x00007ff937930000 - 0x00007ff937942000 	C:\WINDOWS\SYSTEM32\UMPDC.dll
0x00007ff935ef0000 - 0x00007ff935f02000 	C:\WINDOWS\SYSTEM32\kernel.appcore.dll
0x00007ff8fa340000 - 0x00007ff8fa34a000 	C:\Program Files\Eclipse Adoptium\jdk-25.0.2.10-hotspot\bin\jimage.dll
0x00007ff9296f0000 - 0x00007ff9298f1000 	C:\WINDOWS\SYSTEM32\DBGHELP.DLL
0x00007ff926930000 - 0x00007ff926964000 	C:\WINDOWS\SYSTEM32\dbgcore.DLL
0x00007ff938790000 - 0x00007ff938812000 	C:\WINDOWS\System32\bcryptPrimitives.dll
0x00007ff8fa320000 - 0x00007ff8fa33e000 	C:\Program Files\Eclipse Adoptium\jdk-25.0.2.10-hotspot\bin\java.dll
0x00007ff939150000 - 0x00007ff93927b000 	C:\WINDOWS\System32\ole32.dll
0x00007ff93a5a0000 - 0x00007ff93a8f4000 	C:\WINDOWS\System32\combase.dll
0x00007ff9396f0000 - 0x00007ff939e60000 	C:\WINDOWS\System32\SHELL32.dll
0x00007ff9360f0000 - 0x00007ff936895000 	C:\WINDOWS\SYSTEM32\windows.storage.dll
0x00007ff9379f0000 - 0x00007ff937a1b000 	C:\WINDOWS\SYSTEM32\Wldp.dll
0x00007ff938a30000 - 0x00007ff938afd000 	C:\WINDOWS\System32\OLEAUT32.dll
0x00007ff938f40000 - 0x00007ff938fed000 	C:\WINDOWS\System32\SHCORE.dll
0x00007ff93a1e0000 - 0x00007ff93a23b000 	C:\WINDOWS\System32\shlwapi.dll
0x00007ff937fd0000 - 0x00007ff937ff4000 	C:\WINDOWS\SYSTEM32\profapi.dll
0x00007ff8f8720000 - 0x00007ff8f8731000 	C:\Program Files\Eclipse Adoptium\jdk-25.0.2.10-hotspot\bin\net.dll
0x00007ff937760000 - 0x00007ff9377ca000 	C:\WINDOWS\system32\mswsock.dll
0x00007ff8f7eb0000 - 0x00007ff8f7ec6000 	C:\Program Files\Eclipse Adoptium\jdk-25.0.2.10-hotspot\bin\nio.dll
0x00007ff8f6780000 - 0x00007ff8f6797000 	C:\Program Files\Eclipse Adoptium\jdk-25.0.2.10-hotspot\bin\zip.dll
0x00007ff8e59c0000 - 0x00007ff8e59e4000 	C:\Users\felli\.m2\wrapper\dists\apache-maven-3.9.14\ed7edd442f634ac1c1ef5ba2b61b6d690b5221091f1a8e1123f5fadcc967520d\lib\jansi-native\Windows\x86_64\jansi.dll
0x00007ff8fa5e0000 - 0x00007ff8fa5f0000 	C:\Program Files\Eclipse Adoptium\jdk-25.0.2.10-hotspot\bin\verify.dll

JVMTI agents: none

dbghelp: loaded successfully - version: 4.0.5 - missing functions: none
symbol engine: initialized successfully - sym options: 0x614 - pdb path: .;C:\Program Files\Eclipse Adoptium\jdk-25.0.2.10-hotspot\bin;C:\WINDOWS\SYSTEM32;C:\WINDOWS\WinSxS\amd64_microsoft.windows.common-controls_6595b64144ccf1df_6.0.19041.6456_none_60b8a6cb71f64256;C:\Program Files\Eclipse Adoptium\jdk-25.0.2.10-hotspot\bin\server;C:\Users\felli\.m2\wrapper\dists\apache-maven-3.9.14\ed7edd442f634ac1c1ef5ba2b61b6d690b5221091f1a8e1123f5fadcc967520d\lib\jansi-native\Windows\x86_64

VM Arguments:
jvm_args: -Xmx128m -XX:MaxMetaspaceSize=128m -Dclassworlds.conf=C:\Users\felli\.m2\wrapper\dists\apache-maven-3.9.14\ed7edd442f634ac1c1ef5ba2b61b6d690b5221091f1a8e1123f5fadcc967520d\bin\m2.conf -Dmaven.home=C:\Users\felli\.m2\wrapper\dists\apache-maven-3.9.14\ed7edd442f634ac1c1ef5ba2b61b6d690b5221091f1a8e1123f5fadcc967520d -Dlibrary.jansi.path=C:\Users\felli\.m2\wrapper\dists\apache-maven-3.9.14\ed7edd442f634ac1c1ef5ba2b61b6d690b5221091f1a8e1123f5fadcc967520d\lib\jansi-native -Dmaven.multiModuleProjectDirectory=C:\Users\felli\Desktop\arbor 
java_command: org.codehaus.plexus.classworlds.launcher.Launcher -q -DskipTests=false test
java_class_path (initial): C:\Users\felli\.m2\wrapper\dists\apache-maven-3.9.14\ed7edd442f634ac1c1ef5ba2b61b6d690b5221091f1a8e1123f5fadcc967520d\boot\plexus-classworlds-2.9.0.jar
Launcher Type: SUN_STANDARD

[Global flags]
     intx CICompilerCount                          = 4                                         {product} {ergonomic}
   size_t CompressedClassSpaceSize                 = 117440512                                 {product} {ergonomic}
     uint ConcGCThreads                            = 3                                         {product} {ergonomic}
     uint G1ConcRefinementThreads                  = 10                                        {product} {ergonomic}
   size_t G1HeapRegionSize                         = 1048576                                   {product} {ergonomic}
   size_t InitialHeapSize                          = 134217728                                 {product} {ergonomic}
   size_t MarkStackSize                            = 4194304                                   {product} {ergonomic}
   size_t MarkStackSizeMax                         = 536870912                                 {product} {ergonomic}
   size_t MaxHeapSize                              = 134217728                                 {product} {command line}
   size_t MaxMetaspaceSize                         = 134217728                                 {product} {command line}
   size_t MaxNewSize                               = 79691776                                  {product} {ergonomic}
   size_t MinHeapDeltaBytes                        = 1048576                                   {product} {ergonomic}
   size_t MinHeapSize                              = 8388608                                   {product} {ergonomic}
    uintx NonNMethodCodeHeapSize                   = 5832704                                {pd product} {ergonomic}
    uintx NonProfiledCodeHeapSize                  = 122945536                              {pd product} {ergonomic}
    uintx ProfiledCodeHeapSize                     = 122880000                              {pd product} {ergonomic}
    uintx ReservedCodeCacheSize                    = 251658240                              {pd product} {ergonomic}
     bool SegmentedCodeCache                       = true                                      {product} {ergonomic}
   size_t SoftMaxHeapSize                          = 134217728                              {manageable} {ergonomic}
     bool UseCompressedOops                        = true                           {product lp64_product} {ergonomic}
     bool UseG1GC                                  = true                                      {product} {ergonomic}
     bool UseLargePagesIndividualAllocation        = false                                  {pd product} {ergonomic}

Logging:
Log output configuration:
 #0: stdout all=warning uptime,level,tags foldmultilines=false
 #1: stderr all=off uptime,level,tags foldmultilines=false

Release file:
IMPLEMENTOR="Eclipse Adoptium" 
IMPLEMENTOR_VERSION="Temurin-25.0.2+10" 
JAVA_RUNTIME_VERSION="25.0.2+10-LTS" 
JAVA_VERSION="25.0.2" 
JAVA_VERSION_DATE="2026-01-20" 
LIBC="default" 
MODULES="java.base java.compiler java.datatransfer java.xml java.prefs java.desktop java.instrument java.logging java.management java.security.sasl java.naming java.rmi java.management.rmi java.net.http java.scripting java.security.jgss java.transaction.xa java.sql java.sql.rowset java.xml.crypto java.se java.smartcardio jdk.accessibility jdk.internal.jvmstat jdk.attach jdk.charsets jdk.internal.opt jdk.zipfs jdk.compiler jdk.crypto.cryptoki jdk.crypto.ec jdk.crypto.mscapi jdk.dynalink jdk.internal.ed jdk.editpad jdk.internal.vm.ci jdk.graal.compiler jdk.graal.compiler.management jdk.hotspot.agent jdk.httpserver jdk.incubator.vector jdk.internal.le jdk.internal.md jdk.jartool jdk.javadoc jdk.jcmd jdk.management jdk.management.agent jdk.jconsole jdk.jdeps jdk.jdwp.agent jdk.jdi jdk.jfr jdk.jlink jdk.jpackage jdk.jshell jdk.jsobject jdk.jstatd jdk.localedata jdk.management.jfr jdk.naming.dns jdk.naming.rmi jdk.net jdk.nio.mapmode jdk.sctp jdk.security.auth jdk.security.jgss jdk.unsupported jdk.unsupported.desktop jdk.xml.dom" 
OS_ARCH="x86_64" 
OS_NAME="Windows" 
SOURCE=".:git:9e3c947043a4" 
BUILD_SOURCE="git:458965074606f027bd5afce2cfd5c1055dea0438"
BUILD_SOURCE_REPO="https://github.com/adoptium/temurin-build.git"
SOURCE_REPO="https://github.com/adoptium/jdk25u.git"
FULL_VERSION="25.0.2+10-LTS"
SEMANTIC_VERSION="25.0.2+10"
BUILD_INFO="OS: Windows Server 2022 Version: 10.0"
JVM_VARIANT="Hotspot"
JVM_VERSION="25.0.2+10-LTS"
IMAGE_TYPE="JDK"

Environment Variables:
PATH=C:\Program Files\Eclipse Adoptium\jdk-25.0.2.10-hotspot\bin;C:\Python313\Scripts\;C:\Python313\;C:\Program Files\Eclipse Adoptium\jdk-17.0.15.6-hotspot\bin;C:\Program Files\Common Files\Oracle\Java\javapath;C:\Program Files (x86)\Common Files\Oracle\Java\java8path;C:\Program Files (x86)\Common Files\Oracle\Java\javapath;C:\WINDOWS\system32;C:\WINDOWS;C:\WINDOWS\System32\Wbem;C:\WINDOWS\System32\WindowsPowerShell\v1.0\;C:\WINDOWS\System32\OpenSSH\;C:\Program Files\Git\cmd;C:\Program Files\dotnet\;C:\ProgramData\chocolatey\bin;C:\Program Files\nodejs\;C:\Program Files (x86)\ZeroTier\One\;C:\Program Files\Docker\Docker\resources\bin;C:\Users\felli\AppData\Local\Programs\Eclipse Adoptium\jdk-21.0.7.6-hotspot\bin;C:\Users\felli\AppData\Local\Microsoft\WindowsApps;C:\Users\felli\AppData\Local\Programs\Microsoft VS Code\bin;C:\Users\felli\AppData\Roaming\npm;C:\Users\felli\AppData\Local\Programs\Antigravity\bin;C:\ghcup\bin
USERNAME=felli
OS=Windows_NT
PROCESSOR_IDENTIFIER=AMD64 Family 25 Model 80 Stepping 0, AuthenticAMD
TMP=C:\Users\felli\AppData\Local\Temp
TEMP=C:\Users\felli\AppData\Local\Temp




Compilation memory statistics disabled.

Periodic native trim disabled

---------------  S Y S T E M  ---------------

OS:
 Windows 10 , 64 bit Build 19041 (10.0.19041.5915)
OS uptime: 0 days 1:51 hours
Hyper-V role detected

CPU: total 12 (initial active 12) (12 cores per cpu, 2 threads per core) family 25 model 80 stepping 0 microcode 0x0, cx8, cmov, fxsr, ht, mmx, 3dnowpref, sse, sse2, sse3, ssse3, sse4a, sse4.1, sse4.2, popcnt, lzcnt, tsc, tscinvbit, avx, avx2, aes, erms, clmul, bmi1, bmi2, adx, sha, fma, vzeroupper, clflush, clflushopt, clwb, hv, rdtscp, rdpid, fsrm, f16c, cet_ss
Processor Information for the first 12 processors :
  Max Mhz: 3600, Current Mhz: 3600, Mhz Limit: 3600

Memory: 4k page, system-wide physical 16255M (1304M free)
TotalPageFile size 24447M (AvailPageFile size 12M)
current process WorkingSet (physical memory assigned to process): 94M, peak: 94M
current process commit charge ("private bytes"): 239M, peak: 243M

vm_info: OpenJDK 64-Bit Server VM (25.0.2+10-LTS) for windows-amd64 JRE (25.0.2+10-LTS), built on 2026-01-20T00:00:00Z with MS VC++ 17.12 (VS2022)

END.
