#
# There is insufficient memory for the Java Runtime Environment to continue.
# Native memory allocation (malloc) failed to allocate 882504 bytes. Error detail: Chunk::new
# Possible reasons:
#   The system is out of physical RAM or swap space
#   This process is running with CompressedOops enabled, and the Java Heap may be blocking the growth of the native heap
# Possible solutions:
#   Reduce memory load on the system
#   Increase physical memory or swap space
#   Check if swap backing store is full
#   Decrease Java heap size (-Xmx/-Xms)
#   Decrease number of Java threads
#   Decrease Java thread stack sizes (-Xss)
#   Set larger code cache with -XX:ReservedCodeCacheSize=
#   JVM is running with Unscaled Compressed Oops mode in which the Java heap is
#     placed in the first 4GB address space. The Java Heap base address is the
#     maximum limit for the native heap growth. Please use -XX:HeapBaseMinAddress
#     to set the Java Heap base and to place the Java Heap above 4GB virtual address.
# This output file may be truncated or incomplete.
#
#  Out of Memory Error (arena.cpp:186), pid=19788, tid=17700
#
# JRE version: OpenJDK Runtime Environment Temurin-25.0.2+10 (25.0.2+10) (build 25.0.2+10-LTS)
# Java VM: OpenJDK 64-Bit Server VM Temurin-25.0.2+10 (25.0.2+10-LTS, mixed mode, sharing, tiered, compressed oops, compressed class ptrs, serial gc, windows-amd64)
# No core dump will be written. Minidumps are not enabled by default on client versions of Windows
#

---------------  S U M M A R Y ------------

Command Line: -Xms32m -Xmx128m -XX:MaxMetaspaceSize=96m -XX:+UseSerialGC -Dclassworlds.conf=C:\Users\felli\.m2\wrapper\dists\apache-maven-3.9.14\ed7edd442f634ac1c1ef5ba2b61b6d690b5221091f1a8e1123f5fadcc967520d\bin\m2.conf -Dmaven.home=C:\Users\felli\.m2\wrapper\dists\apache-maven-3.9.14\ed7edd442f634ac1c1ef5ba2b61b6d690b5221091f1a8e1123f5fadcc967520d -Dlibrary.jansi.path=C:\Users\felli\.m2\wrapper\dists\apache-maven-3.9.14\ed7edd442f634ac1c1ef5ba2b61b6d690b5221091f1a8e1123f5fadcc967520d\lib\jansi-native -Dmaven.multiModuleProjectDirectory=C:\Users\felli\Desktop\arbor org.codehaus.plexus.classworlds.launcher.Launcher -q -DskipTests=false test

Host: AMD Ryzen 5 5500                               , 12 cores, 15G,  Windows 10 , 64 bit Build 19041 (10.0.19041.5915)
Time: Thu May 14 14:15:27 2026 Hora oficial do Brasil elapsed time: 3.474678 seconds (0d 0h 0m 3s)

---------------  T H R E A D  ---------------

Current thread (0x00000284a6b2b590):  JavaThread "C2 CompilerThread2" daemon [_thread_in_native, id=17700, stack(0x0000009ede800000,0x0000009ede900000) (1024K)]


Current CompileTask:
C2:3474 5575   !   4       jdk.internal.loader.BuiltinClassLoader::loadClassOrNull (143 bytes)

Stack: [0x0000009ede800000,0x0000009ede900000]
Native frames: (J=compiled Java code, j=interpreted, Vv=VM code, C=native code)
V  [jvm.dll+0x7a8bc9]  (no source info available)
V  [jvm.dll+0x77310d]  (no source info available)
V  [jvm.dll+0x9f55f3]  (no source info available)
V  [jvm.dll+0x9f7be1]  (no source info available)
V  [jvm.dll+0x9f82f3]  (no source info available)
V  [jvm.dll+0x2fce26]  (no source info available)
V  [jvm.dll+0x111076]  (no source info available)
V  [jvm.dll+0x11139e]  (no source info available)
V  [jvm.dll+0x382261]  (no source info available)
V  [jvm.dll+0x6b8da6]  (no source info available)
V  [jvm.dll+0x2c957a]  (no source info available)
V  [jvm.dll+0x2c996f]  (no source info available)
V  [jvm.dll+0x2c1e59]  (no source info available)
V  [jvm.dll+0x2bf2df]  (no source info available)
V  [jvm.dll+0x237140]  (no source info available)
V  [jvm.dll+0x2cf4c6]  (no source info available)
V  [jvm.dll+0x2cd74a]  (no source info available)
V  [jvm.dll+0x48fbee]  (no source info available)
V  [jvm.dll+0x996b0d]  (no source info available)
V  [jvm.dll+0x7a71a5]  (no source info available)
C  [ucrtbase.dll+0x21bb2]  (no source info available)
C  [KERNEL32.DLL+0x17374]  (no source info available)
C  [ntdll.dll+0x4cc91]  (no source info available)

Lock stack of current Java thread (top to bottom):


---------------  P R O C E S S  ---------------

Threads class SMR info:
_java_thread_list=0x00000284a6c94180, length=13, elements={
0x000002848a1f3ab0, 0x0000028489c3b680, 0x0000028489c3c460, 0x0000028489c3e680,
0x0000028489c41770, 0x0000028489c42ef0, 0x0000028489c473f0, 0x0000028489c51230,
0x0000028489c79a70, 0x0000028489d22e80, 0x0000028489d25490, 0x00000284a607dc30,
0x00000284a6b2b590
}

Java Threads: ( => current thread )
  0x000002848a1f3ab0 JavaThread "main"                              [_thread_in_vm, id=19464, stack(0x0000009edda00000,0x0000009eddb00000) (1024K)]
  0x0000028489c3b680 JavaThread "Reference Handler"          daemon [_thread_blocked, id=21272, stack(0x0000009eddd00000,0x0000009edde00000) (1024K)]
  0x0000028489c3c460 JavaThread "Finalizer"                  daemon [_thread_blocked, id=18180, stack(0x0000009edde00000,0x0000009eddf00000) (1024K)]
  0x0000028489c3e680 JavaThread "Signal Dispatcher"          daemon [_thread_blocked, id=2136, stack(0x0000009eddf00000,0x0000009ede000000) (1024K)]
  0x0000028489c41770 JavaThread "Attach Listener"            daemon [_thread_blocked, id=724, stack(0x0000009ede000000,0x0000009ede100000) (1024K)]
  0x0000028489c42ef0 JavaThread "Service Thread"             daemon [_thread_blocked, id=11072, stack(0x0000009ede100000,0x0000009ede200000) (1024K)]
  0x0000028489c473f0 JavaThread "Monitor Deflation Thread"   daemon [_thread_blocked, id=6600, stack(0x0000009ede200000,0x0000009ede300000) (1024K)]
  0x0000028489c51230 JavaThread "C2 CompilerThread0"         daemon [_thread_blocked, id=15140, stack(0x0000009ede300000,0x0000009ede400000) (1024K)]
  0x0000028489c79a70 JavaThread "C1 CompilerThread0"         daemon [_thread_blocked, id=12588, stack(0x0000009ede400000,0x0000009ede500000) (1024K)]
  0x0000028489d22e80 JavaThread "Notification Thread"        daemon [_thread_blocked, id=7940, stack(0x0000009ede500000,0x0000009ede600000) (1024K)]
  0x0000028489d25490 JavaThread "Common-Cleaner"             daemon [_thread_blocked, id=16112, stack(0x0000009ede600000,0x0000009ede700000) (1024K)]
  0x00000284a607dc30 JavaThread "C2 CompilerThread1"         daemon [_thread_blocked, id=15260, stack(0x0000009ede700000,0x0000009ede800000) (1024K)]
=>0x00000284a6b2b590 JavaThread "C2 CompilerThread2"         daemon [_thread_in_native, id=17700, stack(0x0000009ede800000,0x0000009ede900000) (1024K)]
Total: 13

Other Threads:
  0x0000028489c2b370 VMThread "VM Thread"                           [id=11272, stack(0x0000009eddc00000,0x0000009eddd00000) (1024K)]
  0x000002848a212380 WatcherThread "VM Periodic Task Thread"        [id=14904, stack(0x0000009eddb00000,0x0000009eddc00000) (1024K)]
Total: 2

Threads with active compile tasks:
C2 CompilerThread2  3525 5575   !   4       jdk.internal.loader.BuiltinClassLoader::loadClassOrNull (143 bytes)
Total: 1

VM state: not at safepoint (normal execution)

VM Mutex/Monitor currently owned by a thread:  ([mutex/lock_event])
[0x00007ff83ae341c8] Metaspace_lock - owner thread: 0x000002848a1f3ab0

Heap address: 0x00000000f8000000, size: 128 MB, Compressed Oops mode: 32-bit

CDS archive(s) mapped at: [0x000000003f000000-0x000000003fdd0000-0x000000003fdd0000), size 14483456, SharedBaseAddress: 0x000000003f000000, ArchiveRelocationMode: 1.
Compressed class space mapped at: 0x0000000040000000-0x0000000045000000, reserved size: 83886080
UseCompressedClassPointers 1, UseCompactObjectHeaders 0
Narrow klass pointer bits 32, Max shift 3
Narrow klass base: 0x000000003f000000, Narrow klass shift: 0
Encoding Range: [0x000000003f000000 - 0x000000013f000000), (4294967296 bytes)
Klass Range:    [0x000000003f010000 - 0x0000000045000000), (100597760 bytes)
Klass ID Range:  [65536 - 100663289) (100597753)
Protection zone: [0x000000003f000000 - 0x000000003f010000), (65536 bytes)

GC Precious Log:
 CardTable entry size: 512
 CPUs: 12 total, 12 available
 Memory: 16255M
 Large Page Support: Disabled
 NUMA Support: Disabled
 Compressed Oops: Enabled (32-bit)
 Heap Min Capacity: 32M
 Heap Initial Capacity: 32M
 Heap Max Capacity: 128M
 Pre-touch: Disabled

Heap:
 DefNew     total 38080K, used 2151K [0x00000000f8000000, 0x00000000fa950000, 0x00000000faaa0000)
  eden space 33856K,   6% used [0x00000000f8000000, 0x00000000f8219da8, 0x00000000fa110000)
  from space 4224K,   0% used [0x00000000fa110000, 0x00000000fa110000, 0x00000000fa530000)
  to   space 4224K,   0% used [0x00000000fa530000, 0x00000000fa530000, 0x00000000fa950000)
 Tenured    total 84504K, used 26613K [0x00000000faaa0000, 0x00000000ffd26000, 0x0000000100000000)
  the  space 84504K,  31% used [0x00000000faaa0000, 0x00000000fc49d4a0, 0x00000000ffd26000)

Card table byte_map: [0x0000028488050000,0x0000028488090000] _byte_map_base: 0x0000028487890000

Polling page: 0x0000028488020000

Metaspace:
Metaspace        used 22887K, committed 23104K, reserved 147456K
 class space     used 2784K, committed 2880K, reserved 81920K

Usage:
  Non-class:     19.63 MB used.
      Class:      2.72 MB used.
       Both:     22.35 MB used.

Virtual space:
  Non-class space:       64.00 MB reserved,      19.75 MB ( 31%) committed,  1 nodes.
      Class space:       80.00 MB reserved,       2.81 MB (  4%) committed,  1 nodes.
             Both:      144.00 MB reserved,      22.56 MB ( 16%) committed. 

Chunk freelists:
   Non-Class:  11.42 MB
       Class:  13.06 MB
        Both:  24.48 MB

MaxMetaspaceSize: 96.00 MB
CompressedClassSpaceSize: 80.00 MB
Initial GC threshold: 21.00 MB
Current GC threshold: 33.12 MB
CDS: on
 - commit_granule_bytes: 65536.
 - commit_granule_words: 8192.
 - virtual_space_node_default_size: 8388608.
 - enlarge_chunks_in_place: 1.
UseCompressedClassPointers 1, UseCompactObjectHeaders 0
Narrow klass pointer bits 32, Max shift 3
Narrow klass base: 0x000000003f000000, Narrow klass shift: 0
Encoding Range: [0x000000003f000000 - 0x000000013f000000), (4294967296 bytes)
Klass Range:    [0x000000003f010000 - 0x0000000045000000), (100597760 bytes)
Klass ID Range:  [65536 - 100663289) (100597753)
Protection zone: [0x000000003f000000 - 0x000000003f010000), (65536 bytes)


Internal statistics:

num_allocs_failed_limit: 0.
num_arena_births: 170.
num_arena_deaths: 0.
num_vsnodes_births: 2.
num_vsnodes_deaths: 0.
num_space_committed: 361.
num_space_uncommitted: 0.
num_chunks_returned_to_freelist: 0.
num_chunks_taken_from_freelist: 997.
num_chunk_merges: 0.
num_chunk_splits: 685.
num_chunks_enlarged: 554.
num_inconsistent_stats: 0.

CodeHeap 'non-profiled nmethods': size=120064Kb used=2141Kb max_used=2141Kb free=117922Kb
 bounds [0x000002849a7b0000, 0x000002849aa20000, 0x00000284a1cf0000]
CodeHeap 'profiled nmethods': size=120000Kb used=9064Kb max_used=9064Kb free=110935Kb
 bounds [0x0000028492cf0000, 0x00000284935d0000, 0x000002849a220000]
CodeHeap 'non-nmethods': size=5696Kb used=1339Kb max_used=1397Kb free=4356Kb
 bounds [0x000002849a220000, 0x000002849a490000, 0x000002849a7b0000]
CodeCache: size=245760Kb, used=12544Kb, max_used=12602Kb, free=233213Kb
 total_blobs=6141, nmethods=5592, adapters=454, full_count=0
Compilation: enabled, stopped_count=0, restarted_count=0

Compilation events (20 events):
Event: 3.449 Thread 0x0000028489c79a70 5582       3       java.lang.invoke.MethodHandles$Lookup::resolveOrFail (48 bytes)
Event: 3.449 Thread 0x0000028489c79a70 nmethod 5582 0x00000284935c5d08 code [0x00000284935c5e00, 0x00000284935c6680]
Event: 3.449 Thread 0x0000028489c79a70 5583       3       java.lang.invoke.MethodHandles$Lookup::checkMethodName (45 bytes)
Event: 3.449 Thread 0x0000028489c79a70 nmethod 5583 0x00000284935c6708 code [0x00000284935c6800, 0x00000284935c7208]
Event: 3.450 Thread 0x0000028489c79a70 5584       3       java.util.ImmutableCollections::listFromTrustedArray (125 bytes)
Event: 3.451 Thread 0x0000028489c79a70 nmethod 5584 0x00000284935c7288 code [0x00000284935c7380, 0x00000284935c8318]
Event: 3.451 Thread 0x0000028489c79a70 5585       3       jdk.internal.classfile.impl.Util::pow31 (33 bytes)
Event: 3.451 Thread 0x0000028489c79a70 nmethod 5585 0x00000284935c8388 code [0x00000284935c8480, 0x00000284935c8738]
Event: 3.451 Thread 0x0000028489c79a70 5586       3       com.sun.tools.javac.util.List::nil (4 bytes)
Event: 3.451 Thread 0x0000028489c79a70 nmethod 5586 0x00000284935c8788 code [0x00000284935c8880, 0x00000284935c8970]
Event: 3.463 Thread 0x0000028489c79a70 5587       3       jdk.internal.classfile.impl.Util::entryList (53 bytes)
Event: 3.463 Thread 0x0000028489c79a70 nmethod 5587 0x00000284935c8a88 code [0x00000284935c8b80, 0x00000284935c9318]
Event: 3.463 Thread 0x0000028489c79a70 5588   !   3       jdk.internal.access.SharedSecrets::getJavaUtilCollectionAccess (26 bytes)
Event: 3.463 Thread 0x0000028489c79a70 nmethod 5588 0x00000284935c9388 code [0x00000284935c9480, 0x00000284935c96b0]
Event: 3.463 Thread 0x0000028489c79a70 5589       3       java.util.ImmutableCollections$Access$1::listFromTrustedArray (5 bytes)
Event: 3.463 Thread 0x0000028489c79a70 nmethod 5589 0x00000284935c9708 code [0x00000284935c9800, 0x00000284935c9930]
Event: 3.463 Thread 0x0000028489c79a70 5590       3       jdk.internal.classfile.impl.DirectCodeBuilder::invokespecial (22 bytes)
Event: 3.464 Thread 0x0000028489c79a70 nmethod 5590 0x00000284935c9a08 code [0x00000284935c9b00, 0x00000284935c9fd0]
Event: 3.464 Thread 0x00000284a607dc30 5592       4       jdk.internal.classfile.impl.BufWriterImpl::writeU1U2 (50 bytes)
Event: 3.465 Thread 0x00000284a607dc30 nmethod 5592 0x000002849a9c7388 code [0x000002849a9c7480, 0x000002849a9c7670]

GC Heap Usage History (20 events):
Event: 2.848 {heap Before GC invocations=22 (full 0):
 DefNew     total 9792K, used 5547K [0x00000000f8000000, 0x00000000f8aa0000, 0x00000000faaa0000)
  eden space 8704K,  55% used [0x00000000f8000000, 0x00000000f84c2148, 0x00000000f8880000)
  from space 1088K,  62% used [0x00000000f8880000, 0x00000000f8928ce8, 0x00000000f8990000)
  to   space 1088K,   0% used [0x00000000f8990000, 0x00000000f8990000, 0x00000000f8aa0000)
 Tenured    total 21888K, used 16492K [0x00000000faaa0000, 0x00000000fc000000, 0x0000000100000000)
 Event: 2.850 {heap After GC invocations=23 (full 0):
 DefNew     total 9792K, used 1087K [0x00000000f8000000, 0x00000000f8aa0000, 0x00000000faaa0000)
  eden space 8704K,   0% used [0x00000000f8000000, 0x00000000f8000000, 0x00000000f8880000)
  from space 1088K,  99% used [0x00000000f8990000, 0x00000000f8a9fff8, 0x00000000f8aa0000)
  to   space 1088K,   0% used [0x00000000f8880000, 0x00000000f8880000, 0x00000000f8990000)
 Tenured    total 21888K, used 16796K [0x00000000faaa0000, 0x00000000fc000000, 0x0000000100000000)
  Event: 2.851 {heap Before GC invocations=23 (full 0):
 DefNew     total 9792K, used 8939K [0x00000000f8000000, 0x00000000f8aa0000, 0x00000000faaa0000)
  eden space 8704K,  90% used [0x00000000f8000000, 0x00000000f87aace0, 0x00000000f8880000)
  from space 1088K,  99% used [0x00000000f8990000, 0x00000000f8a9fff8, 0x00000000f8aa0000)
  to   space 1088K,   0% used [0x00000000f8880000, 0x00000000f8880000, 0x00000000f8990000)
 Tenured    total 21888K, used 16796K [0x00000000faaa0000, 0x00000000fc000000, 0x0000000100000000)
 Event: 2.855 {heap After GC invocations=24 (full 0):
 DefNew     total 9792K, used 0K [0x00000000f8000000, 0x00000000f8aa0000, 0x00000000faaa0000)
  eden space 8704K,   0% used [0x00000000f8000000, 0x00000000f8000000, 0x00000000f8880000)
  from space 1088K,   0% used [0x00000000f8880000, 0x00000000f8880038, 0x00000000f8990000)
  to   space 1088K,   0% used [0x00000000f8990000, 0x00000000f8990000, 0x00000000f8aa0000)
 Tenured    total 29572K, used 25564K [0x00000000faaa0000, 0x00000000fc781000, 0x0000000100000000)
  theEvent: 2.860 {heap Before GC invocations=24 (full 0):
 DefNew     total 9792K, used 170K [0x00000000f8000000, 0x00000000f8aa0000, 0x00000000faaa0000)
  eden space 8704K,   1% used [0x00000000f8000000, 0x00000000f802ab98, 0x00000000f8880000)
  from space 1088K,   0% used [0x00000000f8880000, 0x00000000f8880038, 0x00000000f8990000)
  to   space 1088K,   0% used [0x00000000f8990000, 0x00000000f8990000, 0x00000000f8aa0000)
 Tenured    total 41096K, used 37084K [0x00000000faaa0000, 0x00000000fd2c2000, 0x0000000100000000)
  Event: 2.860 {heap After GC invocations=25 (full 0):
 DefNew     total 9792K, used 0K [0x00000000f8000000, 0x00000000f8aa0000, 0x00000000faaa0000)
  eden space 8704K,   0% used [0x00000000f8000000, 0x00000000f8000000, 0x00000000f8880000)
  from space 1088K,   0% used [0x00000000f8990000, 0x00000000f8990070, 0x00000000f8aa0000)
  to   space 1088K,   0% used [0x00000000f8880000, 0x00000000f8880000, 0x00000000f8990000)
 Tenured    total 41096K, used 37084K [0x00000000faaa0000, 0x00000000fd2c2000, 0x0000000100000000)
  theEvent: 2.867 {heap Before GC invocations=25 (full 0):
 DefNew     total 9792K, used 7850K [0x00000000f8000000, 0x00000000f8aa0000, 0x00000000faaa0000)
  eden space 8704K,  90% used [0x00000000f8000000, 0x00000000f87aab88, 0x00000000f8880000)
  from space 1088K,   0% used [0x00000000f8990000, 0x00000000f8990070, 0x00000000f8aa0000)
  to   space 1088K,   0% used [0x00000000f8880000, 0x00000000f8880000, 0x00000000f8990000)
 Tenured    total 52620K, used 48604K [0x00000000faaa0000, 0x00000000fde03000, 0x0000000100000000)
 Event: 2.870 {heap After GC invocations=26 (full 0):
 DefNew     total 9792K, used 43K [0x00000000f8000000, 0x00000000f8aa0000, 0x00000000faaa0000)
  eden space 8704K,   0% used [0x00000000f8000000, 0x00000000f8000000, 0x00000000f8880000)
  from space 1088K,   4% used [0x00000000f8880000, 0x00000000f888afa8, 0x00000000f8990000)
  to   space 1088K,   0% used [0x00000000f8990000, 0x00000000f8990000, 0x00000000f8aa0000)
 Tenured    total 60304K, used 56284K [0x00000000faaa0000, 0x00000000fe584000, 0x0000000100000000)
  thEvent: 2.875 {heap Before GC invocations=26 (full 0):
 DefNew     total 9792K, used 215K [0x00000000f8000000, 0x00000000f8aa0000, 0x00000000faaa0000)
  eden space 8704K,   1% used [0x00000000f8000000, 0x00000000f802b020, 0x00000000f8880000)
  from space 1088K,   4% used [0x00000000f8880000, 0x00000000f888afa8, 0x00000000f8990000)
  to   space 1088K,   0% used [0x00000000f8990000, 0x00000000f8990000, 0x00000000f8aa0000)
 Tenured    total 71828K, used 67804K [0x00000000faaa0000, 0x00000000ff0c5000, 0x0000000100000000)
  Event: 2.875 {heap After GC invocations=27 (full 0):
 DefNew     total 9792K, used 43K [0x00000000f8000000, 0x00000000f8aa0000, 0x00000000faaa0000)
  eden space 8704K,   0% used [0x00000000f8000000, 0x00000000f8000000, 0x00000000f8880000)
  from space 1088K,   4% used [0x00000000f8990000, 0x00000000f899afe0, 0x00000000f8aa0000)
  to   space 1088K,   0% used [0x00000000f8880000, 0x00000000f8880000, 0x00000000f8990000)
 Tenured    total 71828K, used 67804K [0x00000000faaa0000, 0x00000000ff0c5000, 0x0000000100000000)
  thEvent: 2.952 {heap Before GC invocations=27 (full 0):
 DefNew     total 9792K, used 8747K [0x00000000f8000000, 0x00000000f8aa0000, 0x00000000faaa0000)
  eden space 8704K, 100% used [0x00000000f8000000, 0x00000000f8880000, 0x00000000f8880000)
  from space 1088K,   4% used [0x00000000f8990000, 0x00000000f899afe0, 0x00000000f8aa0000)
  to   space 1088K,   0% used [0x00000000f8880000, 0x00000000f8880000, 0x00000000f8990000)
 Tenured    total 83352K, used 79324K [0x00000000faaa0000, 0x00000000ffc06000, 0x0000000100000000)
 Event: 2.953 {heap After GC invocations=28 (full 0):
 DefNew     total 9792K, used 363K [0x00000000f8000000, 0x00000000f8aa0000, 0x00000000faaa0000)
  eden space 8704K,   0% used [0x00000000f8000000, 0x00000000f8000000, 0x00000000f8880000)
  from space 1088K,  33% used [0x00000000f8880000, 0x00000000f88dafb0, 0x00000000f8990000)
  to   space 1088K,   0% used [0x00000000f8990000, 0x00000000f8990000, 0x00000000f8aa0000)
 Tenured    total 83352K, used 79324K [0x00000000faaa0000, 0x00000000ffc06000, 0x0000000100000000)
  tEvent: 3.126 {heap Before GC invocations=28 (full 0):
 DefNew     total 9792K, used 9067K [0x00000000f8000000, 0x00000000f8aa0000, 0x00000000faaa0000)
  eden space 8704K, 100% used [0x00000000f8000000, 0x00000000f8880000, 0x00000000f8880000)
  from space 1088K,  33% used [0x00000000f8880000, 0x00000000f88dafb0, 0x00000000f8990000)
  to   space 1088K,   0% used [0x00000000f8990000, 0x00000000f8990000, 0x00000000f8aa0000)
 Tenured    total 83352K, used 79324K [0x00000000faaa0000, 0x00000000ffc06000, 0x0000000100000000)
 Event: 3.129 {heap After GC invocations=29 (full 0):
 DefNew     total 9792K, used 1045K [0x00000000f8000000, 0x00000000f8aa0000, 0x00000000faaa0000)
  eden space 8704K,   0% used [0x00000000f8000000, 0x00000000f8000000, 0x00000000f8880000)
  from space 1088K,  96% used [0x00000000f8990000, 0x00000000f8a95778, 0x00000000f8aa0000)
  to   space 1088K,   0% used [0x00000000f8880000, 0x00000000f8880000, 0x00000000f8990000)
 Tenured    total 83352K, used 79324K [0x00000000faaa0000, 0x00000000ffc06000, 0x0000000100000000)
  Event: 3.228 {heap Before GC invocations=29 (full 0):
 DefNew     total 9792K, used 9746K [0x00000000f8000000, 0x00000000f8aa0000, 0x00000000faaa0000)
  eden space 8704K,  99% used [0x00000000f8000000, 0x00000000f887f148, 0x00000000f8880000)
  from space 1088K,  96% used [0x00000000f8990000, 0x00000000f8a95778, 0x00000000f8aa0000)
  to   space 1088K,   0% used [0x00000000f8880000, 0x00000000f8880000, 0x00000000f8990000)
 Tenured    total 83352K, used 79324K [0x00000000faaa0000, 0x00000000ffc06000, 0x0000000100000000)
 Event: 3.231 {heap After GC invocations=30 (full 0):
 DefNew     total 9792K, used 1088K [0x00000000f8000000, 0x00000000f8aa0000, 0x00000000faaa0000)
  eden space 8704K,   0% used [0x00000000f8000000, 0x00000000f8000000, 0x00000000f8880000)
  from space 1088K, 100% used [0x00000000f8880000, 0x00000000f8990000, 0x00000000f8990000)
  to   space 1088K,   0% used [0x00000000f8990000, 0x00000000f8990000, 0x00000000f8aa0000)
 Tenured    total 83352K, used 80398K [0x00000000faaa0000, 0x00000000ffc06000, 0x0000000100000000)
  Event: 3.306 {heap Before GC invocations=30 (full 0):
 DefNew     total 9792K, used 9792K [0x00000000f8000000, 0x00000000f8aa0000, 0x00000000faaa0000)
  eden space 8704K, 100% used [0x00000000f8000000, 0x00000000f8880000, 0x00000000f8880000)
  from space 1088K, 100% used [0x00000000f8880000, 0x00000000f8990000, 0x00000000f8990000)
  to   space 1088K,   0% used [0x00000000f8990000, 0x00000000f8990000, 0x00000000f8aa0000)
 Tenured    total 83352K, used 80398K [0x00000000faaa0000, 0x00000000ffc06000, 0x0000000100000000)
 Event: 3.318 {heap After GC invocations=31 (full 0):
 DefNew     total 9792K, used 1088K [0x00000000f8000000, 0x00000000f8aa0000, 0x00000000faaa0000)
  eden space 8704K,   0% used [0x00000000f8000000, 0x00000000f8000000, 0x00000000f8880000)
  from space 1088K, 100% used [0x00000000f8990000, 0x00000000f8aa0000, 0x00000000f8aa0000)
  to   space 1088K,   0% used [0x00000000f8880000, 0x00000000f8880000, 0x00000000f8990000)
 Tenured    total 84504K, used 84484K [0x00000000faaa0000, 0x00000000ffd26000, 0x0000000100000000)
  Event: 3.367 {heap Before GC invocations=31 (full 0):
 DefNew     total 9792K, used 9792K [0x00000000f8000000, 0x00000000f8aa0000, 0x00000000faaa0000)
  eden space 8704K, 100% used [0x00000000f8000000, 0x00000000f8880000, 0x00000000f8880000)
  from space 1088K, 100% used [0x00000000f8990000, 0x00000000f8aa0000, 0x00000000f8aa0000)
  to   space 1088K,   0% used [0x00000000f8880000, 0x00000000f8880000, 0x00000000f8990000)
 Tenured    total 84504K, used 84484K [0x00000000faaa0000, 0x00000000ffd26000, 0x0000000100000000)
 Event: 3.410 {heap After GC invocations=32 (full 1):
 DefNew     total 38080K, used 0K [0x00000000f8000000, 0x00000000fa950000, 0x00000000faaa0000)
  eden space 33856K,   0% used [0x00000000f8000000, 0x00000000f8000000, 0x00000000fa110000)
  from space 4224K,   0% used [0x00000000fa110000, 0x00000000fa110000, 0x00000000fa530000)
  to   space 4224K,   0% used [0x00000000fa530000, 0x00000000fa530000, 0x00000000fa950000)
 Tenured    total 84504K, used 26613K [0x00000000faaa0000, 0x00000000ffd26000, 0x0000000100000000)
  t
Metaspace Usage History (20 events):
Event: 2.848 {metaspace Before GC invocations=22 (full 0):
 Metaspace       used 16996K, committed 17216K, reserved 147456K
  class space    used 2027K, committed 2112K, reserved 81920K
}
Event: 2.850 {metaspace After GC invocations=23 (full 0):
 Metaspace       used 16996K, committed 17216K, reserved 147456K
  class space    used 2027K, committed 2112K, reserved 81920K
}
Event: 2.851 {metaspace Before GC invocations=23 (full 0):
 Metaspace       used 16996K, committed 17216K, reserved 147456K
  class space    used 2027K, committed 2112K, reserved 81920K
}
Event: 2.855 {metaspace After GC invocations=24 (full 0):
 Metaspace       used 16996K, committed 17216K, reserved 147456K
  class space    used 2027K, committed 2112K, reserved 81920K
}
Event: 2.860 {metaspace Before GC invocations=24 (full 0):
 Metaspace       used 16996K, committed 17216K, reserved 147456K
  class space    used 2027K, committed 2112K, reserved 81920K
}
Event: 2.860 {metaspace After GC invocations=25 (full 0):
 Metaspace       used 16996K, committed 17216K, reserved 147456K
  class space    used 2027K, committed 2112K, reserved 81920K
}
Event: 2.867 {metaspace Before GC invocations=25 (full 0):
 Metaspace       used 17012K, committed 17280K, reserved 147456K
  class space    used 2029K, committed 2112K, reserved 81920K
}
Event: 2.870 {metaspace After GC invocations=26 (full 0):
 Metaspace       used 17012K, committed 17280K, reserved 147456K
  class space    used 2029K, committed 2112K, reserved 81920K
}
Event: 2.875 {metaspace Before GC invocations=26 (full 0):
 Metaspace       used 17012K, committed 17280K, reserved 147456K
  class space    used 2029K, committed 2112K, reserved 81920K
}
Event: 2.875 {metaspace After GC invocations=27 (full 0):
 Metaspace       used 17012K, committed 17280K, reserved 147456K
  class space    used 2029K, committed 2112K, reserved 81920K
}
Event: 2.952 {metaspace Before GC invocations=27 (full 0):
 Metaspace       used 17181K, committed 17472K, reserved 147456K
  class space    used 2039K, committed 2176K, reserved 81920K
}
Event: 2.953 {metaspace After GC invocations=28 (full 0):
 Metaspace       used 17181K, committed 17472K, reserved 147456K
  class space    used 2039K, committed 2176K, reserved 81920K
}
Event: 3.126 {metaspace Before GC invocations=28 (full 0):
 Metaspace       used 19546K, committed 19840K, reserved 147456K
  class space    used 2328K, committed 2496K, reserved 81920K
}
Event: 3.129 {metaspace After GC invocations=29 (full 0):
 Metaspace       used 19546K, committed 19840K, reserved 147456K
  class space    used 2328K, committed 2496K, reserved 81920K
}
Event: 3.228 {metaspace Before GC invocations=29 (full 0):
 Metaspace       used 19569K, committed 19904K, reserved 147456K
  class space    used 2329K, committed 2496K, reserved 81920K
}
Event: 3.231 {metaspace After GC invocations=30 (full 0):
 Metaspace       used 19569K, committed 19904K, reserved 147456K
  class space    used 2329K, committed 2496K, reserved 81920K
}
Event: 3.306 {metaspace Before GC invocations=30 (full 0):
 Metaspace       used 19754K, committed 20032K, reserved 147456K
  class space    used 2355K, committed 2496K, reserved 81920K
}
Event: 3.318 {metaspace After GC invocations=31 (full 0):
 Metaspace       used 19754K, committed 20032K, reserved 147456K
  class space    used 2355K, committed 2496K, reserved 81920K
}
Event: 3.367 {metaspace Before GC invocations=31 (full 0):
 Metaspace       used 20069K, committed 20352K, reserved 147456K
  class space    used 2384K, committed 2496K, reserved 81920K
}
Event: 3.410 {metaspace After GC invocations=32 (full 1):
 Metaspace       used 20069K, committed 20352K, reserved 147456K
  class space    used 2384K, committed 2496K, reserved 81920K
}

Dll operation events (7 events):
Event: 0.008 Loaded shared library C:\Program Files\Eclipse Adoptium\jdk-25.0.2.10-hotspot\bin\java.dll
Event: 0.035 Loaded shared library C:\Program Files\Eclipse Adoptium\jdk-25.0.2.10-hotspot\bin\net.dll
Event: 0.036 Loaded shared library C:\Program Files\Eclipse Adoptium\jdk-25.0.2.10-hotspot\bin\nio.dll
Event: 0.040 Loaded shared library C:\Program Files\Eclipse Adoptium\jdk-25.0.2.10-hotspot\bin\zip.dll
Event: 0.157 Loaded shared library C:\Program Files\Eclipse Adoptium\jdk-25.0.2.10-hotspot\bin\jimage.dll
Event: 0.159 Loaded shared library C:\Users\felli\.m2\wrapper\dists\apache-maven-3.9.14\ed7edd442f634ac1c1ef5ba2b61b6d690b5221091f1a8e1123f5fadcc967520d\lib\jansi-native\Windows\x86_64\jansi.dll
Event: 0.174 Loaded shared library C:\Program Files\Eclipse Adoptium\jdk-25.0.2.10-hotspot\bin\verify.dll

Deoptimization events (20 events):
Event: 3.289 Thread 0x000002848a1f3ab0 Uncommon trap: trap_request=0xffffff45 fr.pc=0x000002849a9ada5c relative=0x00000000000001dc
Event: 3.289 Thread 0x000002848a1f3ab0 Uncommon trap: reason=unstable_if action=reinterpret pc=0x000002849a9ada5c method=jdk.nio.zipfs.ZipFileSystem$IndexNode.normalize([B)[B @ 66 c2
Event: 3.289 Thread 0x000002848a1f3ab0 DEOPT PACKING pc=0x000002849a9ada5c sp=0x0000009eddafcb70
Event: 3.289 Thread 0x000002848a1f3ab0 DEOPT UNPACKING pc=0x000002849a336c82 sp=0x0000009eddafcad8 mode 2
Event: 3.331 Thread 0x000002848a1f3ab0 Uncommon trap: trap_request=0xffffffc6 fr.pc=0x000002849a8677d0 relative=0x00000000000001d0
Event: 3.331 Thread 0x000002848a1f3ab0 Uncommon trap: reason=bimorphic_or_optimized_type_check action=maybe_recompile pc=0x000002849a8677d0 method=jdk.internal.classfile.impl.AbstractPoolEntry.maybeClone(Ljava/lang/classfile/constantpool/ConstantPoolBuilder;Ljava/lang/classfile/constantpool/Po
Event: 3.331 Thread 0x000002848a1f3ab0 DEOPT PACKING pc=0x000002849a8677d0 sp=0x0000009eddafb6b0
Event: 3.331 Thread 0x000002848a1f3ab0 DEOPT UNPACKING pc=0x000002849a336c82 sp=0x0000009eddafb5e8 mode 2
Event: 3.338 Thread 0x000002848a1f3ab0 Uncommon trap: trap_request=0xffffffde fr.pc=0x000002849a994d24 relative=0x0000000000000124
Event: 3.338 Thread 0x000002848a1f3ab0 Uncommon trap: reason=class_check action=maybe_recompile pc=0x000002849a994d24 method=java.util.stream.StreamOpFlag.fromCharacteristics(Ljava/util/Spliterator;)I @ 14 c2
Event: 3.338 Thread 0x000002848a1f3ab0 DEOPT PACKING pc=0x000002849a994d24 sp=0x0000009eddafd990
Event: 3.338 Thread 0x000002848a1f3ab0 DEOPT UNPACKING pc=0x000002849a336c82 sp=0x0000009eddafd8c0 mode 2
Event: 3.341 Thread 0x000002848a1f3ab0 Uncommon trap: trap_request=0xffffff45 fr.pc=0x000002849a9aed6c relative=0x00000000000000ec
Event: 3.341 Thread 0x000002848a1f3ab0 Uncommon trap: reason=unstable_if action=reinterpret pc=0x000002849a9aed6c method=jdk.nio.zipfs.ZipConstants.pkSigAt([BIII)Z @ 5 c2
Event: 3.341 Thread 0x000002848a1f3ab0 DEOPT PACKING pc=0x000002849a9aed6c sp=0x0000009eddafd8e0
Event: 3.341 Thread 0x000002848a1f3ab0 DEOPT UNPACKING pc=0x000002849a336c82 sp=0x0000009eddafd888 mode 2
Event: 3.355 Thread 0x000002848a1f3ab0 Uncommon trap: trap_request=0xffffff6e fr.pc=0x000002849a9b1020 relative=0x00000000000001a0
Event: 3.355 Thread 0x000002848a1f3ab0 Uncommon trap: reason=predicate action=maybe_recompile pc=0x000002849a9b1020 method=java.util.LinkedHashMap.valuesToArray([Ljava/lang/Object;Z)[Ljava/lang/Object; @ 53 c2
Event: 3.355 Thread 0x000002848a1f3ab0 DEOPT PACKING pc=0x000002849a9b1020 sp=0x0000009eddafd980
Event: 3.355 Thread 0x000002848a1f3ab0 DEOPT UNPACKING pc=0x000002849a336c82 sp=0x0000009eddafd910 mode 2

Classes loaded (20 events):
Event: 3.330 Loading class java/nio/file/attribute/FileOwnerAttributeView done
Event: 3.330 Loading class java/nio/file/attribute/PosixFileAttributeView done
Event: 3.332 Loading class sun/nio/fs/WindowsAclFileAttributeView
Event: 3.332 Loading class sun/nio/fs/AbstractAclFileAttributeView
Event: 3.332 Loading class java/nio/file/attribute/AclFileAttributeView
Event: 3.332 Loading class java/nio/file/attribute/AclFileAttributeView done
Event: 3.332 Loading class sun/nio/fs/AbstractAclFileAttributeView done
Event: 3.332 Loading class sun/nio/fs/WindowsAclFileAttributeView done
Event: 3.332 Loading class sun/nio/fs/WindowsSecurity
Event: 3.332 Loading class sun/nio/fs/WindowsSecurity done
Event: 3.333 Loading class java/nio/file/ClosedDirectoryStreamException
Event: 3.333 Loading class java/nio/file/ClosedDirectoryStreamException done
Event: 3.333 Loading class java/nio/file/DirectoryIteratorException
Event: 3.333 Loading class java/nio/file/DirectoryIteratorException done
Event: 3.338 Loading class java/util/TreeMap$KeySpliterator
Event: 3.338 Loading class java/util/TreeMap$TreeMapSpliterator
Event: 3.338 Loading class java/util/TreeMap$TreeMapSpliterator done
Event: 3.338 Loading class java/util/TreeMap$KeySpliterator done
Event: 3.362 Loading class java/util/regex/PatternSyntaxException
Event: 3.363 Loading class java/util/regex/PatternSyntaxException done

Classes unloaded (0 events):
No events

Classes redefined (0 events):
No events

Internal exceptions (20 events):
Event: 1.472 Thread 0x000002848a1f3ab0 Exception <a 'java/lang/NoSuchMethodError'{0x00000000f83214c0}: 'void java.lang.invoke.DirectMethodHandle$Holder.invokeVirtual(java.lang.Object, java.lang.Object, int)'> (0x00000000f83214c0) 
thrown [s\src\hotspot\share\interpreter\linkResolver.cpp, line 804]
Event: 1.474 Thread 0x000002848a1f3ab0 Exception <a 'java/lang/NoSuchMethodError'{0x00000000f833a3c0}: 'java.lang.Object java.lang.invoke.DirectMethodHandle$Holder.invokeStatic(java.lang.Object, java.lang.Object, java.lang.Object, java.lang.Object, int)'> (0x00000000f833a3c0) 
thrown [s\src\hotspot\share\interpreter\linkResolver.cpp, line 804]
Event: 1.474 Thread 0x000002848a1f3ab0 Exception <a 'java/lang/NoSuchMethodError'{0x00000000f834bd58}: 'void java.lang.invoke.DirectMethodHandle$Holder.invokeSpecial(java.lang.Object, java.lang.Object, java.lang.Object, int)'> (0x00000000f834bd58) 
thrown [s\src\hotspot\share\interpreter\linkResolver.cpp, line 804]
Event: 1.475 Thread 0x000002848a1f3ab0 Exception <a 'java/lang/NoSuchMethodError'{0x00000000f83540f0}: 'void java.lang.invoke.DelegatingMethodHandle$Holder.reinvoke_L(java.lang.Object, java.lang.Object, int)'> (0x00000000f83540f0) 
thrown [s\src\hotspot\share\interpreter\linkResolver.cpp, line 804]
Event: 1.770 Thread 0x000002848a1f3ab0 Exception <a 'java/lang/NoSuchMethodError'{0x00000000f85e7e90}: 'void java.lang.invoke.DirectMethodHandle$Holder.invokeStatic(java.lang.Object, java.lang.Object, java.lang.Object, java.lang.Object)'> (0x00000000f85e7e90) 
thrown [s\src\hotspot\share\interpreter\linkResolver.cpp, line 804]
Event: 2.535 Thread 0x000002848a1f3ab0 Implicit null exception at 0x000002849a84b548 to 0x000002849a84b718
Event: 2.535 Thread 0x000002848a1f3ab0 Implicit null exception at 0x000002849a91c8c8 to 0x000002849a91ca84
Event: 2.536 Thread 0x000002848a1f3ab0 Implicit null exception at 0x000002849a88629d to 0x000002849a886315
Event: 2.715 Thread 0x000002848a1f3ab0 Exception <a 'java/lang/NoSuchMethodError'{0x00000000f8051108}: 'java.lang.Object java.lang.invoke.DirectMethodHandle$Holder.newInvokeSpecial(java.lang.Object, java.lang.Object, java.lang.Object, java.lang.Object, java.lang.Object, java.lang.Object, java.lang.Object)'> (0x00000000f8051108) 
thrown [s\src\hotspot\share\interpreter\linkResolver.cpp, line 804]
Event: 2.716 Thread 0x000002848a1f3ab0 Implicit null exception at 0x000002849a94b7c2 to 0x000002849a94bebc
Event: 2.803 Thread 0x000002848a1f3ab0 Implicit null exception at 0x000002849a933fc8 to 0x000002849a934354
Event: 2.809 Thread 0x000002848a1f3ab0 Exception <a 'java/lang/NoSuchMethodError'{0x00000000f81cb128}: 'int java.lang.invoke.DirectMethodHandle$Holder.invokeVirtual(java.lang.Object, java.lang.Object)'> (0x00000000f81cb128) 
thrown [s\src\hotspot\share\interpreter\linkResolver.cpp, line 804]
Event: 2.820 Thread 0x000002848a1f3ab0 Implicit null exception at 0x000002849a8fbf39 to 0x000002849a8fc434
Event: 2.827 Thread 0x000002848a1f3ab0 Exception <a 'java/lang/NoSuchMethodError'{0x00000000f8302818}: 'void java.lang.invoke.Invokers$Holder.invokeExact_MT(java.lang.Object, java.lang.Object, int, java.lang.Object)'> (0x00000000f8302818) 
thrown [s\src\hotspot\share\interpreter\linkResolver.cpp, line 804]
Event: 3.077 Thread 0x000002848a1f3ab0 Exception <a 'java/lang/IncompatibleClassChangeError'{0x00000000f8675a80}: Found class java.lang.Object, but interface was expected> (0x00000000f8675a80) 
thrown [s\src\hotspot\share\interpreter\linkResolver.cpp, line 871]
Event: 3.078 Thread 0x000002848a1f3ab0 Exception <a 'java/lang/NoSuchMethodError'{0x00000000f8684f48}: 'void java.lang.invoke.DirectMethodHandle$Holder.invokeInterface(java.lang.Object, java.lang.Object, java.lang.Object)'> (0x00000000f8684f48) 
thrown [s\src\hotspot\share\interpreter\linkResolver.cpp, line 804]
Event: 3.118 Thread 0x000002848a1f3ab0 Exception <a 'java/lang/NoSuchMethodError'{0x00000000f8834d10}: 'int java.lang.invoke.DirectMethodHandle$Holder.invokeInterface(java.lang.Object, java.lang.Object)'> (0x00000000f8834d10) 
thrown [s\src\hotspot\share\interpreter\linkResolver.cpp, line 804]
Event: 3.268 Thread 0x000002848a1f3ab0 Exception <a 'java/lang/NoSuchMethodError'{0x00000000f8344c00}: 'int java.lang.invoke.DirectMethodHandle$Holder.invokeVirtual(java.lang.Object, java.lang.Object, java.lang.Object)'> (0x00000000f8344c00) 
thrown [s\src\hotspot\share\interpreter\linkResolver.cpp, line 804]
Event: 3.415 Thread 0x000002848a1f3ab0 Exception <a 'sun/nio/fs/WindowsException'{0x00000000f8030530}> (0x00000000f8030530) 
thrown [s\src\hotspot\share\prims\jni.cpp, line 516]
Event: 3.464 Thread 0x000002848a1f3ab0 Exception <a 'java/lang/NoSuchMethodError'{0x00000000f8160d60}: 'java.lang.Object java.lang.invoke.DirectMethodHandle$Holder.newInvokeSpecial(java.lang.Object, java.lang.Object, int)'> (0x00000000f8160d60) 
thrown [s\src\hotspot\share\interpreter\linkResolver.cpp, line 804]

VM Operations (20 events):
Event: 3.117 Executing non-safepoint VM operation: HandshakeAllThreads (Deoptimize)
Event: 3.117 Executing non-safepoint VM operation: HandshakeAllThreads (Deoptimize) done
Event: 3.122 Executing non-safepoint VM operation: HandshakeAllThreads (Deoptimize)
Event: 3.122 Executing non-safepoint VM operation: HandshakeAllThreads (Deoptimize) done
Event: 3.126 Executing safepoint VM operation: SerialCollectForAllocation (Allocation Failure)
Event: 3.129 Executing safepoint VM operation: SerialCollectForAllocation (Allocation Failure) done
Event: 3.228 Executing safepoint VM operation: SerialCollectForAllocation (Allocation Failure)
Event: 3.231 Executing safepoint VM operation: SerialCollectForAllocation (Allocation Failure) done
Event: 3.271 Executing non-safepoint VM operation: HandshakeAllThreads (Deoptimize)
Event: 3.272 Executing non-safepoint VM operation: HandshakeAllThreads (Deoptimize) done
Event: 3.274 Executing non-safepoint VM operation: HandshakeAllThreads (Deoptimize)
Event: 3.274 Executing non-safepoint VM operation: HandshakeAllThreads (Deoptimize) done
Event: 3.306 Executing safepoint VM operation: SerialCollectForAllocation (Allocation Failure)
Event: 3.318 Executing safepoint VM operation: SerialCollectForAllocation (Allocation Failure) done
Event: 3.330 Executing non-safepoint VM operation: HandshakeAllThreads (Deoptimize)
Event: 3.330 Executing non-safepoint VM operation: HandshakeAllThreads (Deoptimize) done
Event: 3.333 Executing non-safepoint VM operation: HandshakeAllThreads (Deoptimize)
Event: 3.333 Executing non-safepoint VM operation: HandshakeAllThreads (Deoptimize) done
Event: 3.367 Executing safepoint VM operation: SerialCollectForAllocation (Allocation Failure)
Event: 3.410 Executing safepoint VM operation: SerialCollectForAllocation (Allocation Failure) done

Memory protections (0 events):
No events

Nmethod flushes (0 events):
No events

Events (15 events):
Event: 0.019 Thread 0x000002848a1f3ab0 Thread added: 0x000002848a1f3ab0
Event: 0.028 Thread 0x000002848a1f3ab0 Thread added: 0x0000028489c3b680
Event: 0.028 Thread 0x000002848a1f3ab0 Thread added: 0x0000028489c3c460
Event: 0.028 Thread 0x000002848a1f3ab0 Thread added: 0x0000028489c3e680
Event: 0.028 Thread 0x000002848a1f3ab0 Thread added: 0x0000028489c41770
Event: 0.028 Thread 0x000002848a1f3ab0 Thread added: 0x0000028489c42ef0
Event: 0.028 Thread 0x000002848a1f3ab0 Thread added: 0x0000028489c473f0
Event: 0.028 Thread 0x000002848a1f3ab0 Thread added: 0x0000028489c51230
Event: 0.028 Thread 0x000002848a1f3ab0 Thread added: 0x0000028489c79a70
Event: 0.031 Thread 0x000002848a1f3ab0 Thread added: 0x0000028489d22e80
Event: 0.032 Thread 0x000002848a1f3ab0 Thread added: 0x0000028489d25490
Event: 0.086 Thread 0x0000028489c51230 Thread added: 0x00000284a607dc30
Event: 0.154 Thread 0x000002848a1f3ab0 Thread added: 0x00000284a62b8250
Event: 0.162 Thread 0x00000284a62b8250 Thread exited: 0x00000284a62b8250
Event: 0.567 Thread 0x0000028489c51230 Thread added: 0x00000284a6b2b590


Dynamic libraries:
0x00007ff757440000 - 0x00007ff75744e000 	C:\Program Files\Eclipse Adoptium\jdk-25.0.2.10-hotspot\bin\java.exe
0x00007ff93aa10000 - 0x00007ff93ac08000 	C:\WINDOWS\SYSTEM32\ntdll.dll
0x00007ff939f10000 - 0x00007ff939fd2000 	C:\WINDOWS\System32\KERNEL32.DLL
0x00007ff938490000 - 0x00007ff938786000 	C:\WINDOWS\System32\KERNELBASE.dll
0x00007ff938390000 - 0x00007ff938490000 	C:\WINDOWS\System32\ucrtbase.dll
0x00007ff8ffc60000 - 0x00007ff8ffc7e000 	C:\Program Files\Eclipse Adoptium\jdk-25.0.2.10-hotspot\bin\VCRUNTIME140.dll
0x00007ff8fddd0000 - 0x00007ff8fdde6000 	C:\Program Files\Eclipse Adoptium\jdk-25.0.2.10-hotspot\bin\jli.dll
0x00007ff93a240000 - 0x00007ff93a3e1000 	C:\WINDOWS\System32\USER32.dll
0x00007ff922390000 - 0x00007ff92262b000 	C:\WINDOWS\WinSxS\amd64_microsoft.windows.common-controls_6595b64144ccf1df_6.0.19041.6456_none_60b8a6cb71f64256\COMCTL32.dll
0x00007ff938230000 - 0x00007ff938252000 	C:\WINDOWS\System32\win32u.dll
0x00007ff93a0e0000 - 0x00007ff93a17e000 	C:\WINDOWS\System32\msvcrt.dll
0x00007ff93a9a0000 - 0x00007ff93a9cb000 	C:\WINDOWS\System32\GDI32.dll
0x00007ff9388c0000 - 0x00007ff9389d9000 	C:\WINDOWS\System32\gdi32full.dll
0x00007ff938820000 - 0x00007ff9388bd000 	C:\WINDOWS\System32\msvcp_win.dll
0x00007ff938f10000 - 0x00007ff938f3f000 	C:\WINDOWS\System32\IMM32.DLL
0x00007ff8fddc0000 - 0x00007ff8fddcc000 	C:\Program Files\Eclipse Adoptium\jdk-25.0.2.10-hotspot\bin\vcruntime140_1.dll
0x00007ff8d3b40000 - 0x00007ff8d3bcd000 	C:\Program Files\Eclipse Adoptium\jdk-25.0.2.10-hotspot\bin\msvcp140.dll
0x00007ff83a000000 - 0x00007ff83af26000 	C:\Program Files\Eclipse Adoptium\jdk-25.0.2.10-hotspot\bin\server\jvm.dll
0x00007ff938ff0000 - 0x00007ff9390a1000 	C:\WINDOWS\System32\ADVAPI32.dll
0x00007ff93a900000 - 0x00007ff93a99f000 	C:\WINDOWS\System32\sechost.dll
0x00007ff938b00000 - 0x00007ff938c20000 	C:\WINDOWS\System32\RPCRT4.dll
0x00007ff9380a0000 - 0x00007ff9380c7000 	C:\WINDOWS\System32\bcrypt.dll
0x00007ff939fe0000 - 0x00007ff93a04b000 	C:\WINDOWS\System32\WS2_32.dll
0x00007ff937950000 - 0x00007ff93799b000 	C:\WINDOWS\SYSTEM32\POWRPROF.dll
0x00007ff929de0000 - 0x00007ff929dea000 	C:\WINDOWS\SYSTEM32\VERSION.dll
0x00007ff92d5d0000 - 0x00007ff92d5f7000 	C:\WINDOWS\SYSTEM32\WINMM.dll
0x00007ff937930000 - 0x00007ff937942000 	C:\WINDOWS\SYSTEM32\UMPDC.dll
0x00007ff935ef0000 - 0x00007ff935f02000 	C:\WINDOWS\SYSTEM32\kernel.appcore.dll
0x00007ff8fa340000 - 0x00007ff8fa34a000 	C:\Program Files\Eclipse Adoptium\jdk-25.0.2.10-hotspot\bin\jimage.dll
0x00007ff9296f0000 - 0x00007ff9298f1000 	C:\WINDOWS\SYSTEM32\DBGHELP.DLL
0x00007ff926930000 - 0x00007ff926964000 	C:\WINDOWS\SYSTEM32\dbgcore.DLL
0x00007ff938790000 - 0x00007ff938812000 	C:\WINDOWS\System32\bcryptPrimitives.dll
0x00007ff8fa320000 - 0x00007ff8fa33e000 	C:\Program Files\Eclipse Adoptium\jdk-25.0.2.10-hotspot\bin\java.dll
0x00007ff939150000 - 0x00007ff93927b000 	C:\WINDOWS\System32\ole32.dll
0x00007ff93a5a0000 - 0x00007ff93a8f4000 	C:\WINDOWS\System32\combase.dll
0x00007ff9396f0000 - 0x00007ff939e60000 	C:\WINDOWS\System32\SHELL32.dll
0x00007ff9360f0000 - 0x00007ff936895000 	C:\WINDOWS\SYSTEM32\windows.storage.dll
0x00007ff9379f0000 - 0x00007ff937a1b000 	C:\WINDOWS\SYSTEM32\Wldp.dll
0x00007ff938a30000 - 0x00007ff938afd000 	C:\WINDOWS\System32\OLEAUT32.dll
0x00007ff938f40000 - 0x00007ff938fed000 	C:\WINDOWS\System32\SHCORE.dll
0x00007ff93a1e0000 - 0x00007ff93a23b000 	C:\WINDOWS\System32\shlwapi.dll
0x00007ff937fd0000 - 0x00007ff937ff4000 	C:\WINDOWS\SYSTEM32\profapi.dll
0x00007ff8f8720000 - 0x00007ff8f8731000 	C:\Program Files\Eclipse Adoptium\jdk-25.0.2.10-hotspot\bin\net.dll
0x00007ff937760000 - 0x00007ff9377ca000 	C:\WINDOWS\system32\mswsock.dll
0x00007ff8f7eb0000 - 0x00007ff8f7ec6000 	C:\Program Files\Eclipse Adoptium\jdk-25.0.2.10-hotspot\bin\nio.dll
0x00007ff8f6780000 - 0x00007ff8f6797000 	C:\Program Files\Eclipse Adoptium\jdk-25.0.2.10-hotspot\bin\zip.dll
0x00007ff8e59c0000 - 0x00007ff8e59e4000 	C:\Users\felli\.m2\wrapper\dists\apache-maven-3.9.14\ed7edd442f634ac1c1ef5ba2b61b6d690b5221091f1a8e1123f5fadcc967520d\lib\jansi-native\Windows\x86_64\jansi.dll
0x00007ff8fa5e0000 - 0x00007ff8fa5f0000 	C:\Program Files\Eclipse Adoptium\jdk-25.0.2.10-hotspot\bin\verify.dll

JVMTI agents: none

dbghelp: loaded successfully - version: 4.0.5 - missing functions: none
symbol engine: initialized successfully - sym options: 0x614 - pdb path: .;C:\Program Files\Eclipse Adoptium\jdk-25.0.2.10-hotspot\bin;C:\WINDOWS\SYSTEM32;C:\WINDOWS\WinSxS\amd64_microsoft.windows.common-controls_6595b64144ccf1df_6.0.19041.6456_none_60b8a6cb71f64256;C:\Program Files\Eclipse Adoptium\jdk-25.0.2.10-hotspot\bin\server;C:\Users\felli\.m2\wrapper\dists\apache-maven-3.9.14\ed7edd442f634ac1c1ef5ba2b61b6d690b5221091f1a8e1123f5fadcc967520d\lib\jansi-native\Windows\x86_64

VM Arguments:
jvm_args: -Xms32m -Xmx128m -XX:MaxMetaspaceSize=96m -XX:+UseSerialGC -Dclassworlds.conf=C:\Users\felli\.m2\wrapper\dists\apache-maven-3.9.14\ed7edd442f634ac1c1ef5ba2b61b6d690b5221091f1a8e1123f5fadcc967520d\bin\m2.conf -Dmaven.home=C:\Users\felli\.m2\wrapper\dists\apache-maven-3.9.14\ed7edd442f634ac1c1ef5ba2b61b6d690b5221091f1a8e1123f5fadcc967520d -Dlibrary.jansi.path=C:\Users\felli\.m2\wrapper\dists\apache-maven-3.9.14\ed7edd442f634ac1c1ef5ba2b61b6d690b5221091f1a8e1123f5fadcc967520d\lib\jansi-native -Dmaven.multiModuleProjectDirectory=C:\Users\felli\Desktop\arbor 
java_command: org.codehaus.plexus.classworlds.launcher.Launcher -q -DskipTests=false test
java_class_path (initial): C:\Users\felli\.m2\wrapper\dists\apache-maven-3.9.14\ed7edd442f634ac1c1ef5ba2b61b6d690b5221091f1a8e1123f5fadcc967520d\boot\plexus-classworlds-2.9.0.jar
Launcher Type: SUN_STANDARD

[Global flags]
     intx CICompilerCount                          = 4                                         {product} {ergonomic}
   size_t CompressedClassSpaceSize                 = 83886080                                  {product} {ergonomic}
   size_t InitialHeapSize                          = 33554432                                  {product} {command line}
   size_t MaxHeapSize                              = 134217728                                 {product} {command line}
   size_t MaxMetaspaceSize                         = 100663296                                 {product} {command line}
   size_t MaxNewSize                               = 44695552                                  {product} {ergonomic}
   size_t MinHeapDeltaBytes                        = 196608                                    {product} {ergonomic}
   size_t MinHeapSize                              = 33554432                                  {product} {command line}
   size_t NewSize                                  = 11141120                                  {product} {ergonomic}
    uintx NonNMethodCodeHeapSize                   = 5832704                                {pd product} {ergonomic}
    uintx NonProfiledCodeHeapSize                  = 122945536                              {pd product} {ergonomic}
    uintx ProfiledCodeHeapSize                     = 122880000                              {pd product} {ergonomic}
    uintx ReservedCodeCacheSize                    = 251658240                              {pd product} {ergonomic}
     bool SegmentedCodeCache                       = true                                      {product} {ergonomic}
   size_t SoftMaxHeapSize                          = 134217728                              {manageable} {ergonomic}
     bool UseCompressedOops                        = true                           {product lp64_product} {ergonomic}
     bool UseLargePagesIndividualAllocation        = false                                  {pd product} {ergonomic}
     bool UseSerialGC                              = true                                      {product} {command line}

Logging:
Log output configuration:
 #0: stdout all=warning uptime,level,tags foldmultilines=false
 #1: stderr all=off uptime,level,tags foldmultilines=false

Release file:
IMPLEMENTOR="Eclipse Adoptium" 
IMPLEMENTOR_VERSION="Temurin-25.0.2+10" 
JAVA_RUNTIME_VERSION="25.0.2+10-LTS" 
JAVA_VERSION="25.0.2" 
JAVA_VERSION_DATE="2026-01-20" 
LIBC="default" 
MODULES="java.base java.compiler java.datatransfer java.xml java.prefs java.desktop java.instrument java.logging java.management java.security.sasl java.naming java.rmi java.management.rmi java.net.http java.scripting java.security.jgss java.transaction.xa java.sql java.sql.rowset java.xml.crypto java.se java.smartcardio jdk.accessibility jdk.internal.jvmstat jdk.attach jdk.charsets jdk.internal.opt jdk.zipfs jdk.compiler jdk.crypto.cryptoki jdk.crypto.ec jdk.crypto.mscapi jdk.dynalink jdk.internal.ed jdk.editpad jdk.internal.vm.ci jdk.graal.compiler jdk.graal.compiler.management jdk.hotspot.agent jdk.httpserver jdk.incubator.vector jdk.internal.le jdk.internal.md jdk.jartool jdk.javadoc jdk.jcmd jdk.management jdk.management.agent jdk.jconsole jdk.jdeps jdk.jdwp.agent jdk.jdi jdk.jfr jdk.jlink jdk.jpackage jdk.jshell jdk.jsobject jdk.jstatd jdk.localedata jdk.management.jfr jdk.naming.dns jdk.naming.rmi jdk.net jdk.nio.mapmode jdk.sctp jdk.security.auth jdk.security.jgss jdk.unsupported jdk.unsupported.desktop jdk.xml.dom" 
OS_ARCH="x86_64" 
OS_NAME="Windows" 
SOURCE=".:git:9e3c947043a4" 
BUILD_SOURCE="git:458965074606f027bd5afce2cfd5c1055dea0438"
BUILD_SOURCE_REPO="https://github.com/adoptium/temurin-build.git"
SOURCE_REPO="https://github.com/adoptium/jdk25u.git"
FULL_VERSION="25.0.2+10-LTS"
SEMANTIC_VERSION="25.0.2+10"
BUILD_INFO="OS: Windows Server 2022 Version: 10.0"
JVM_VARIANT="Hotspot"
JVM_VERSION="25.0.2+10-LTS"
IMAGE_TYPE="JDK"

Environment Variables:
PATH=C:\Program Files\Eclipse Adoptium\jdk-25.0.2.10-hotspot\bin;C:\Python313\Scripts\;C:\Python313\;C:\Program Files\Eclipse Adoptium\jdk-17.0.15.6-hotspot\bin;C:\Program Files\Common Files\Oracle\Java\javapath;C:\Program Files (x86)\Common Files\Oracle\Java\java8path;C:\Program Files (x86)\Common Files\Oracle\Java\javapath;C:\WINDOWS\system32;C:\WINDOWS;C:\WINDOWS\System32\Wbem;C:\WINDOWS\System32\WindowsPowerShell\v1.0\;C:\WINDOWS\System32\OpenSSH\;C:\Program Files\Git\cmd;C:\Program Files\dotnet\;C:\ProgramData\chocolatey\bin;C:\Program Files\nodejs\;C:\Program Files (x86)\ZeroTier\One\;C:\Program Files\Docker\Docker\resources\bin;C:\Users\felli\AppData\Local\Programs\Eclipse Adoptium\jdk-21.0.7.6-hotspot\bin;C:\Users\felli\AppData\Local\Microsoft\WindowsApps;C:\Users\felli\AppData\Local\Programs\Microsoft VS Code\bin;C:\Users\felli\AppData\Roaming\npm;C:\Users\felli\AppData\Local\Programs\Antigravity\bin;C:\ghcup\bin
USERNAME=felli
OS=Windows_NT
PROCESSOR_IDENTIFIER=AMD64 Family 25 Model 80 Stepping 0, AuthenticAMD
TMP=C:\Users\felli\AppData\Local\Temp
TEMP=C:\Users\felli\AppData\Local\Temp




Compilation memory statistics disabled.

Periodic native trim disabled

---------------  S Y S T E M  ---------------

OS:
 Windows 10 , 64 bit Build 19041 (10.0.19041.5915)
OS uptime: 0 days 1:54 hours
Hyper-V role detected

CPU: total 12 (initial active 12) (12 cores per cpu, 2 threads per core) family 25 model 80 stepping 0 microcode 0x0, cx8, cmov, fxsr, ht, mmx, 3dnowpref, sse, sse2, sse3, ssse3, sse4a, sse4.1, sse4.2, popcnt, lzcnt, tsc, tscinvbit, avx, avx2, aes, erms, clmul, bmi1, bmi2, adx, sha, fma, vzeroupper, clflush, clflushopt, clwb, hv, rdtscp, rdpid, fsrm, f16c, cet_ss
Processor Information for the first 12 processors :
  Max Mhz: 3600, Current Mhz: 3600, Mhz Limit: 3600

Memory: 4k page, system-wide physical 16255M (1230M free)
TotalPageFile size 24447M (AvailPageFile size 5M)
current process WorkingSet (physical memory assigned to process): 213M, peak: 213M
current process commit charge ("private bytes"): 227M, peak: 228M

vm_info: OpenJDK 64-Bit Server VM (25.0.2+10-LTS) for windows-amd64 JRE (25.0.2+10-LTS), built on 2026-01-20T00:00:00Z with MS VC++ 17.12 (VS2022)

END.
