
  .   ____          _            __ _ _
 /\\ / ___'_ __ _ _(_)_ __  __ _ \ \ \ \
( ( )\___ | '_ | '_| | '_ \/ _` | \ \ \ \
 \\/  ___)| |_)| | | | | || (_| |  ) ) ) )
  '  |____| .__|_| |_|_| |_\__, | / / / /
 =========|_|==============|___/=/_/_/_/

 :: Spring Boot ::                (v4.0.5)

2026-04-25T23:24:36.768-03:00  INFO 20552 --- [arbor] [  restartedMain] com.example.arbor.ArborApplication       : Starting ArborApplication using Java 25.0.2 with PID 20552 (C:\Users\felli\Desktop\arbor\target\classes started by felli in C:\Users\felli\Desktop\arbor)
2026-04-25T23:24:36.771-03:00  INFO 20552 --- [arbor] [  restartedMain] com.example.arbor.ArborApplication       : No active profile set, falling back to 1 default profile: "default"
2026-04-25T23:24:36.824-03:00  INFO 20552 --- [arbor] [  restartedMain] .e.DevToolsPropertyDefaultsPostProcessor : Devtools property defaults active! Set 'spring.devtools.add-properties' to 'false' to disable
2026-04-25T23:24:36.825-03:00  INFO 20552 --- [arbor] [  restartedMain] .e.DevToolsPropertyDefaultsPostProcessor : For additional web related logging consider setting the 'logging.level.web' property to 'DEBUG'
2026-04-25T23:24:37.733-03:00  INFO 20552 --- [arbor] [  restartedMain] .s.d.r.c.RepositoryConfigurationDelegate : Bootstrapping Spring Data JPA repositories in DEFAULT mode.
2026-04-25T23:24:37.786-03:00  INFO 20552 --- [arbor] [  restartedMain] .s.d.r.c.RepositoryConfigurationDelegate : Finished Spring Data repository scanning in 44 ms. Found 2 JPA repository interfaces.
2026-04-25T23:24:38.461-03:00  INFO 20552 --- [arbor] [  restartedMain] o.s.boot.tomcat.TomcatWebServer          : Tomcat initialized with port 8080 (http)
2026-04-25T23:24:38.483-03:00  INFO 20552 --- [arbor] [  restartedMain] o.apache.catalina.core.StandardService   : Starting service [Tomcat]
2026-04-25T23:24:38.484-03:00  INFO 20552 --- [arbor] [  restartedMain] o.apache.catalina.core.StandardEngine    : Starting Servlet engine: [Apache Tomcat/11.0.20]
2026-04-25T23:24:38.534-03:00  INFO 20552 --- [arbor] [  restartedMain] b.w.c.s.WebApplicationContextInitializer : Root WebApplicationContext: initialization completed in 1709 ms
2026-04-25T23:24:38.753-03:00  INFO 20552 --- [arbor] [  restartedMain] org.hibernate.orm.jpa                    : HHH008540: Processing PersistenceUnitInfo [name: default]
2026-04-25T23:24:38.808-03:00  INFO 20552 --- [arbor] [  restartedMain] org.hibernate.orm.core                   : HHH000001: Hibernate ORM core version 7.2.7.Final
2026-04-25T23:24:38.819-03:00  INFO 20552 --- [arbor] [  restartedMain] o.h.spatial.integration.SpatialService   : HHH80000001: Hibernate Spatial integration enabled: true
2026-04-25T23:24:39.153-03:00  INFO 20552 --- [arbor] [  restartedMain] com.zaxxer.hikari.HikariDataSource       : HikariPool-1 - Starting...
2026-04-25T23:24:39.295-03:00  INFO 20552 --- [arbor] [  restartedMain] com.zaxxer.hikari.pool.HikariPool        : HikariPool-1 - Added connection org.postgresql.jdbc.PgConnection@23cff65b
2026-04-25T23:24:39.297-03:00  INFO 20552 --- [arbor] [  restartedMain] com.zaxxer.hikari.HikariDataSource       : HikariPool-1 - Start completed.
2026-04-25T23:24:39.355-03:00  INFO 20552 --- [arbor] [  restartedMain] org.hibernate.orm.connections.pooling    : HHH10001005: Database info:
	Database JDBC URL [jdbc:postgresql://localhost:5432/arbor_db]
	Database driver: PostgreSQL JDBC Driver
	Database dialect: PostgreSQLDialect
	Database version: 15.4
	Default catalog/schema: arbor_db/public
	Autocommit mode: undefined/unknown
	Isolation level: READ_COMMITTED [default READ_COMMITTED]
	JDBC fetch size: none
	Pool: DataSourceConnectionProvider
	Minimum pool size: undefined/unknown
	Maximum pool size: undefined/unknown
2026-04-25T23:24:39.560-03:00  INFO 20552 --- [arbor] [  restartedMain] o.s.o.j.p.SpringPersistenceUnitInfo      : No LoadTimeWeaver setup: ignoring JPA class transformer
2026-04-25T23:24:40.502-03:00  INFO 20552 --- [arbor] [  restartedMain] org.hibernate.orm.core                   : HHH000489: No JTA platform available (set 'hibernate.transaction.jta.platform' to enable JTA platform integration)
2026-04-25T23:24:40.564-03:00  INFO 20552 --- [arbor] [  restartedMain] j.LocalContainerEntityManagerFactoryBean : Initialized JPA EntityManagerFactory for persistence unit 'default'
2026-04-25T23:24:40.644-03:00  INFO 20552 --- [arbor] [  restartedMain] o.s.d.j.r.query.QueryEnhancerFactories   : Hibernate is in classpath; If applicable, HQL parser will be used.
2026-04-25T23:24:40.983-03:00  INFO 20552 --- [arbor] [  restartedMain] eAuthenticationProviderManagerConfigurer : Global AuthenticationManager configured with AuthenticationProvider bean with name authenticationProvider
2026-04-25T23:24:40.984-03:00  WARN 20552 --- [arbor] [  restartedMain] r$InitializeUserDetailsManagerConfigurer : Global AuthenticationManager configured with an AuthenticationProvider bean. UserDetailsService beans will not be used by Spring Security for automatically configuring username/password login. Consider removing the AuthenticationProvider bean. Alternatively, consider using the UserDetailsService in a manually instantiated DaoAuthenticationProvider. If the current configuration is intentional, to turn off this warning, increase the logging level of 'org.springframework.security.config.annotation.authentication.configuration.InitializeUserDetailsBeanManagerConfigurer' to ERROR
2026-04-25T23:24:41.871-03:00  INFO 20552 --- [arbor] [  restartedMain] o.s.b.a.e.web.EndpointLinksResolver      : Exposing 1 endpoint beneath base path '/actuator'
2026-04-25T23:24:41.946-03:00  WARN 20552 --- [arbor] [  restartedMain] ConfigServletWebServerApplicationContext : Exception encountered during context initialization - cancelling refresh attempt: org.springframework.context.ApplicationContextException: Failed to start bean 'webServerStartStop'
2026-04-25T23:24:41.950-03:00  INFO 20552 --- [arbor] [  restartedMain] j.LocalContainerEntityManagerFactoryBean : Closing JPA EntityManagerFactory for persistence unit 'default'
2026-04-25T23:24:41.954-03:00  INFO 20552 --- [arbor] [  restartedMain] com.zaxxer.hikari.HikariDataSource       : HikariPool-1 - Shutdown initiated...
2026-04-25T23:24:41.958-03:00  INFO 20552 --- [arbor] [  restartedMain] com.zaxxer.hikari.HikariDataSource       : HikariPool-1 - Shutdown completed.
2026-04-25T23:24:41.971-03:00  INFO 20552 --- [arbor] [  restartedMain] .s.b.a.l.ConditionEvaluationReportLogger : 

Error starting ApplicationContext. To display the condition evaluation report re-run your application with 'debug' enabled.
2026-04-25T23:24:41.985-03:00 ERROR 20552 --- [arbor] [  restartedMain] o.s.b.d.LoggingFailureAnalysisReporter   : 

***************************
APPLICATION FAILED TO START
***************************

Description:

Web server failed to start. Port 8080 was already in use.

Action:

Identify and stop the process that's listening on port 8080 or configure this application to listen on another port.

